Archive member included to satisfy reference by file (symbol)

c:/gmd/toolchain/arm_toolchain/bin/../lib/gcc/arm-none-eabi/8.3.1/thumb/v6-m/nofp\libgcc.a(_udivsi3.o)
                              ./PERIPHERAL/src/GOWIN_M1_i2c.o (__aeabi_uidiv)
c:/gmd/toolchain/arm_toolchain/bin/../lib/gcc/arm-none-eabi/8.3.1/thumb/v6-m/nofp\libgcc.a(_dvmd_tls.o)
                              c:/gmd/toolchain/arm_toolchain/bin/../lib/gcc/arm-none-eabi/8.3.1/thumb/v6-m/nofp\libgcc.a(_udivsi3.o) (__aeabi_idiv0)
c:/gmd/toolchain/arm_toolchain/bin/../lib/gcc/arm-none-eabi/8.3.1/thumb/v6-m/nofp\libgcc.a(unwind-arm.o)
                              ./STARTUP/startup_GOWIN_M1.o (__aeabi_unwind_cpp_pr0)
c:/gmd/toolchain/arm_toolchain/bin/../lib/gcc/arm-none-eabi/8.3.1/thumb/v6-m/nofp\libgcc.a(libunwind.o)
                              c:/gmd/toolchain/arm_toolchain/bin/../lib/gcc/arm-none-eabi/8.3.1/thumb/v6-m/nofp\libgcc.a(unwind-arm.o) (restore_core_regs)
c:/gmd/toolchain/arm_toolchain/bin/../lib/gcc/arm-none-eabi/8.3.1/thumb/v6-m/nofp\libgcc.a(pr-support.o)
                              c:/gmd/toolchain/arm_toolchain/bin/../lib/gcc/arm-none-eabi/8.3.1/thumb/v6-m/nofp\libgcc.a(unwind-arm.o) (__gnu_unwind_execute)
c:/gmd/toolchain/arm_toolchain/bin/../lib/gcc/arm-none-eabi/8.3.1/../../../../arm-none-eabi/lib/thumb/v6-m/nofp\libg_nano.a(lib_a-abort.o)
                              c:/gmd/toolchain/arm_toolchain/bin/../lib/gcc/arm-none-eabi/8.3.1/thumb/v6-m/nofp\libgcc.a(unwind-arm.o) (abort)
c:/gmd/toolchain/arm_toolchain/bin/../lib/gcc/arm-none-eabi/8.3.1/../../../../arm-none-eabi/lib/thumb/v6-m/nofp\libg_nano.a(lib_a-exit.o)
                              c:/gmd/toolchain/arm_toolchain/bin/../lib/gcc/arm-none-eabi/8.3.1/../../../../arm-none-eabi/lib/thumb/v6-m/nofp/crt0.o (exit)
c:/gmd/toolchain/arm_toolchain/bin/../lib/gcc/arm-none-eabi/8.3.1/../../../../arm-none-eabi/lib/thumb/v6-m/nofp\libg_nano.a(lib_a-impure.o)
                              c:/gmd/toolchain/arm_toolchain/bin/../lib/gcc/arm-none-eabi/8.3.1/../../../../arm-none-eabi/lib/thumb/v6-m/nofp\libg_nano.a(lib_a-exit.o) (_global_impure_ptr)
c:/gmd/toolchain/arm_toolchain/bin/../lib/gcc/arm-none-eabi/8.3.1/../../../../arm-none-eabi/lib/thumb/v6-m/nofp\libg_nano.a(lib_a-init.o)
                              c:/gmd/toolchain/arm_toolchain/bin/../lib/gcc/arm-none-eabi/8.3.1/../../../../arm-none-eabi/lib/thumb/v6-m/nofp/crt0.o (__libc_init_array)
c:/gmd/toolchain/arm_toolchain/bin/../lib/gcc/arm-none-eabi/8.3.1/../../../../arm-none-eabi/lib/thumb/v6-m/nofp\libg_nano.a(lib_a-itoa.o)
                              ./USER/main.o (itoa)
c:/gmd/toolchain/arm_toolchain/bin/../lib/gcc/arm-none-eabi/8.3.1/../../../../arm-none-eabi/lib/thumb/v6-m/nofp\libg_nano.a(lib_a-memcpy-stub.o)
                              c:/gmd/toolchain/arm_toolchain/bin/../lib/gcc/arm-none-eabi/8.3.1/thumb/v6-m/nofp\libgcc.a(unwind-arm.o) (memcpy)
c:/gmd/toolchain/arm_toolchain/bin/../lib/gcc/arm-none-eabi/8.3.1/../../../../arm-none-eabi/lib/thumb/v6-m/nofp\libg_nano.a(lib_a-memset.o)
                              c:/gmd/toolchain/arm_toolchain/bin/../lib/gcc/arm-none-eabi/8.3.1/../../../../arm-none-eabi/lib/thumb/v6-m/nofp/crt0.o (memset)
c:/gmd/toolchain/arm_toolchain/bin/../lib/gcc/arm-none-eabi/8.3.1/../../../../arm-none-eabi/lib/thumb/v6-m/nofp\libg_nano.a(lib_a-puts.o)
                              ./USER/main.o (puts)
c:/gmd/toolchain/arm_toolchain/bin/../lib/gcc/arm-none-eabi/8.3.1/../../../../arm-none-eabi/lib/thumb/v6-m/nofp\libg_nano.a(lib_a-signal.o)
                              c:/gmd/toolchain/arm_toolchain/bin/../lib/gcc/arm-none-eabi/8.3.1/../../../../arm-none-eabi/lib/thumb/v6-m/nofp\libg_nano.a(lib_a-abort.o) (raise)
c:/gmd/toolchain/arm_toolchain/bin/../lib/gcc/arm-none-eabi/8.3.1/../../../../arm-none-eabi/lib/thumb/v6-m/nofp\libg_nano.a(lib_a-signalr.o)
                              c:/gmd/toolchain/arm_toolchain/bin/../lib/gcc/arm-none-eabi/8.3.1/../../../../arm-none-eabi/lib/thumb/v6-m/nofp\libg_nano.a(lib_a-signal.o) (_kill_r)
c:/gmd/toolchain/arm_toolchain/bin/../lib/gcc/arm-none-eabi/8.3.1/../../../../arm-none-eabi/lib/thumb/v6-m/nofp\libg_nano.a(lib_a-strcpy.o)
                              ./USER/main.o (strcpy)
c:/gmd/toolchain/arm_toolchain/bin/../lib/gcc/arm-none-eabi/8.3.1/../../../../arm-none-eabi/lib/thumb/v6-m/nofp\libg_nano.a(lib_a-strlen.o)
                              ./USER/main.o (strlen)
c:/gmd/toolchain/arm_toolchain/bin/../lib/gcc/arm-none-eabi/8.3.1/../../../../arm-none-eabi/lib/thumb/v6-m/nofp\libg_nano.a(lib_a-strncmp.o)
                              ./USER/main.o (strncmp)
c:/gmd/toolchain/arm_toolchain/bin/../lib/gcc/arm-none-eabi/8.3.1/../../../../arm-none-eabi/lib/thumb/v6-m/nofp\libg_nano.a(lib_a-utoa.o)
                              c:/gmd/toolchain/arm_toolchain/bin/../lib/gcc/arm-none-eabi/8.3.1/../../../../arm-none-eabi/lib/thumb/v6-m/nofp\libg_nano.a(lib_a-itoa.o) (__utoa)
[...]
Memory Configuration

Name             Origin             Length             Attributes
FLASH            0x00000000         0x00010000         xr
RAM              0x20000000         0x00002000         xrw
*default*        0x00000000         0xffffffff

Linker script and memory map

LOAD c:/gmd/toolchain/arm_toolchain/bin/../lib/gcc/arm-none-eabi/8.3.1/thumb/v6-m/nofp/crti.o
LOAD c:/gmd/toolchain/arm_toolchain/bin/../lib/gcc/arm-none-eabi/8.3.1/thumb/v6-m/nofp/crtbegin.o
LOAD c:/gmd/toolchain/arm_toolchain/bin/../lib/gcc/arm-none-eabi/8.3.1/../../../../arm-none-eabi/lib/thumb/v6-m/nofp/crt0.o
LOAD ./USER/GOWIN_M1_it.o
LOAD ./USER/main.o
LOAD ./SYSTEM/system_GOWIN_M1.o
LOAD ./STARTUP/startup_GOWIN_M1.o
LOAD ./PERIPHERAL/src/GOWIN_M1_can.o
LOAD ./PERIPHERAL/src/GOWIN_M1_ddr3.o
LOAD ./PERIPHERAL/src/GOWIN_M1_dualtimer.o
LOAD ./PERIPHERAL/src/GOWIN_M1_ethernet.o
LOAD ./PERIPHERAL/src/GOWIN_M1_gpio.o
LOAD ./PERIPHERAL/src/GOWIN_M1_i2c.o
LOAD ./PERIPHERAL/src/GOWIN_M1_misc.o
LOAD ./PERIPHERAL/src/GOWIN_M1_psram.o
LOAD ./PERIPHERAL/src/GOWIN_M1_rtc.o
LOAD ./PERIPHERAL/src/GOWIN_M1_sdcard.o
LOAD ./PERIPHERAL/src/GOWIN_M1_spi.o
LOAD ./PERIPHERAL/src/GOWIN_M1_spi_flash.o
LOAD ./PERIPHERAL/src/GOWIN_M1_timer.o
LOAD ./PERIPHERAL/src/GOWIN_M1_trng.o
LOAD ./PERIPHERAL/src/GOWIN_M1_uart.o
LOAD ./PERIPHERAL/src/GOWIN_M1_wdog.o
LOAD ./FAT/ff.o
LOAD ./FAT/ffunicode.o
LOAD ./FAT/sdmm.o
START GROUP
LOAD c:/gmd/toolchain/arm_toolchain/bin/../lib/gcc/arm-none-eabi/8.3.1/thumb/v6-m/nofp\libgcc.a
LOAD c:/gmd/toolchain/arm_toolchain/bin/../lib/gcc/arm-none-eabi/8.3.1/../../../../arm-none-eabi/lib/thumb/v6-m/nofp\libg_nano.a
LOAD c:/gmd/toolchain/arm_toolchain/bin/../lib/gcc/arm-none-eabi/8.3.1/../../../../arm-none-eabi/lib/thumb/v6-m/nofp\libc_nano.a
END GROUP
START GROUP
LOAD c:/gmd/toolchain/arm_toolchain/bin/../lib/gcc/arm-none-eabi/8.3.1/thumb/v6-m/nofp\libgcc.a
LOAD c:/gmd/toolchain/arm_toolchain/bin/../lib/gcc/arm-none-eabi/8.3.1/../../../../arm-none-eabi/lib/thumb/v6-m/nofp\libc_nano.a
END GROUP
LOAD c:/gmd/toolchain/arm_toolchain/bin/../lib/gcc/arm-none-eabi/8.3.1/thumb/v6-m/nofp/crtend.o
LOAD c:/gmd/toolchain/arm_toolchain/bin/../lib/gcc/arm-none-eabi/8.3.1/thumb/v6-m/nofp/crtn.o
START GROUP
LOAD c:/gmd/toolchain/arm_toolchain/bin/../lib/gcc/arm-none-eabi/8.3.1/thumb/v6-m/nofp\libgcc.a
LOAD c:/gmd/toolchain/arm_toolchain/bin/../lib/gcc/arm-none-eabi/8.3.1/../../../../arm-none-eabi/lib/thumb/v6-m/nofp\libc.a
LOAD c:/gmd/toolchain/arm_toolchain/bin/../lib/gcc/arm-none-eabi/8.3.1/../../../../arm-none-eabi/lib/thumb/v6-m/nofp\libm.a
LOAD c:/gmd/toolchain/arm_toolchain/bin/../lib/gcc/arm-none-eabi/8.3.1/../../../../arm-none-eabi/lib/thumb/v6-m/nofp\libnosys.a
END GROUP

.text           0x00000000     0x5368
 *(.vectors)
 .vectors       0x00000000       0xc0 ./STARTUP/startup_GOWIN_M1.o
                0x00000000                __Vectors
                0x000000c0                __Vectors_End
 *(.text*)
 .text          0x000000c0       0x48 c:/gmd/toolchain/arm_toolchain/bin/../lib/gcc/arm-none-eabi/8.3.1/thumb/v6-m/nofp/crtbegin.o
 .text          0x00000108       0x78 c:/gmd/toolchain/arm_toolchain/bin/../lib/gcc/arm-none-eabi/8.3.1/../../../../arm-none-eabi/lib/thumb/v6-m/nofp/crt0.o
                0x00000108                _start
                0x00000108                _mainCRTStartup
 .text.NMI_Handler
                0x00000180        0x4 ./USER/GOWIN_M1_it.o
                0x00000180                NMI_Handler
 .text.HardFault_Handler
                0x00000184        0x4 ./USER/GOWIN_M1_it.o
                0x00000184                HardFault_Handler
 .text.SVC_Handler
                0x00000188        0x4 ./USER/GOWIN_M1_it.o
                0x00000188                SVC_Handler
 .text.PendSV_Handler
                0x0000018c        0x4 ./USER/GOWIN_M1_it.o
                0x0000018c                PendSV_Handler
 .text.SysTick_Handler
                0x00000190        0x4 ./USER/GOWIN_M1_it.o
                0x00000190                SysTick_Handler
 .text.UART0_Handler
                0x00000194        0x4 ./USER/GOWIN_M1_it.o
                0x00000194                UART0_Handler
 .text.UART1_Handler
                0x00000198        0x4 ./USER/GOWIN_M1_it.o
                0x00000198                UART1_Handler
 .text.TIMER0_Handler
                0x0000019c        0x4 ./USER/GOWIN_M1_it.o
                0x0000019c                TIMER0_Handler
 .text.TIMER1_Handler
                0x000001a0        0x4 ./USER/GOWIN_M1_it.o
                0x000001a0                TIMER1_Handler
 .text.GPIO0_Handler
                0x000001a4        0x4 ./USER/GOWIN_M1_it.o
                0x000001a4                GPIO0_Handler
 .text.RTC_Handler
                0x000001a8        0x4 ./USER/GOWIN_M1_it.o
                0x000001a8                RTC_Handler
 .text.I2C_Handler
                0x000001ac        0x4 ./USER/GOWIN_M1_it.o
                0x000001ac                I2C_Handler
 .text.CAN_Handler
                0x000001b0        0x4 ./USER/GOWIN_M1_it.o
                0x000001b0                CAN_Handler
 .text.ENT_Handler
                0x000001b4        0x4 ./USER/GOWIN_M1_it.o
                0x000001b4                ENT_Handler
 .text.DTimer_Handler
                0x000001b8        0x4 ./USER/GOWIN_M1_it.o
                0x000001b8                DTimer_Handler
 .text.TRNG_Handler
                0x000001bc        0x4 ./USER/GOWIN_M1_it.o
                0x000001bc                TRNG_Handler
 .text.GPIO0_0_Handler
                0x000001c0        0x4 ./USER/GOWIN_M1_it.o
                0x000001c0                GPIO0_0_Handler
 .text.GPIO0_1_Handler
                0x000001c4        0x4 ./USER/GOWIN_M1_it.o
                0x000001c4                GPIO0_1_Handler
 .text.GPIO0_2_Handler
                0x000001c8        0x4 ./USER/GOWIN_M1_it.o
                0x000001c8                GPIO0_2_Handler
 .text.GPIO0_3_Handler
                0x000001cc        0x4 ./USER/GOWIN_M1_it.o
                0x000001cc                GPIO0_3_Handler
 .text.GPIO0_4_Handler
                0x000001d0        0x4 ./USER/GOWIN_M1_it.o
                0x000001d0                GPIO0_4_Handler
 .text.GPIO0_5_Handler
                0x000001d4        0x4 ./USER/GOWIN_M1_it.o
                0x000001d4                GPIO0_5_Handler
 .text.GPIO0_6_Handler
                0x000001d8        0x4 ./USER/GOWIN_M1_it.o
                0x000001d8                GPIO0_6_Handler
 .text.GPIO0_7_Handler
                0x000001dc        0x4 ./USER/GOWIN_M1_it.o
                0x000001dc                GPIO0_7_Handler
 .text.GPIO0_8_Handler
                0x000001e0        0x4 ./USER/GOWIN_M1_it.o
                0x000001e0                GPIO0_8_Handler
 .text.GPIO0_9_Handler
                0x000001e4        0x4 ./USER/GOWIN_M1_it.o
                0x000001e4                GPIO0_9_Handler
 .text.GPIO0_10_Handler
                0x000001e8        0x4 ./USER/GOWIN_M1_it.o
                0x000001e8                GPIO0_10_Handler
 .text.GPIO0_11_Handler
                0x000001ec        0x4 ./USER/GOWIN_M1_it.o
                0x000001ec                GPIO0_11_Handler
 .text.GPIO0_12_Handler
                0x000001f0        0x4 ./USER/GOWIN_M1_it.o
                0x000001f0                GPIO0_12_Handler
 .text.GPIO0_13_Handler
                0x000001f4        0x4 ./USER/GOWIN_M1_it.o
                0x000001f4                GPIO0_13_Handler
 .text.GPIO0_14_Handler
                0x000001f8        0x4 ./USER/GOWIN_M1_it.o
                0x000001f8                GPIO0_14_Handler
 .text.GPIO0_15_Handler
                0x000001fc        0x4 ./USER/GOWIN_M1_it.o
                0x000001fc                GPIO0_15_Handler
 .text._write   0x00000200       0x24 ./USER/main.o
                0x00000200                _write
 .text.UartInit
                0x00000224       0x28 ./USER/main.o
                0x00000224                UartInit
 .text.scan_files
                0x0000024c       0xe0 ./USER/main.o
                0x0000024c                scan_files
 .text.TVC_CPU_Reset
                0x0000032c       0x2c ./USER/main.o
                0x0000032c                TVC_CPU_Reset
 .text.TVC_Write
                0x00000358       0x44 ./USER/main.o
                0x00000358                TVC_Write
 .text.TVC_SendFile
                0x0000039c      0x114 ./USER/main.o
                0x0000039c                TVC_SendFile
 .text.ProcessCommand
                0x000004b0       0xa4 ./USER/main.o
                0x000004b0                ProcessCommand
 .text.startup.main
                0x00000554       0xc0 ./USER/main.o
                0x00000554                main
 .text.SystemInit
                0x00000614       0x10 ./SYSTEM/system_GOWIN_M1.o
                0x00000614                SystemInit
 .text          0x00000624       0x40 ./STARTUP/startup_GOWIN_M1.o
                0x00000624                Reset_Handler
                0x0000064e                Default_Handler
                0x0000064e                Interrupt10_Handler
                0x0000064e                Interrupt14_Handler
                0x0000064e                Interrupt13_Handler
                0x0000064e                Interrupt15_Handler
                0x0000064e                UARTOVF_Handler
 .text.SPI_Init
                0x00000664       0x34 ./PERIPHERAL/src/GOWIN_M1_spi.o
                0x00000664                SPI_Init
 .text.SPI_ReadWriteByte
                0x00000698       0x20 ./PERIPHERAL/src/GOWIN_M1_spi.o
                0x00000698                SPI_ReadWriteByte
 .text.SPI_Select_Slave
                0x000006b8        0xc ./PERIPHERAL/src/GOWIN_M1_spi.o
                0x000006b8                SPI_Select_Slave
 .text.UART_Init
                0x000006c4       0x78 ./PERIPHERAL/src/GOWIN_M1_uart.o
                0x000006c4                UART_Init
 .text.UART_GetRxBufferFull
                0x0000073c        0x8 ./PERIPHERAL/src/GOWIN_M1_uart.o
                0x0000073c                UART_GetRxBufferFull
 .text.UART_SendChar
                0x00000744        0xc ./PERIPHERAL/src/GOWIN_M1_uart.o
                0x00000744                UART_SendChar
 .text.UART_SendString
                0x00000750       0x20 ./PERIPHERAL/src/GOWIN_M1_uart.o
                0x00000750                UART_SendString
 .text.UART_ReceiveChar
                0x00000770       0x10 ./PERIPHERAL/src/GOWIN_M1_uart.o
                0x00000770                UART_ReceiveChar
 .text.get_ldnumber
                0x00000780       0x44 ./FAT/ff.o
 .text.validate
                0x000007c4       0x38 ./FAT/ff.o
 .text.tchar2uni
                0x000007fc       0x28 ./FAT/ff.o
 .text.mem_cpy.part.0
                0x00000824       0x10 ./FAT/ff.o
 .text.sync_window.part.5
                0x00000834       0x44 ./FAT/ff.o
 .text.dir_clear
                0x00000878       0x78 ./FAT/ff.o
 .text.sync_fs  0x000008f0       0xf4 ./FAT/ff.o
 .text.move_window.part.6
                0x000009e4       0x34 ./FAT/ff.o
 .text.check_fs
                0x00000a18       0x9c ./FAT/ff.o
 .text.find_volume
                0x00000ab4      0x3e4 ./FAT/ff.o
 .text.put_fat.part.8
                0x00000e98      0x140 ./FAT/ff.o
 .text.get_fat.isra.9
                0x00000fd8       0xec ./FAT/ff.o
 .text.dir_sdi  0x000010c4       0xa4 ./FAT/ff.o
 .text.create_chain
                0x00001168      0x110 ./FAT/ff.o
 .text.remove_chain
                0x00001278       0x98 ./FAT/ff.o
 .text.dir_next
                0x00001310       0xdc ./FAT/ff.o
 .text.dir_alloc
                0x000013ec       0x64 ./FAT/ff.o
 .text.dir_read
                0x00001450      0x168 ./FAT/ff.o
 .text.dir_find
                0x000015b8      0x1d4 ./FAT/ff.o
 .text.follow_path
                0x0000178c      0x40c ./FAT/ff.o
 .text.dir_register
                0x00001b98      0x2fc ./FAT/ff.o
 .text.get_fileinfo
                0x00001e94      0x1c0 ./FAT/ff.o
 .text.f_mount  0x00002054       0x50 ./FAT/ff.o
                0x00002054                f_mount
 .text.f_open   0x000020a4      0x24c ./FAT/ff.o
                0x000020a4                f_open
 .text.f_read   0x000022f0      0x19c ./FAT/ff.o
                0x000022f0                f_read
 .text.f_sync   0x0000248c       0xb0 ./FAT/ff.o
                0x0000248c                f_sync
 .text.f_close  0x0000253c       0x24 ./FAT/ff.o
                0x0000253c                f_close
 .text.f_chdir  0x00002560       0x78 ./FAT/ff.o
                0x00002560                f_chdir
 .text.f_getcwd
                0x000025d8      0x178 ./FAT/ff.o
                0x000025d8                f_getcwd
 .text.f_lseek  0x00002750      0x178 ./FAT/ff.o
                0x00002750                f_lseek
 .text.f_opendir
                0x000028c8       0x88 ./FAT/ff.o
                0x000028c8                f_opendir
 .text.f_closedir
                0x00002950       0x18 ./FAT/ff.o
                0x00002950                f_closedir
 .text.f_readdir
                0x00002968       0x48 ./FAT/ff.o
                0x00002968                f_readdir
 .text.ff_uni2oem
                0x000029b0       0x44 ./FAT/ffunicode.o
                0x000029b0                ff_uni2oem
 .text.ff_oem2uni
                0x000029f4       0x2c ./FAT/ffunicode.o
                0x000029f4                ff_oem2uni
 .text.ff_wtoupper
                0x00002a20       0xc4 ./FAT/ffunicode.o
                0x00002a20                ff_wtoupper
 .text.wait_ready
                0x00002ae4       0x34 ./FAT/sdmm.o
 .text.rcvr_datablock
                0x00002b18       0x54 ./FAT/sdmm.o
 .text._select  0x00002b6c       0x2c ./FAT/sdmm.o
 .text.send_cmd
                0x00002b98       0xec ./FAT/sdmm.o
 .text.xmit_datablock
                0x00002c84       0x50 ./FAT/sdmm.o
 .text.SPIxInit
                0x00002cd4       0x14 ./FAT/sdmm.o
                0x00002cd4                SPIxInit
 .text.dly_us   0x00002ce8       0x14 ./FAT/sdmm.o
                0x00002ce8                dly_us
 .text.disk_status
                0x00002cfc       0x14 ./FAT/sdmm.o
                0x00002cfc                disk_status
 .text.disk_initialize
                0x00002d10      0x190 ./FAT/sdmm.o
                0x00002d10                disk_initialize
 .text.disk_read
                0x00002ea0       0x84 ./FAT/sdmm.o
                0x00002ea0                disk_read
 .text.disk_write
                0x00002f24       0xb8 ./FAT/sdmm.o
                0x00002f24                disk_write
 .text.disk_ioctl
                0x00002fdc       0xc8 ./FAT/sdmm.o
                0x00002fdc                disk_ioctl
 .text          0x000030a4      0x114 c:/gmd/toolchain/arm_toolchain/bin/../lib/gcc/arm-none-eabi/8.3.1/thumb/v6-m/nofp\libgcc.a(_udivsi3.o)
                0x000030a4                __aeabi_uidiv
                0x000030a4                __udivsi3
                0x000031b0                __aeabi_uidivmod
 .text          0x000031b8        0x4 c:/gmd/toolchain/arm_toolchain/bin/../lib/gcc/arm-none-eabi/8.3.1/thumb/v6-m/nofp\libgcc.a(_dvmd_tls.o)
                0x000031b8                __aeabi_idiv0
                0x000031b8                __aeabi_ldiv0
 .text          0x000031bc      0xa44 c:/gmd/toolchain/arm_toolchain/bin/../lib/gcc/arm-none-eabi/8.3.1/thumb/v6-m/nofp\libgcc.a(unwind-arm.o)
                0x00003488                _Unwind_GetCFA
                0x0000348c                __gnu_Unwind_RaiseException
                0x000034e0                __gnu_Unwind_ForcedUnwind
                0x000034f4                __gnu_Unwind_Resume
                0x0000353c                __gnu_Unwind_Resume_or_Rethrow
                0x00003558                _Unwind_Complete
                0x0000355c                _Unwind_DeleteException
                0x0000356c                _Unwind_VRS_Get
                0x000035bc                _Unwind_VRS_Set
                0x0000360c                __gnu_Unwind_Backtrace
                0x0000396c                __aeabi_unwind_cpp_pr0
                0x00003978                __aeabi_unwind_cpp_pr1
                0x00003984                __aeabi_unwind_cpp_pr2
                0x00003990                _Unwind_VRS_Pop
 .text          0x00003c00      0x144 c:/gmd/toolchain/arm_toolchain/bin/../lib/gcc/arm-none-eabi/8.3.1/thumb/v6-m/nofp\libgcc.a(libunwind.o)
                0x00003c00                __restore_core_regs
                0x00003c00                restore_core_regs
                0x00003c2c                __gnu_Unwind_Restore_VFP
                0x00003c30                __gnu_Unwind_Save_VFP
                0x00003c34                __gnu_Unwind_Restore_VFP_D
                0x00003c38                __gnu_Unwind_Save_VFP_D
                0x00003c3c                __gnu_Unwind_Restore_VFP_D_16_to_31
                0x00003c40                __gnu_Unwind_Save_VFP_D_16_to_31
                0x00003c44                __gnu_Unwind_Restore_WMMXD
                0x00003c48                __gnu_Unwind_Save_WMMXD
                0x00003c4c                __gnu_Unwind_Restore_WMMXC
                0x00003c50                __gnu_Unwind_Save_WMMXC
                0x00003c54                ___Unwind_RaiseException
                0x00003c54                _Unwind_RaiseException
                0x00003c84                _Unwind_Resume
                0x00003c84                ___Unwind_Resume
                0x00003cb4                _Unwind_Resume_or_Rethrow
                0x00003cb4                ___Unwind_Resume_or_Rethrow
                0x00003ce4                _Unwind_ForcedUnwind
                0x00003ce4                ___Unwind_ForcedUnwind
                0x00003d14                ___Unwind_Backtrace
                0x00003d14                _Unwind_Backtrace
 .text          0x00003d44      0x390 c:/gmd/toolchain/arm_toolchain/bin/../lib/gcc/arm-none-eabi/8.3.1/thumb/v6-m/nofp\libgcc.a(pr-support.o)
                0x00003d98                __gnu_unwind_execute
                0x0000408c                __gnu_unwind_frame
                0x000040b4                _Unwind_GetRegionStart
                0x000040c0                _Unwind_GetLanguageSpecificData
 .text.abort    0x000040d4        0xe c:/gmd/toolchain/arm_toolchain/bin/../lib/gcc/arm-none-eabi/8.3.1/../../../../arm-none-eabi/lib/thumb/v6-m/nofp\libg_nano.a(lib_a-abort.o)
                0x000040d4                abort
 *fill*         0x000040e2        0x2 
 .text.exit     0x000040e4       0x2c c:/gmd/toolchain/arm_toolchain/bin/../lib/gcc/arm-none-eabi/8.3.1/../../../../arm-none-eabi/lib/thumb/v6-m/nofp\libg_nano.a(lib_a-exit.o)
                0x000040e4                exit
 .text.__libc_init_array
                0x00004110       0x48 c:/gmd/toolchain/arm_toolchain/bin/../lib/gcc/arm-none-eabi/8.3.1/../../../../arm-none-eabi/lib/thumb/v6-m/nofp\libg_nano.a(lib_a-init.o)
                0x00004110                __libc_init_array
 .text.__itoa   0x00004158       0x30 c:/gmd/toolchain/arm_toolchain/bin/../lib/gcc/arm-none-eabi/8.3.1/../../../../arm-none-eabi/lib/thumb/v6-m/nofp\libg_nano.a(lib_a-itoa.o)
                0x00004158                __itoa
 .text.itoa     0x00004188        0x8 c:/gmd/toolchain/arm_toolchain/bin/../lib/gcc/arm-none-eabi/8.3.1/../../../../arm-none-eabi/lib/thumb/v6-m/nofp\libg_nano.a(lib_a-itoa.o)
                0x00004188                itoa
 .text.memcpy   0x00004190       0x12 c:/gmd/toolchain/arm_toolchain/bin/../lib/gcc/arm-none-eabi/8.3.1/../../../../arm-none-eabi/lib/thumb/v6-m/nofp\libg_nano.a(lib_a-memcpy-stub.o)
                0x00004190                memcpy
 .text.memset   0x000041a2       0x10 c:/gmd/toolchain/arm_toolchain/bin/../lib/gcc/arm-none-eabi/8.3.1/../../../../arm-none-eabi/lib/thumb/v6-m/nofp\libg_nano.a(lib_a-memset.o)
                0x000041a2                memset
 *fill*         0x000041b2        0x2 
 .text._puts_r  0x000041b4       0xe4 c:/gmd/toolchain/arm_toolchain/bin/../lib/gcc/arm-none-eabi/8.3.1/../../../../arm-none-eabi/lib/thumb/v6-m/nofp\libg_nano.a(lib_a-puts.o)
                0x000041b4                _puts_r
 .text.puts     0x00004298       0x14 c:/gmd/toolchain/arm_toolchain/bin/../lib/gcc/arm-none-eabi/8.3.1/../../../../arm-none-eabi/lib/thumb/v6-m/nofp\libg_nano.a(lib_a-puts.o)
                0x00004298                puts
 .text._raise_r
                0x000042ac       0x54 c:/gmd/toolchain/arm_toolchain/bin/../lib/gcc/arm-none-eabi/8.3.1/../../../../arm-none-eabi/lib/thumb/v6-m/nofp\libg_nano.a(lib_a-signal.o)
                0x000042ac                _raise_r
 .text.raise    0x00004300       0x14 c:/gmd/toolchain/arm_toolchain/bin/../lib/gcc/arm-none-eabi/8.3.1/../../../../arm-none-eabi/lib/thumb/v6-m/nofp\libg_nano.a(lib_a-signal.o)
                0x00004300                raise
 .text._kill_r  0x00004314       0x24 c:/gmd/toolchain/arm_toolchain/bin/../lib/gcc/arm-none-eabi/8.3.1/../../../../arm-none-eabi/lib/thumb/v6-m/nofp\libg_nano.a(lib_a-signalr.o)
                0x00004314                _kill_r
 .text._getpid_r
                0x00004338        0x8 c:/gmd/toolchain/arm_toolchain/bin/../lib/gcc/arm-none-eabi/8.3.1/../../../../arm-none-eabi/lib/thumb/v6-m/nofp\libg_nano.a(lib_a-signalr.o)
                0x00004338                _getpid_r
 .text.strcpy   0x00004340       0x10 c:/gmd/toolchain/arm_toolchain/bin/../lib/gcc/arm-none-eabi/8.3.1/../../../../arm-none-eabi/lib/thumb/v6-m/nofp\libg_nano.a(lib_a-strcpy.o)
                0x00004340                strcpy
 .text          0x00004350        0xe c:/gmd/toolchain/arm_toolchain/bin/../lib/gcc/arm-none-eabi/8.3.1/../../../../arm-none-eabi/lib/thumb/v6-m/nofp\libg_nano.a(lib_a-strlen.o)
                0x00004350                strlen
 .text.strncmp  0x0000435e       0x22 c:/gmd/toolchain/arm_toolchain/bin/../lib/gcc/arm-none-eabi/8.3.1/../../../../arm-none-eabi/lib/thumb/v6-m/nofp\libg_nano.a(lib_a-strncmp.o)
                0x0000435e                strncmp
 .text.__utoa   0x00004380       0x6c c:/gmd/toolchain/arm_toolchain/bin/../lib/gcc/arm-none-eabi/8.3.1/../../../../arm-none-eabi/lib/thumb/v6-m/nofp\libg_nano.a(lib_a-utoa.o)
                0x00004380                __utoa
 .text.__swbuf_r
                0x000043ec       0xac c:/gmd/toolchain/arm_toolchain/bin/../lib/gcc/arm-none-eabi/8.3.1/../../../../arm-none-eabi/lib/thumb/v6-m/nofp\libg_nano.a(lib_a-wbuf.o)
                0x000043ec                __swbuf_r
 .text.__swsetup_r
                0x00004498       0xec c:/gmd/toolchain/arm_toolchain/bin/../lib/gcc/arm-none-eabi/8.3.1/../../../../arm-none-eabi/lib/thumb/v6-m/nofp\libg_nano.a(lib_a-wsetup.o)
                0x00004498                __swsetup_r
 .text.__sflush_r
                0x00004584      0x114 c:/gmd/toolchain/arm_toolchain/bin/../lib/gcc/arm-none-eabi/8.3.1/../../../../arm-none-eabi/lib/thumb/v6-m/nofp\libg_nano.a(lib_a-fflush.o)
                0x00004584                __sflush_r
 .text._fflush_r
                0x00004698       0x80 c:/gmd/toolchain/arm_toolchain/bin/../lib/gcc/arm-none-eabi/8.3.1/../../../../arm-none-eabi/lib/thumb/v6-m/nofp\libg_nano.a(lib_a-fflush.o)
                0x00004698                _fflush_r
 .text.std      0x00004718       0x48 c:/gmd/toolchain/arm_toolchain/bin/../lib/gcc/arm-none-eabi/8.3.1/../../../../arm-none-eabi/lib/thumb/v6-m/nofp\libg_nano.a(lib_a-findfp.o)
 .text._cleanup_r
                0x00004760       0x10 c:/gmd/toolchain/arm_toolchain/bin/../lib/gcc/arm-none-eabi/8.3.1/../../../../arm-none-eabi/lib/thumb/v6-m/nofp\libg_nano.a(lib_a-findfp.o)
                0x00004760                _cleanup_r
 .text.__sfmoreglue
                0x00004770       0x2c c:/gmd/toolchain/arm_toolchain/bin/../lib/gcc/arm-none-eabi/8.3.1/../../../../arm-none-eabi/lib/thumb/v6-m/nofp\libg_nano.a(lib_a-findfp.o)
                0x00004770                __sfmoreglue
 .text.__sfp_lock_acquire
                0x0000479c       0x10 c:/gmd/toolchain/arm_toolchain/bin/../lib/gcc/arm-none-eabi/8.3.1/../../../../arm-none-eabi/lib/thumb/v6-m/nofp\libg_nano.a(lib_a-findfp.o)
                0x0000479c                __sfp_lock_acquire
 .text.__sfp_lock_release
                0x000047ac       0x10 c:/gmd/toolchain/arm_toolchain/bin/../lib/gcc/arm-none-eabi/8.3.1/../../../../arm-none-eabi/lib/thumb/v6-m/nofp\libg_nano.a(lib_a-findfp.o)
                0x000047ac                __sfp_lock_release
 .text.__sinit_lock_acquire
                0x000047bc       0x10 c:/gmd/toolchain/arm_toolchain/bin/../lib/gcc/arm-none-eabi/8.3.1/../../../../arm-none-eabi/lib/thumb/v6-m/nofp\libg_nano.a(lib_a-findfp.o)
                0x000047bc                __sinit_lock_acquire
 .text.__sinit_lock_release
                0x000047cc       0x10 c:/gmd/toolchain/arm_toolchain/bin/../lib/gcc/arm-none-eabi/8.3.1/../../../../arm-none-eabi/lib/thumb/v6-m/nofp\libg_nano.a(lib_a-findfp.o)
                0x000047cc                __sinit_lock_release
 .text.__sinit  0x000047dc       0x70 c:/gmd/toolchain/arm_toolchain/bin/../lib/gcc/arm-none-eabi/8.3.1/../../../../arm-none-eabi/lib/thumb/v6-m/nofp\libg_nano.a(lib_a-findfp.o)
                0x000047dc                __sinit
 .text.__sfp    0x0000484c       0x90 c:/gmd/toolchain/arm_toolchain/bin/../lib/gcc/arm-none-eabi/8.3.1/../../../../arm-none-eabi/lib/thumb/v6-m/nofp\libg_nano.a(lib_a-findfp.o)
                0x0000484c                __sfp
 .text._fwalk_reent
                0x000048dc       0x42 c:/gmd/toolchain/arm_toolchain/bin/../lib/gcc/arm-none-eabi/8.3.1/../../../../arm-none-eabi/lib/thumb/v6-m/nofp\libg_nano.a(lib_a-fwalk.o)
                0x000048dc                _fwalk_reent
 .text.__retarget_lock_init_recursive
                0x0000491e        0x2 c:/gmd/toolchain/arm_toolchain/bin/../lib/gcc/arm-none-eabi/8.3.1/../../../../arm-none-eabi/lib/thumb/v6-m/nofp\libg_nano.a(lib_a-lock.o)
                0x0000491e                __retarget_lock_init_recursive
 .text.__retarget_lock_acquire_recursive
                0x00004920        0x2 c:/gmd/toolchain/arm_toolchain/bin/../lib/gcc/arm-none-eabi/8.3.1/../../../../arm-none-eabi/lib/thumb/v6-m/nofp\libg_nano.a(lib_a-lock.o)
                0x00004920                __retarget_lock_acquire_recursive
 .text.__retarget_lock_release_recursive
                0x00004922        0x2 c:/gmd/toolchain/arm_toolchain/bin/../lib/gcc/arm-none-eabi/8.3.1/../../../../arm-none-eabi/lib/thumb/v6-m/nofp\libg_nano.a(lib_a-lock.o)
                0x00004922                __retarget_lock_release_recursive
 .text.__swhatbuf_r
                0x00004924       0x50 c:/gmd/toolchain/arm_toolchain/bin/../lib/gcc/arm-none-eabi/8.3.1/../../../../arm-none-eabi/lib/thumb/v6-m/nofp\libg_nano.a(lib_a-makebuf.o)
                0x00004924                __swhatbuf_r
 .text.__smakebuf_r
                0x00004974       0x88 c:/gmd/toolchain/arm_toolchain/bin/../lib/gcc/arm-none-eabi/8.3.1/../../../../arm-none-eabi/lib/thumb/v6-m/nofp\libg_nano.a(lib_a-makebuf.o)
                0x00004974                __smakebuf_r
 .text._free_r  0x000049fc       0x94 c:/gmd/toolchain/arm_toolchain/bin/../lib/gcc/arm-none-eabi/8.3.1/../../../../arm-none-eabi/lib/thumb/v6-m/nofp\libg_nano.a(lib_a-nano-freer.o)
                0x000049fc                _free_r
 .text._malloc_r
                0x00004a90       0xbc c:/gmd/toolchain/arm_toolchain/bin/../lib/gcc/arm-none-eabi/8.3.1/../../../../arm-none-eabi/lib/thumb/v6-m/nofp\libg_nano.a(lib_a-nano-mallocr.o)
                0x00004a90                _malloc_r
 .text._sbrk_r  0x00004b4c       0x24 c:/gmd/toolchain/arm_toolchain/bin/../lib/gcc/arm-none-eabi/8.3.1/../../../../arm-none-eabi/lib/thumb/v6-m/nofp\libg_nano.a(lib_a-sbrkr.o)
                0x00004b4c                _sbrk_r
 .text.__sread  0x00004b70       0x28 c:/gmd/toolchain/arm_toolchain/bin/../lib/gcc/arm-none-eabi/8.3.1/../../../../arm-none-eabi/lib/thumb/v6-m/nofp\libg_nano.a(lib_a-stdio.o)
                0x00004b70                __sread
 .text.__swrite
                0x00004b98       0x38 c:/gmd/toolchain/arm_toolchain/bin/../lib/gcc/arm-none-eabi/8.3.1/../../../../arm-none-eabi/lib/thumb/v6-m/nofp\libg_nano.a(lib_a-stdio.o)
                0x00004b98                __swrite
 .text.__sseek  0x00004bd0       0x2c c:/gmd/toolchain/arm_toolchain/bin/../lib/gcc/arm-none-eabi/8.3.1/../../../../arm-none-eabi/lib/thumb/v6-m/nofp\libg_nano.a(lib_a-stdio.o)
                0x00004bd0                __sseek
 .text.__sclose
                0x00004bfc        0xc c:/gmd/toolchain/arm_toolchain/bin/../lib/gcc/arm-none-eabi/8.3.1/../../../../arm-none-eabi/lib/thumb/v6-m/nofp\libg_nano.a(lib_a-stdio.o)
                0x00004bfc                __sclose
 .text._write_r
                0x00004c08       0x28 c:/gmd/toolchain/arm_toolchain/bin/../lib/gcc/arm-none-eabi/8.3.1/../../../../arm-none-eabi/lib/thumb/v6-m/nofp\libg_nano.a(lib_a-writer.o)
                0x00004c08                _write_r
 .text._close_r
                0x00004c30       0x24 c:/gmd/toolchain/arm_toolchain/bin/../lib/gcc/arm-none-eabi/8.3.1/../../../../arm-none-eabi/lib/thumb/v6-m/nofp\libg_nano.a(lib_a-closer.o)
                0x00004c30                _close_r
 .text._fstat_r
                0x00004c54       0x24 c:/gmd/toolchain/arm_toolchain/bin/../lib/gcc/arm-none-eabi/8.3.1/../../../../arm-none-eabi/lib/thumb/v6-m/nofp\libg_nano.a(lib_a-fstatr.o)
                0x00004c54                _fstat_r
 .text._isatty_r
                0x00004c78       0x24 c:/gmd/toolchain/arm_toolchain/bin/../lib/gcc/arm-none-eabi/8.3.1/../../../../arm-none-eabi/lib/thumb/v6-m/nofp\libg_nano.a(lib_a-isattyr.o)
                0x00004c78                _isatty_r
 .text._lseek_r
                0x00004c9c       0x28 c:/gmd/toolchain/arm_toolchain/bin/../lib/gcc/arm-none-eabi/8.3.1/../../../../arm-none-eabi/lib/thumb/v6-m/nofp\libg_nano.a(lib_a-lseekr.o)
                0x00004c9c                _lseek_r
 .text.__malloc_lock
                0x00004cc4       0x10 c:/gmd/toolchain/arm_toolchain/bin/../lib/gcc/arm-none-eabi/8.3.1/../../../../arm-none-eabi/lib/thumb/v6-m/nofp\libg_nano.a(lib_a-mlock.o)
                0x00004cc4                __malloc_lock
 .text.__malloc_unlock
                0x00004cd4       0x10 c:/gmd/toolchain/arm_toolchain/bin/../lib/gcc/arm-none-eabi/8.3.1/../../../../arm-none-eabi/lib/thumb/v6-m/nofp\libg_nano.a(lib_a-mlock.o)
                0x00004cd4                __malloc_unlock
 .text._read_r  0x00004ce4       0x28 c:/gmd/toolchain/arm_toolchain/bin/../lib/gcc/arm-none-eabi/8.3.1/../../../../arm-none-eabi/lib/thumb/v6-m/nofp\libg_nano.a(lib_a-readr.o)
                0x00004ce4                _read_r
 .text._close   0x00004d0c       0x10 c:/gmd/toolchain/arm_toolchain/bin/../lib/gcc/arm-none-eabi/8.3.1/../../../../arm-none-eabi/lib/thumb/v6-m/nofp\libnosys.a(close.o)
                0x00004d0c                _close
 .text._fstat   0x00004d1c       0x10 c:/gmd/toolchain/arm_toolchain/bin/../lib/gcc/arm-none-eabi/8.3.1/../../../../arm-none-eabi/lib/thumb/v6-m/nofp\libnosys.a(fstat.o)
                0x00004d1c                _fstat
 .text._getpid  0x00004d2c       0x10 c:/gmd/toolchain/arm_toolchain/bin/../lib/gcc/arm-none-eabi/8.3.1/../../../../arm-none-eabi/lib/thumb/v6-m/nofp\libnosys.a(getpid.o)
                0x00004d2c                _getpid
 .text._isatty  0x00004d3c       0x10 c:/gmd/toolchain/arm_toolchain/bin/../lib/gcc/arm-none-eabi/8.3.1/../../../../arm-none-eabi/lib/thumb/v6-m/nofp\libnosys.a(isatty.o)
                0x00004d3c                _isatty
 .text._kill    0x00004d4c       0x10 c:/gmd/toolchain/arm_toolchain/bin/../lib/gcc/arm-none-eabi/8.3.1/../../../../arm-none-eabi/lib/thumb/v6-m/nofp\libnosys.a(kill.o)
                0x00004d4c                _kill
 .text._lseek   0x00004d5c       0x10 c:/gmd/toolchain/arm_toolchain/bin/../lib/gcc/arm-none-eabi/8.3.1/../../../../arm-none-eabi/lib/thumb/v6-m/nofp\libnosys.a(lseek.o)
                0x00004d5c                _lseek
 .text._read    0x00004d6c       0x10 c:/gmd/toolchain/arm_toolchain/bin/../lib/gcc/arm-none-eabi/8.3.1/../../../../arm-none-eabi/lib/thumb/v6-m/nofp\libnosys.a(read.o)
                0x00004d6c                _read
 .text._sbrk    0x00004d7c       0x1c c:/gmd/toolchain/arm_toolchain/bin/../lib/gcc/arm-none-eabi/8.3.1/../../../../arm-none-eabi/lib/thumb/v6-m/nofp\libnosys.a(sbrk.o)
                0x00004d7c                _sbrk
 .text._exit    0x00004d98        0x4 c:/gmd/toolchain/arm_toolchain/bin/../lib/gcc/arm-none-eabi/8.3.1/../../../../arm-none-eabi/lib/thumb/v6-m/nofp\libnosys.a(_exit.o)
                0x00004d98                _exit
 *(.init)
 .init          0x00004d9c        0x4 c:/gmd/toolchain/arm_toolchain/bin/../lib/gcc/arm-none-eabi/8.3.1/thumb/v6-m/nofp/crti.o
                0x00004d9c                _init
 .init          0x00004da0        0x8 c:/gmd/toolchain/arm_toolchain/bin/../lib/gcc/arm-none-eabi/8.3.1/thumb/v6-m/nofp/crtn.o
 *(.fini)
 .fini          0x00004da8        0x4 c:/gmd/toolchain/arm_toolchain/bin/../lib/gcc/arm-none-eabi/8.3.1/thumb/v6-m/nofp/crti.o
                0x00004da8                _fini
 .fini          0x00004dac        0x8 c:/gmd/toolchain/arm_toolchain/bin/../lib/gcc/arm-none-eabi/8.3.1/thumb/v6-m/nofp/crtn.o
 *crtbegin.o(.ctors)
 *crtbegin?.o(.ctors)
 *(EXCLUDE_FILE(*crtend.o *crtend?.o) .ctors)
 *(SORT_BY_NAME(.ctors.*))
 *(.ctors)
 *crtbegin.o(.dtors)
 *crtbegin?.o(.dtors)
 *(EXCLUDE_FILE(*crtend.o *crtend?.o) .dtors)
 *(SORT_BY_NAME(.dtors.*))
 *(.dtors)
 *(.rodata*)
 .rodata.ProcessCommand.str1.4
                0x00004db4       0x10 ./USER/main.o
 .rodata.TVC_SendFile.str1.4
                0x00004dc4       0x2c ./USER/main.o
 .rodata.main.str1.4
                0x00004df0       0x46 ./USER/main.o
                                 0x4a (size before relaxing)
 *fill*         0x00004e36        0x2 
 .rodata.scan_files.str1.4
                0x00004e38       0x1e ./USER/main.o
                                 0x22 (size before relaxing)
 *fill*         0x00004e56        0x2 
 .rodata.ExCvt  0x00004e58       0x80 ./FAT/ff.o
 .rodata.LfnOfs
                0x00004ed8        0xd ./FAT/ff.o
 *fill*         0x00004ee5        0x3 
 .rodata.check_fs.str1.4
                0x00004ee8        0x6 ./FAT/ff.o
 *fill*         0x00004eee        0x2 
 .rodata.follow_path.str1.4
                0x00004ef0       0x14 ./FAT/ff.o
                                 0x13 (size before relaxing)
 .rodata.ff_wtoupper
                0x00004f04       0x24 ./FAT/ffunicode.o
 .rodata.cvt1.4471
                0x00004f28      0x1f2 ./FAT/ffunicode.o
 *fill*         0x0000511a        0x2 
 .rodata.cvt2.4472
                0x0000511c       0xbc ./FAT/ffunicode.o
 .rodata.uc437  0x000051d8      0x100 ./FAT/ffunicode.o
 .rodata._global_impure_ptr
                0x000052d8        0x4 c:/gmd/toolchain/arm_toolchain/bin/../lib/gcc/arm-none-eabi/8.3.1/../../../../arm-none-eabi/lib/thumb/v6-m/nofp\libg_nano.a(lib_a-impure.o)
                0x000052d8                _global_impure_ptr
 .rodata.__utoa.str1.1
                0x000052dc       0x25 c:/gmd/toolchain/arm_toolchain/bin/../lib/gcc/arm-none-eabi/8.3.1/../../../../arm-none-eabi/lib/thumb/v6-m/nofp\libg_nano.a(lib_a-utoa.o)
 *fill*         0x00005301        0x3 
 .rodata.__sf_fake_stderr
                0x00005304       0x20 c:/gmd/toolchain/arm_toolchain/bin/../lib/gcc/arm-none-eabi/8.3.1/../../../../arm-none-eabi/lib/thumb/v6-m/nofp\libg_nano.a(lib_a-findfp.o)
                0x00005304                __sf_fake_stderr
 .rodata.__sf_fake_stdin
                0x00005324       0x20 c:/gmd/toolchain/arm_toolchain/bin/../lib/gcc/arm-none-eabi/8.3.1/../../../../arm-none-eabi/lib/thumb/v6-m/nofp\libg_nano.a(lib_a-findfp.o)
                0x00005324                __sf_fake_stdin
 .rodata.__sf_fake_stdout
                0x00005344       0x20 c:/gmd/toolchain/arm_toolchain/bin/../lib/gcc/arm-none-eabi/8.3.1/../../../../arm-none-eabi/lib/thumb/v6-m/nofp\libg_nano.a(lib_a-findfp.o)
                0x00005344                __sf_fake_stdout
 *(.eh_frame*)
 .eh_frame      0x00005364        0x0 c:/gmd/toolchain/arm_toolchain/bin/../lib/gcc/arm-none-eabi/8.3.1/thumb/v6-m/nofp/crtbegin.o
 .eh_frame      0x00005364        0x4 c:/gmd/toolchain/arm_toolchain/bin/../lib/gcc/arm-none-eabi/8.3.1/thumb/v6-m/nofp/crtend.o

.glue_7         0x00005368        0x0
 .glue_7        0x00005368        0x0 linker stubs

.glue_7t        0x00005368        0x0
 .glue_7t       0x00005368        0x0 linker stubs

.vfp11_veneer   0x00005368        0x0
 .vfp11_veneer  0x00005368        0x0 linker stubs

.v4_bx          0x00005368        0x0
 .v4_bx         0x00005368        0x0 linker stubs

.iplt           0x00005368        0x0
 .iplt          0x00005368        0x0 c:/gmd/toolchain/arm_toolchain/bin/../lib/gcc/arm-none-eabi/8.3.1/thumb/v6-m/nofp/crtbegin.o

.ARM.extab      0x00005368       0x30
 *(.ARM.extab* .gnu.linkonce.armextab.*)
 .ARM.extab     0x00005368       0x24 c:/gmd/toolchain/arm_toolchain/bin/../lib/gcc/arm-none-eabi/8.3.1/thumb/v6-m/nofp\libgcc.a(unwind-arm.o)
 .ARM.extab     0x0000538c        0xc c:/gmd/toolchain/arm_toolchain/bin/../lib/gcc/arm-none-eabi/8.3.1/thumb/v6-m/nofp\libgcc.a(pr-support.o)
                0x00005398                __exidx_start = .

.ARM.exidx      0x00005398       0xd8
 *(.ARM.exidx* .gnu.linkonce.armexidx.*)
 .ARM.exidx     0x00005398        0x8 c:/gmd/toolchain/arm_toolchain/bin/../lib/gcc/arm-none-eabi/8.3.1/../../../../arm-none-eabi/lib/thumb/v6-m/nofp/crt0.o
 .ARM.exidx     0x000053a0       0x10 ./STARTUP/startup_GOWIN_M1.o
 .ARM.exidx     0x000053b0       0x90 c:/gmd/toolchain/arm_toolchain/bin/../lib/gcc/arm-none-eabi/8.3.1/thumb/v6-m/nofp\libgcc.a(unwind-arm.o)
                                 0xd8 (size before relaxing)
 .ARM.exidx     0x00005440       0x30 c:/gmd/toolchain/arm_toolchain/bin/../lib/gcc/arm-none-eabi/8.3.1/thumb/v6-m/nofp\libgcc.a(pr-support.o)
                                 0x38 (size before relaxing)
                0x00005470                __exidx_end = .
                0x00005470                __etext = ALIGN (0x4)

.rel.dyn        0x00005470        0x0
 .rel.iplt      0x00005470        0x0 c:/gmd/toolchain/arm_toolchain/bin/../lib/gcc/arm-none-eabi/8.3.1/thumb/v6-m/nofp/crtbegin.o

.data           0x20000000       0x78 load address 0x00005470
                0x20000000                __data_start__ = .
 *(vtable)
 *(.data*)
 .data.udcw     0x20000000        0x4 ./USER/main.o
                0x20000000                udcw
 .data.SystemCoreClock
                0x20000004        0x4 ./SYSTEM/system_GOWIN_M1.o
                0x20000004                SystemCoreClock
 .data.Stat     0x20000008        0x1 ./FAT/sdmm.o
 *fill*         0x20000009        0x3 
 .data._impure_ptr
                0x2000000c        0x4 c:/gmd/toolchain/arm_toolchain/bin/../lib/gcc/arm-none-eabi/8.3.1/../../../../arm-none-eabi/lib/thumb/v6-m/nofp\libg_nano.a(lib_a-impure.o)
                0x2000000c                _impure_ptr
 .data.impure_data
                0x20000010       0x60 c:/gmd/toolchain/arm_toolchain/bin/../lib/gcc/arm-none-eabi/8.3.1/../../../../arm-none-eabi/lib/thumb/v6-m/nofp\libg_nano.a(lib_a-impure.o)
                0x20000070                . = ALIGN (0x4)
                0x20000070                PROVIDE (__preinit_array_start = .)
 *(.preinit_array)
                0x20000070                PROVIDE (__preinit_array_end = .)
                0x20000070                . = ALIGN (0x4)
                0x20000070                PROVIDE (__init_array_start = .)
 *(SORT_BY_NAME(.init_array.*))
 *(.init_array)
 .init_array    0x20000070        0x4 c:/gmd/toolchain/arm_toolchain/bin/../lib/gcc/arm-none-eabi/8.3.1/thumb/v6-m/nofp/crtbegin.o
                0x20000074                PROVIDE (__init_array_end = .)
                0x20000074                . = ALIGN (0x4)
                [!provide]                PROVIDE (__fini_array_start = .)
 *(SORT_BY_NAME(.fini_array.*))
 *(.fini_array)
 .fini_array    0x20000074        0x4 c:/gmd/toolchain/arm_toolchain/bin/../lib/gcc/arm-none-eabi/8.3.1/thumb/v6-m/nofp/crtbegin.o
                [!provide]                PROVIDE (__fini_array_end = .)
 *(.jcr*)
                0x20000078                . = ALIGN (0x4)
                0x20000078                __data_end__ = .

.igot.plt       0x20000078        0x0 load address 0x000054e8
 .igot.plt      0x20000078        0x0 c:/gmd/toolchain/arm_toolchain/bin/../lib/gcc/arm-none-eabi/8.3.1/thumb/v6-m/nofp/crtbegin.o

.bss            0x20000078      0x2fc load address 0x000054e8
                0x20000078                . = ALIGN (0x4)
                0x20000078                __bss_start__ = .
 *(.bss*)
 .bss           0x20000078       0x1c c:/gmd/toolchain/arm_toolchain/bin/../lib/gcc/arm-none-eabi/8.3.1/thumb/v6-m/nofp/crtbegin.o
 .bss.uda       0x20000094        0x4 ./USER/main.o
                0x20000094                uda
 .bss.CurrVol   0x20000098        0x1 ./FAT/ff.o
 *fill*         0x20000099        0x3 
 .bss.FatFs     0x2000009c        0x4 ./FAT/ff.o
 .bss.Fsid      0x200000a0        0x2 ./FAT/ff.o
 *fill*         0x200000a2        0x2 
 .bss.LfnBuf    0x200000a4       0x7a ./FAT/ff.o
 .bss.CardType  0x2000011e        0x1 ./FAT/sdmm.o
 *fill*         0x2000011f        0x1 
 .bss.__malloc_free_list
                0x20000120        0x4 c:/gmd/toolchain/arm_toolchain/bin/../lib/gcc/arm-none-eabi/8.3.1/../../../../arm-none-eabi/lib/thumb/v6-m/nofp\libg_nano.a(lib_a-nano-mallocr.o)
                0x20000120                __malloc_free_list
 .bss.__malloc_sbrk_start
                0x20000124        0x4 c:/gmd/toolchain/arm_toolchain/bin/../lib/gcc/arm-none-eabi/8.3.1/../../../../arm-none-eabi/lib/thumb/v6-m/nofp\libg_nano.a(lib_a-nano-mallocr.o)
                0x20000124                __malloc_sbrk_start
 .bss.heap_end.4194
                0x20000128        0x4 c:/gmd/toolchain/arm_toolchain/bin/../lib/gcc/arm-none-eabi/8.3.1/../../../../arm-none-eabi/lib/thumb/v6-m/nofp\libnosys.a(sbrk.o)
 *(COMMON)
 COMMON         0x2000012c      0x238 ./USER/main.o
                0x2000012c                FatFs
 COMMON         0x20000364        0x9 c:/gmd/toolchain/arm_toolchain/bin/../lib/gcc/arm-none-eabi/8.3.1/../../../../arm-none-eabi/lib/thumb/v6-m/nofp\libg_nano.a(lib_a-lock.o)
                0x20000364                __lock___atexit_recursive_mutex
                0x20000365                __lock___arc4random_mutex
                0x20000366                __lock___env_recursive_mutex
                0x20000367                __lock___sinit_recursive_mutex
                0x20000368                __lock___malloc_recursive_mutex
                0x20000369                __lock___at_quick_exit_mutex
                0x2000036a                __lock___dd_hash_mutex
                0x2000036b                __lock___tz_mutex
                0x2000036c                __lock___sfp_recursive_mutex
 *fill*         0x2000036d        0x3 
 COMMON         0x20000370        0x4 c:/gmd/toolchain/arm_toolchain/bin/../lib/gcc/arm-none-eabi/8.3.1/../../../../arm-none-eabi/lib/thumb/v6-m/nofp\libg_nano.a(lib_a-reent.o)
                0x20000370                errno
                0x20000374                . = ALIGN (0x4)
                0x20000374                __bss_end__ = .

.heap           0x20000378      0x400
                0x20000378                __end__ = .
                0x20000378                PROVIDE (end = .)
 *(.heap*)
 .heap          0x20000378      0x400 ./STARTUP/startup_GOWIN_M1.o
                0x20000378                __HeapBase
                0x20000778                __HeapLimit = .

.stack_dummy    0x20000378      0x400
 *(.stack*)
 .stack         0x20000378      0x400 ./STARTUP/startup_GOWIN_M1.o
                0x20002000                __StackTop = (ORIGIN (RAM) + LENGTH (RAM))
                0x20001c00                __StackLimit = (__StackTop - SIZEOF (.stack_dummy))
                0x20002000                PROVIDE (__stack = __StackTop)
                0x00000001                ASSERT ((__StackLimit >= __HeapLimit), region RAM overflowed with stack)
OUTPUT(cm1_tvc_ctrl.elf elf32-littlearm)

.ARM.attributes
                0x00000000       0x28
 .ARM.attributes
                0x00000000       0x1e c:/gmd/toolchain/arm_toolchain/bin/../lib/gcc/arm-none-eabi/8.3.1/thumb/v6-m/nofp/crti.o
 .ARM.attributes
                0x0000001e       0x2c c:/gmd/toolchain/arm_toolchain/bin/../lib/gcc/arm-none-eabi/8.3.1/thumb/v6-m/nofp/crtbegin.o
 .ARM.attributes
                0x0000004a       0x1b c:/gmd/toolchain/arm_toolchain/bin/../lib/gcc/arm-none-eabi/8.3.1/../../../../arm-none-eabi/lib/thumb/v6-m/nofp/crt0.o
 .ARM.attributes
                0x00000065       0x2c ./USER/GOWIN_M1_it.o
 .ARM.attributes
                0x00000091       0x2c ./USER/main.o
 .ARM.attributes
                0x000000bd       0x2c ./SYSTEM/system_GOWIN_M1.o
 .ARM.attributes
                0x000000e9       0x1b ./STARTUP/startup_GOWIN_M1.o
 .ARM.attributes
                0x00000104       0x2c ./PERIPHERAL/src/GOWIN_M1_spi.o
 .ARM.attributes
                0x00000130       0x2c ./PERIPHERAL/src/GOWIN_M1_uart.o
 .ARM.attributes
                0x0000015c       0x2c ./FAT/ff.o
 .ARM.attributes
                0x00000188       0x2c ./FAT/ffunicode.o
 .ARM.attributes
                0x000001b4       0x2c ./FAT/sdmm.o
 .ARM.attributes
                0x000001e0       0x1e c:/gmd/toolchain/arm_toolchain/bin/../lib/gcc/arm-none-eabi/8.3.1/thumb/v6-m/nofp\libgcc.a(_udivsi3.o)
 .ARM.attributes
                0x000001fe       0x1e c:/gmd/toolchain/arm_toolchain/bin/../lib/gcc/arm-none-eabi/8.3.1/thumb/v6-m/nofp\libgcc.a(_dvmd_tls.o)
 .ARM.attributes
                0x0000021c       0x2c c:/gmd/toolchain/arm_toolchain/bin/../lib/gcc/arm-none-eabi/8.3.1/../../../../arm-none-eabi/lib/thumb/v6-m/nofp\libg_nano.a(lib_a-exit.o)
 .ARM.attributes
                0x00000248       0x2c c:/gmd/toolchain/arm_toolchain/bin/../lib/gcc/arm-none-eabi/8.3.1/../../../../arm-none-eabi/lib/thumb/v6-m/nofp\libg_nano.a(lib_a-impure.o)
 .ARM.attributes
                0x00000274       0x2c c:/gmd/toolchain/arm_toolchain/bin/../lib/gcc/arm-none-eabi/8.3.1/../../../../arm-none-eabi/lib/thumb/v6-m/nofp\libg_nano.a(lib_a-init.o)
 .ARM.attributes
                0x000002a0       0x2c c:/gmd/toolchain/arm_toolchain/bin/../lib/gcc/arm-none-eabi/8.3.1/../../../../arm-none-eabi/lib/thumb/v6-m/nofp\libg_nano.a(lib_a-itoa.o)
 .ARM.attributes
                0x000002cc       0x2c c:/gmd/toolchain/arm_toolchain/bin/../lib/gcc/arm-none-eabi/8.3.1/../../../../arm-none-eabi/lib/thumb/v6-m/nofp\libg_nano.a(lib_a-memcpy-stub.o)
 .ARM.attributes
                0x000002f8       0x2c c:/gmd/toolchain/arm_toolchain/bin/../lib/gcc/arm-none-eabi/8.3.1/../../../../arm-none-eabi/lib/thumb/v6-m/nofp\libg_nano.a(lib_a-memset.o)
 .ARM.attributes
                0x00000324       0x2c c:/gmd/toolchain/arm_toolchain/bin/../lib/gcc/arm-none-eabi/8.3.1/../../../../arm-none-eabi/lib/thumb/v6-m/nofp\libg_nano.a(lib_a-puts.o)
 .ARM.attributes
                0x00000350       0x2c c:/gmd/toolchain/arm_toolchain/bin/../lib/gcc/arm-none-eabi/8.3.1/../../../../arm-none-eabi/lib/thumb/v6-m/nofp\libg_nano.a(lib_a-strcpy.o)
 .ARM.attributes
                0x0000037c       0x1c c:/gmd/toolchain/arm_toolchain/bin/../lib/gcc/arm-none-eabi/8.3.1/../../../../arm-none-eabi/lib/thumb/v6-m/nofp\libg_nano.a(lib_a-strlen.o)
 .ARM.attributes
                0x00000398       0x2c c:/gmd/toolchain/arm_toolchain/bin/../lib/gcc/arm-none-eabi/8.3.1/../../../../arm-none-eabi/lib/thumb/v6-m/nofp\libg_nano.a(lib_a-strncmp.o)
 .ARM.attributes
                0x000003c4       0x2c c:/gmd/toolchain/arm_toolchain/bin/../lib/gcc/arm-none-eabi/8.3.1/../../../../arm-none-eabi/lib/thumb/v6-m/nofp\libg_nano.a(lib_a-utoa.o)
 .ARM.attributes
                0x000003f0       0x2c c:/gmd/toolchain/arm_toolchain/bin/../lib/gcc/arm-none-eabi/8.3.1/../../../../arm-none-eabi/lib/thumb/v6-m/nofp\libg_nano.a(lib_a-wbuf.o)
 .ARM.attributes
                0x0000041c       0x2c c:/gmd/toolchain/arm_toolchain/bin/../lib/gcc/arm-none-eabi/8.3.1/../../../../arm-none-eabi/lib/thumb/v6-m/nofp\libg_nano.a(lib_a-wsetup.o)
 .ARM.attributes
                0x00000448       0x2c c:/gmd/toolchain/arm_toolchain/bin/../lib/gcc/arm-none-eabi/8.3.1/../../../../arm-none-eabi/lib/thumb/v6-m/nofp\libg_nano.a(lib_a-fflush.o)
 .ARM.attributes
                0x00000474       0x2c c:/gmd/toolchain/arm_toolchain/bin/../lib/gcc/arm-none-eabi/8.3.1/../../../../arm-none-eabi/lib/thumb/v6-m/nofp\libg_nano.a(lib_a-findfp.o)
 .ARM.attributes
                0x000004a0       0x2c c:/gmd/toolchain/arm_toolchain/bin/../lib/gcc/arm-none-eabi/8.3.1/../../../../arm-none-eabi/lib/thumb/v6-m/nofp\libg_nano.a(lib_a-fwalk.o)
 .ARM.attributes
                0x000004cc       0x2c c:/gmd/toolchain/arm_toolchain/bin/../lib/gcc/arm-none-eabi/8.3.1/../../../../arm-none-eabi/lib/thumb/v6-m/nofp\libg_nano.a(lib_a-lock.o)
 .ARM.attributes
                0x000004f8       0x2c c:/gmd/toolchain/arm_toolchain/bin/../lib/gcc/arm-none-eabi/8.3.1/../../../../arm-none-eabi/lib/thumb/v6-m/nofp\libg_nano.a(lib_a-makebuf.o)
 .ARM.attributes
                0x00000524       0x2c c:/gmd/toolchain/arm_toolchain/bin/../lib/gcc/arm-none-eabi/8.3.1/../../../../arm-none-eabi/lib/thumb/v6-m/nofp\libg_nano.a(lib_a-nano-freer.o)
 .ARM.attributes
                0x00000550       0x2c c:/gmd/toolchain/arm_toolchain/bin/../lib/gcc/arm-none-eabi/8.3.1/../../../../arm-none-eabi/lib/thumb/v6-m/nofp\libg_nano.a(lib_a-nano-mallocr.o)
 .ARM.attributes
                0x0000057c       0x2c c:/gmd/toolchain/arm_toolchain/bin/../lib/gcc/arm-none-eabi/8.3.1/../../../../arm-none-eabi/lib/thumb/v6-m/nofp\libg_nano.a(lib_a-reent.o)
 .ARM.attributes
                0x000005a8       0x2c c:/gmd/toolchain/arm_toolchain/bin/../lib/gcc/arm-none-eabi/8.3.1/../../../../arm-none-eabi/lib/thumb/v6-m/nofp\libg_nano.a(lib_a-sbrkr.o)
 .ARM.attributes
                0x000005d4       0x2c c:/gmd/toolchain/arm_toolchain/bin/../lib/gcc/arm-none-eabi/8.3.1/../../../../arm-none-eabi/lib/thumb/v6-m/nofp\libg_nano.a(lib_a-stdio.o)
 .ARM.attributes
                0x00000600       0x2c c:/gmd/toolchain/arm_toolchain/bin/../lib/gcc/arm-none-eabi/8.3.1/../../../../arm-none-eabi/lib/thumb/v6-m/nofp\libg_nano.a(lib_a-writer.o)
 .ARM.attributes
                0x0000062c       0x2c c:/gmd/toolchain/arm_toolchain/bin/../lib/gcc/arm-none-eabi/8.3.1/../../../../arm-none-eabi/lib/thumb/v6-m/nofp\libg_nano.a(lib_a-closer.o)
 .ARM.attributes
                0x00000658       0x2c c:/gmd/toolchain/arm_toolchain/bin/../lib/gcc/arm-none-eabi/8.3.1/../../../../arm-none-eabi/lib/thumb/v6-m/nofp\libg_nano.a(lib_a-fstatr.o)
 .ARM.attributes
                0x00000684       0x2c c:/gmd/toolchain/arm_toolchain/bin/../lib/gcc/arm-none-eabi/8.3.1/../../../../arm-none-eabi/lib/thumb/v6-m/nofp\libg_nano.a(lib_a-isattyr.o)
 .ARM.attributes
                0x000006b0       0x2c c:/gmd/toolchain/arm_toolchain/bin/../lib/gcc/arm-none-eabi/8.3.1/../../../../arm-none-eabi/lib/thumb/v6-m/nofp\libg_nano.a(lib_a-lseekr.o)
 .ARM.attributes
                0x000006dc       0x2c c:/gmd/toolchain/arm_toolchain/bin/../lib/gcc/arm-none-eabi/8.3.1/../../../../arm-none-eabi/lib/thumb/v6-m/nofp\libg_nano.a(lib_a-mlock.o)
 .ARM.attributes
                0x00000708       0x2c c:/gmd/toolchain/arm_toolchain/bin/../lib/gcc/arm-none-eabi/8.3.1/../../../../arm-none-eabi/lib/thumb/v6-m/nofp\libg_nano.a(lib_a-readr.o)
 .ARM.attributes
                0x00000734       0x2c c:/gmd/toolchain/arm_toolchain/bin/../lib/gcc/arm-none-eabi/8.3.1/thumb/v6-m/nofp/crtend.o
 .ARM.attributes
                0x00000760       0x1e c:/gmd/toolchain/arm_toolchain/bin/../lib/gcc/arm-none-eabi/8.3.1/thumb/v6-m/nofp/crtn.o
 .ARM.attributes
                0x0000077e       0x2c c:/gmd/toolchain/arm_toolchain/bin/../lib/gcc/arm-none-eabi/8.3.1/../../../../arm-none-eabi/lib/thumb/v6-m/nofp\libnosys.a(close.o)
 .ARM.attributes
                0x000007aa       0x2c c:/gmd/toolchain/arm_toolchain/bin/../lib/gcc/arm-none-eabi/8.3.1/../../../../arm-none-eabi/lib/thumb/v6-m/nofp\libnosys.a(fstat.o)
 .ARM.attributes
                0x000007d6       0x2c c:/gmd/toolchain/arm_toolchain/bin/../lib/gcc/arm-none-eabi/8.3.1/../../../../arm-none-eabi/lib/thumb/v6-m/nofp\libnosys.a(isatty.o)
 .ARM.attributes
                0x00000802       0x2c c:/gmd/toolchain/arm_toolchain/bin/../lib/gcc/arm-none-eabi/8.3.1/../../../../arm-none-eabi/lib/thumb/v6-m/nofp\libnosys.a(lseek.o)
 .ARM.attributes
                0x0000082e       0x2c c:/gmd/toolchain/arm_toolchain/bin/../lib/gcc/arm-none-eabi/8.3.1/../../../../arm-none-eabi/lib/thumb/v6-m/nofp\libnosys.a(read.o)
 .ARM.attributes
                0x0000085a       0x2c c:/gmd/toolchain/arm_toolchain/bin/../lib/gcc/arm-none-eabi/8.3.1/../../../../arm-none-eabi/lib/thumb/v6-m/nofp\libnosys.a(sbrk.o)
 .ARM.attributes
                0x00000886       0x2c c:/gmd/toolchain/arm_toolchain/bin/../lib/gcc/arm-none-eabi/8.3.1/../../../../arm-none-eabi/lib/thumb/v6-m/nofp\libnosys.a(_exit.o)

.comment        0x00000000       0x76
 .comment       0x00000000       0x76 ./USER/GOWIN_M1_it.o
                                 0x77 (size before relaxing)
 .comment       0x00000076       0x77 ./USER/main.o
 .comment       0x00000076       0x77 ./SYSTEM/system_GOWIN_M1.o
 .comment       0x00000076       0x77 ./PERIPHERAL/src/GOWIN_M1_spi.o
 .comment       0x00000076       0x77 ./PERIPHERAL/src/GOWIN_M1_uart.o
 .comment       0x00000076       0x77 ./FAT/ff.o
 .comment       0x00000076       0x77 ./FAT/ffunicode.o
 .comment       0x00000076       0x77 ./FAT/sdmm.o

.debug_info     0x00000000     0xd447
 .debug_info    0x00000000      0xa7c ./USER/GOWIN_M1_it.o
 .debug_info    0x00000a7c     0x1c5d ./USER/main.o
 .debug_info    0x000026d9      0x981 ./SYSTEM/system_GOWIN_M1.o
 .debug_info    0x0000305a       0x26 ./STARTUP/startup_GOWIN_M1.o
 .debug_info    0x00003080      0xd67 ./PERIPHERAL/src/GOWIN_M1_spi.o
 .debug_info    0x00003de7      0xf5e ./PERIPHERAL/src/GOWIN_M1_uart.o
 .debug_info    0x00004d45     0x6272 ./FAT/ff.o
 .debug_info    0x0000afb7      0x2b8 ./FAT/ffunicode.o
 .debug_info    0x0000b26f     0x21d8 ./FAT/sdmm.o

.debug_abbrev   0x00000000     0x18f3
 .debug_abbrev  0x00000000      0x21c ./USER/GOWIN_M1_it.o
 .debug_abbrev  0x0000021c      0x453 ./USER/main.o
 .debug_abbrev  0x0000066f      0x1f7 ./SYSTEM/system_GOWIN_M1.o
 .debug_abbrev  0x00000866       0x14 ./STARTUP/startup_GOWIN_M1.o
 .debug_abbrev  0x0000087a      0x37a ./PERIPHERAL/src/GOWIN_M1_spi.o
 .debug_abbrev  0x00000bf4      0x35f ./PERIPHERAL/src/GOWIN_M1_uart.o
 .debug_abbrev  0x00000f53      0x37c ./FAT/ff.o
 .debug_abbrev  0x000012cf       0xf3 ./FAT/ffunicode.o
 .debug_abbrev  0x000013c2      0x531 ./FAT/sdmm.o

.debug_aranges  0x00000000      0x4b8
 .debug_aranges
                0x00000000       0x28 ./USER/GOWIN_M1_it.o
 .debug_aranges
                0x00000028       0x78 ./USER/main.o
 .debug_aranges
                0x000000a0       0x20 ./SYSTEM/system_GOWIN_M1.o
 .debug_aranges
                0x000000c0       0x20 ./STARTUP/startup_GOWIN_M1.o
 .debug_aranges
                0x000000e0       0xe0 ./PERIPHERAL/src/GOWIN_M1_spi.o
 .debug_aranges
                0x000001c0       0xc0 ./PERIPHERAL/src/GOWIN_M1_uart.o
 .debug_aranges
                0x00000280      0x178 ./FAT/ff.o
 .debug_aranges
                0x000003f8       0x30 ./FAT/ffunicode.o
 .debug_aranges
                0x00000428       0x90 ./FAT/sdmm.o

.debug_ranges   0x00000000      0xe08
 .debug_ranges  0x00000000       0x18 ./USER/GOWIN_M1_it.o
 .debug_ranges  0x00000018       0xf8 ./USER/main.o
 .debug_ranges  0x00000110       0x10 ./SYSTEM/system_GOWIN_M1.o
 .debug_ranges  0x00000120       0xd0 ./PERIPHERAL/src/GOWIN_M1_spi.o
 .debug_ranges  0x000001f0       0xb0 ./PERIPHERAL/src/GOWIN_M1_uart.o
 .debug_ranges  0x000002a0      0x948 ./FAT/ff.o
 .debug_ranges  0x00000be8       0x20 ./FAT/ffunicode.o
 .debug_ranges  0x00000c08      0x200 ./FAT/sdmm.o

.debug_macro    0x00000000     0x46d2
 .debug_macro   0x00000000      0x2e7 ./USER/GOWIN_M1_it.o
 .debug_macro   0x000002e7      0xa5a ./USER/GOWIN_M1_it.o
 .debug_macro   0x00000d41       0x2d ./USER/GOWIN_M1_it.o
 .debug_macro   0x00000d6e       0x22 ./USER/GOWIN_M1_it.o
 .debug_macro   0x00000d90       0x8e ./USER/GOWIN_M1_it.o
 .debug_macro   0x00000e1e       0x51 ./USER/GOWIN_M1_it.o
 .debug_macro   0x00000e6f      0x103 ./USER/GOWIN_M1_it.o
 .debug_macro   0x00000f72       0x6a ./USER/GOWIN_M1_it.o
 .debug_macro   0x00000fdc      0x1df ./USER/GOWIN_M1_it.o
 .debug_macro   0x000011bb       0x1c ./USER/GOWIN_M1_it.o
 .debug_macro   0x000011d7       0x22 ./USER/GOWIN_M1_it.o
 .debug_macro   0x000011f9       0xb5 ./USER/GOWIN_M1_it.o
 .debug_macro   0x000012ae      0x3b4 ./USER/GOWIN_M1_it.o
 .debug_macro   0x00001662      0x353 ./USER/GOWIN_M1_it.o
 .debug_macro   0x000019b5       0x76 ./USER/GOWIN_M1_it.o
 .debug_macro   0x00001a2b       0x3a ./USER/GOWIN_M1_it.o
 .debug_macro   0x00001a65       0x22 ./USER/GOWIN_M1_it.o
 .debug_macro   0x00001a87       0x40 ./USER/GOWIN_M1_it.o
 .debug_macro   0x00001ac7       0x22 ./USER/GOWIN_M1_it.o
 .debug_macro   0x00001ae9       0x58 ./USER/GOWIN_M1_it.o
 .debug_macro   0x00001b41       0xd0 ./USER/GOWIN_M1_it.o
 .debug_macro   0x00001c11       0x5e ./USER/GOWIN_M1_it.o
 .debug_macro   0x00001c6f       0x18 ./USER/GOWIN_M1_it.o
 .debug_macro   0x00001c87       0x35 ./USER/GOWIN_M1_it.o
 .debug_macro   0x00001cbc       0x34 ./USER/GOWIN_M1_it.o
 .debug_macro   0x00001cf0       0x16 ./USER/GOWIN_M1_it.o
 .debug_macro   0x00001d06       0x97 ./USER/GOWIN_M1_it.o
 .debug_macro   0x00001d9d      0x333 ./USER/GOWIN_M1_it.o
 .debug_macro   0x000020d0       0xfd ./USER/GOWIN_M1_it.o
 .debug_macro   0x000021cd       0x10 ./USER/GOWIN_M1_it.o
 .debug_macro   0x000021dd       0x16 ./USER/GOWIN_M1_it.o
 .debug_macro   0x000021f3       0x43 ./USER/GOWIN_M1_it.o
 .debug_macro   0x00002236       0x34 ./USER/GOWIN_M1_it.o
 .debug_macro   0x0000226a       0x10 ./USER/GOWIN_M1_it.o
 .debug_macro   0x0000227a       0x58 ./USER/GOWIN_M1_it.o
 .debug_macro   0x000022d2      0x182 ./USER/GOWIN_M1_it.o
 .debug_macro   0x00002454       0x10 ./USER/GOWIN_M1_it.o
 .debug_macro   0x00002464       0x1c ./USER/GOWIN_M1_it.o
 .debug_macro   0x00002480       0x52 ./USER/GOWIN_M1_it.o
 .debug_macro   0x000024d2       0x40 ./USER/GOWIN_M1_it.o
 .debug_macro   0x00002512       0x10 ./USER/GOWIN_M1_it.o
 .debug_macro   0x00002522       0x40 ./USER/GOWIN_M1_it.o
 .debug_macro   0x00002562       0xd5 ./USER/GOWIN_M1_it.o
 .debug_macro   0x00002637       0x1c ./USER/GOWIN_M1_it.o
 .debug_macro   0x00002653       0x3d ./USER/GOWIN_M1_it.o
 .debug_macro   0x00002690       0x16 ./USER/GOWIN_M1_it.o
 .debug_macro   0x000026a6      0x16f ./USER/GOWIN_M1_it.o
 .debug_macro   0x00002815      0x119 ./USER/GOWIN_M1_it.o
 .debug_macro   0x0000292e       0x88 ./USER/GOWIN_M1_it.o
 .debug_macro   0x000029b6       0x22 ./USER/GOWIN_M1_it.o
 .debug_macro   0x000029d8      0x10c ./USER/GOWIN_M1_it.o
 .debug_macro   0x00002ae4       0x76 ./USER/GOWIN_M1_it.o
 .debug_macro   0x00002b5a       0x70 ./USER/GOWIN_M1_it.o
 .debug_macro   0x00002bca       0x22 ./USER/GOWIN_M1_it.o
 .debug_macro   0x00002bec       0x28 ./USER/GOWIN_M1_it.o
 .debug_macro   0x00002c14       0x34 ./USER/GOWIN_M1_it.o
 .debug_macro   0x00002c48      0x356 ./USER/main.o
 .debug_macro   0x00002f9e       0x16 ./USER/main.o
 .debug_macro   0x00002fb4       0x35 ./USER/main.o
 .debug_macro   0x00002fe9       0x16 ./USER/main.o
 .debug_macro   0x00002fff       0x29 ./USER/main.o
 .debug_macro   0x00003028       0x16 ./USER/main.o
 .debug_macro   0x0000303e       0xf8 ./USER/main.o
 .debug_macro   0x00003136       0xee ./USER/main.o
 .debug_macro   0x00003224      0x2e9 ./SYSTEM/system_GOWIN_M1.o
 .debug_macro   0x0000350d      0x2e7 ./PERIPHERAL/src/GOWIN_M1_spi.o
 .debug_macro   0x000037f4       0xca ./PERIPHERAL/src/GOWIN_M1_spi.o
 .debug_macro   0x000038be      0x2e7 ./PERIPHERAL/src/GOWIN_M1_uart.o
 .debug_macro   0x00003ba5       0x34 ./PERIPHERAL/src/GOWIN_M1_uart.o
 .debug_macro   0x00003bd9      0x52b ./FAT/ff.o
 .debug_macro   0x00004104       0xef ./FAT/ff.o
 .debug_macro   0x000041f3       0xc4 ./FAT/ff.o
 .debug_macro   0x000042b7       0x8d ./FAT/ffunicode.o
 .debug_macro   0x00004344      0x38e ./FAT/sdmm.o

.debug_line     0x00000000     0x93de
 .debug_line    0x00000000      0x568 ./USER/GOWIN_M1_it.o
 .debug_line    0x00000568      0xba4 ./USER/main.o
 .debug_line    0x0000110c      0x55e ./SYSTEM/system_GOWIN_M1.o
 .debug_line    0x0000166a       0x6f ./STARTUP/startup_GOWIN_M1.o
 .debug_line    0x000016d9      0x9da ./PERIPHERAL/src/GOWIN_M1_spi.o
 .debug_line    0x000020b3      0x92a ./PERIPHERAL/src/GOWIN_M1_uart.o
 .debug_line    0x000029dd     0x5460 ./FAT/ff.o
 .debug_line    0x00007e3d      0x425 ./FAT/ffunicode.o
 .debug_line    0x00008262     0x117c ./FAT/sdmm.o

.debug_str      0x00000000    0x11aef
 .debug_str     0x00000000     0xcbb0 ./USER/GOWIN_M1_it.o
                               0xce13 (size before relaxing)
 .debug_str     0x0000cbb0      0xb30 ./USER/main.o
                               0xd797 (size before relaxing)
 .debug_str     0x0000d6e0       0x5d ./SYSTEM/system_GOWIN_M1.o
                               0xcc73 (size before relaxing)
 .debug_str     0x0000d73d       0x2c ./STARTUP/startup_GOWIN_M1.o
                                 0x50 (size before relaxing)
 .debug_str     0x0000d769      0x245 ./PERIPHERAL/src/GOWIN_M1_spi.o
                               0xce73 (size before relaxing)
 .debug_str     0x0000d9ae      0x1b8 ./PERIPHERAL/src/GOWIN_M1_uart.o
                               0xcf58 (size before relaxing)
 .debug_str     0x0000db66     0x3d35 ./FAT/ff.o
                               0x80ee (size before relaxing)
 .debug_str     0x0001189b       0x54 ./FAT/ffunicode.o
                               0x414a (size before relaxing)
 .debug_str     0x000118ef      0x200 ./FAT/sdmm.o
                               0xd63c (size before relaxing)

.debug_frame    0x00000000     0x17a0
 .debug_frame   0x00000000      0x210 ./USER/GOWIN_M1_it.o
 .debug_frame   0x00000210      0x16c ./USER/main.o
 .debug_frame   0x0000037c       0x30 ./SYSTEM/system_GOWIN_M1.o
 .debug_frame   0x000003ac      0x1a0 ./PERIPHERAL/src/GOWIN_M1_spi.o
 .debug_frame   0x0000054c      0x170 ./PERIPHERAL/src/GOWIN_M1_uart.o
 .debug_frame   0x000006bc      0x5e0 ./FAT/ff.o
 .debug_frame   0x00000c9c       0x50 ./FAT/ffunicode.o
 .debug_frame   0x00000cec      0x1b0 ./FAT/sdmm.o
 .debug_frame   0x00000e9c       0x20 c:/gmd/toolchain/arm_toolchain/bin/../lib/gcc/arm-none-eabi/8.3.1/thumb/v6-m/nofp\libgcc.a(_udivsi3.o)
 .debug_frame   0x00000ebc       0x28 c:/gmd/toolchain/arm_toolchain/bin/../lib/gcc/arm-none-eabi/8.3.1/../../../../arm-none-eabi/lib/thumb/v6-m/nofp\libg_nano.a(lib_a-exit.o)
 .debug_frame   0x00000ee4       0x2c c:/gmd/toolchain/arm_toolchain/bin/../lib/gcc/arm-none-eabi/8.3.1/../../../../arm-none-eabi/lib/thumb/v6-m/nofp\libg_nano.a(lib_a-init.o)
 .debug_frame   0x00000f10       0x40 c:/gmd/toolchain/arm_toolchain/bin/../lib/gcc/arm-none-eabi/8.3.1/../../../../arm-none-eabi/lib/thumb/v6-m/nofp\libg_nano.a(lib_a-itoa.o)
 .debug_frame   0x00000f50       0x28 c:/gmd/toolchain/arm_toolchain/bin/../lib/gcc/arm-none-eabi/8.3.1/../../../../arm-none-eabi/lib/thumb/v6-m/nofp\libg_nano.a(lib_a-memcpy-stub.o)
 .debug_frame   0x00000f78       0x20 c:/gmd/toolchain/arm_toolchain/bin/../lib/gcc/arm-none-eabi/8.3.1/../../../../arm-none-eabi/lib/thumb/v6-m/nofp\libg_nano.a(lib_a-memset.o)
 .debug_frame   0x00000f98       0x44 c:/gmd/toolchain/arm_toolchain/bin/../lib/gcc/arm-none-eabi/8.3.1/../../../../arm-none-eabi/lib/thumb/v6-m/nofp\libg_nano.a(lib_a-puts.o)
 .debug_frame   0x00000fdc       0x20 c:/gmd/toolchain/arm_toolchain/bin/../lib/gcc/arm-none-eabi/8.3.1/../../../../arm-none-eabi/lib/thumb/v6-m/nofp\libg_nano.a(lib_a-strcpy.o)
 .debug_frame   0x00000ffc       0x2c c:/gmd/toolchain/arm_toolchain/bin/../lib/gcc/arm-none-eabi/8.3.1/../../../../arm-none-eabi/lib/thumb/v6-m/nofp\libg_nano.a(lib_a-strncmp.o)
 .debug_frame   0x00001028       0x48 c:/gmd/toolchain/arm_toolchain/bin/../lib/gcc/arm-none-eabi/8.3.1/../../../../arm-none-eabi/lib/thumb/v6-m/nofp\libg_nano.a(lib_a-utoa.o)
 .debug_frame   0x00001070       0x48 c:/gmd/toolchain/arm_toolchain/bin/../lib/gcc/arm-none-eabi/8.3.1/../../../../arm-none-eabi/lib/thumb/v6-m/nofp\libg_nano.a(lib_a-wbuf.o)
 .debug_frame   0x000010b8       0x2c c:/gmd/toolchain/arm_toolchain/bin/../lib/gcc/arm-none-eabi/8.3.1/../../../../arm-none-eabi/lib/thumb/v6-m/nofp\libg_nano.a(lib_a-wsetup.o)
 .debug_frame   0x000010e4       0x68 c:/gmd/toolchain/arm_toolchain/bin/../lib/gcc/arm-none-eabi/8.3.1/../../../../arm-none-eabi/lib/thumb/v6-m/nofp\libg_nano.a(lib_a-fflush.o)
 .debug_frame   0x0000114c      0x170 c:/gmd/toolchain/arm_toolchain/bin/../lib/gcc/arm-none-eabi/8.3.1/../../../../arm-none-eabi/lib/thumb/v6-m/nofp\libg_nano.a(lib_a-findfp.o)
 .debug_frame   0x000012bc       0x58 c:/gmd/toolchain/arm_toolchain/bin/../lib/gcc/arm-none-eabi/8.3.1/../../../../arm-none-eabi/lib/thumb/v6-m/nofp\libg_nano.a(lib_a-fwalk.o)
 .debug_frame   0x00001314       0xb0 c:/gmd/toolchain/arm_toolchain/bin/../lib/gcc/arm-none-eabi/8.3.1/../../../../arm-none-eabi/lib/thumb/v6-m/nofp\libg_nano.a(lib_a-lock.o)
 .debug_frame   0x000013c4       0x54 c:/gmd/toolchain/arm_toolchain/bin/../lib/gcc/arm-none-eabi/8.3.1/../../../../arm-none-eabi/lib/thumb/v6-m/nofp\libg_nano.a(lib_a-makebuf.o)
 .debug_frame   0x00001418       0x2c c:/gmd/toolchain/arm_toolchain/bin/../lib/gcc/arm-none-eabi/8.3.1/../../../../arm-none-eabi/lib/thumb/v6-m/nofp\libg_nano.a(lib_a-nano-freer.o)
 .debug_frame   0x00001444       0x30 c:/gmd/toolchain/arm_toolchain/bin/../lib/gcc/arm-none-eabi/8.3.1/../../../../arm-none-eabi/lib/thumb/v6-m/nofp\libg_nano.a(lib_a-nano-mallocr.o)
 .debug_frame   0x00001474       0x48 c:/gmd/toolchain/arm_toolchain/bin/../lib/gcc/arm-none-eabi/8.3.1/../../../../arm-none-eabi/lib/thumb/v6-m/nofp\libg_nano.a(lib_a-reent.o)
 .debug_frame   0x000014bc       0x2c c:/gmd/toolchain/arm_toolchain/bin/../lib/gcc/arm-none-eabi/8.3.1/../../../../arm-none-eabi/lib/thumb/v6-m/nofp\libg_nano.a(lib_a-sbrkr.o)
 .debug_frame   0x000014e8       0x90 c:/gmd/toolchain/arm_toolchain/bin/../lib/gcc/arm-none-eabi/8.3.1/../../../../arm-none-eabi/lib/thumb/v6-m/nofp\libg_nano.a(lib_a-stdio.o)
 .debug_frame   0x00001578       0x2c c:/gmd/toolchain/arm_toolchain/bin/../lib/gcc/arm-none-eabi/8.3.1/../../../../arm-none-eabi/lib/thumb/v6-m/nofp\libg_nano.a(lib_a-writer.o)
 .debug_frame   0x000015a4       0x2c c:/gmd/toolchain/arm_toolchain/bin/../lib/gcc/arm-none-eabi/8.3.1/../../../../arm-none-eabi/lib/thumb/v6-m/nofp\libg_nano.a(lib_a-closer.o)
 .debug_frame   0x000015d0       0x2c c:/gmd/toolchain/arm_toolchain/bin/../lib/gcc/arm-none-eabi/8.3.1/../../../../arm-none-eabi/lib/thumb/v6-m/nofp\libg_nano.a(lib_a-fstatr.o)
 .debug_frame   0x000015fc       0x2c c:/gmd/toolchain/arm_toolchain/bin/../lib/gcc/arm-none-eabi/8.3.1/../../../../arm-none-eabi/lib/thumb/v6-m/nofp\libg_nano.a(lib_a-isattyr.o)
 .debug_frame   0x00001628       0x2c c:/gmd/toolchain/arm_toolchain/bin/../lib/gcc/arm-none-eabi/8.3.1/../../../../arm-none-eabi/lib/thumb/v6-m/nofp\libg_nano.a(lib_a-lseekr.o)
 .debug_frame   0x00001654       0x40 c:/gmd/toolchain/arm_toolchain/bin/../lib/gcc/arm-none-eabi/8.3.1/../../../../arm-none-eabi/lib/thumb/v6-m/nofp\libg_nano.a(lib_a-mlock.o)
 .debug_frame   0x00001694       0x2c c:/gmd/toolchain/arm_toolchain/bin/../lib/gcc/arm-none-eabi/8.3.1/../../../../arm-none-eabi/lib/thumb/v6-m/nofp\libg_nano.a(lib_a-readr.o)
 .debug_frame   0x000016c0       0x20 c:/gmd/toolchain/arm_toolchain/bin/../lib/gcc/arm-none-eabi/8.3.1/../../../../arm-none-eabi/lib/thumb/v6-m/nofp\libnosys.a(close.o)
 .debug_frame   0x000016e0       0x20 c:/gmd/toolchain/arm_toolchain/bin/../lib/gcc/arm-none-eabi/8.3.1/../../../../arm-none-eabi/lib/thumb/v6-m/nofp\libnosys.a(fstat.o)
 .debug_frame   0x00001700       0x20 c:/gmd/toolchain/arm_toolchain/bin/../lib/gcc/arm-none-eabi/8.3.1/../../../../arm-none-eabi/lib/thumb/v6-m/nofp\libnosys.a(isatty.o)
 .debug_frame   0x00001720       0x20 c:/gmd/toolchain/arm_toolchain/bin/../lib/gcc/arm-none-eabi/8.3.1/../../../../arm-none-eabi/lib/thumb/v6-m/nofp\libnosys.a(lseek.o)
 .debug_frame   0x00001740       0x20 c:/gmd/toolchain/arm_toolchain/bin/../lib/gcc/arm-none-eabi/8.3.1/../../../../arm-none-eabi/lib/thumb/v6-m/nofp\libnosys.a(read.o)
 .debug_frame   0x00001760       0x20 c:/gmd/toolchain/arm_toolchain/bin/../lib/gcc/arm-none-eabi/8.3.1/../../../../arm-none-eabi/lib/thumb/v6-m/nofp\libnosys.a(sbrk.o)
 .debug_frame   0x00001780       0x20 c:/gmd/toolchain/arm_toolchain/bin/../lib/gcc/arm-none-eabi/8.3.1/../../../../arm-none-eabi/lib/thumb/v6-m/nofp\libnosys.a(_exit.o)

.debug_loc      0x00000000     0xc02f
 .debug_loc     0x00000000      0x52c ./USER/main.o
 .debug_loc     0x0000052c       0xc2 ./PERIPHERAL/src/GOWIN_M1_spi.o
 .debug_loc     0x000005ee      0x26a ./PERIPHERAL/src/GOWIN_M1_uart.o
 .debug_loc     0x00000858     0x9b9c ./FAT/ff.o
 .debug_loc     0x0000a3f4      0x3fe ./FAT/ffunicode.o
 .debug_loc     0x0000a7f2     0x183d ./FAT/sdmm.o

.stab           0x00000000       0x84
 .stab          0x00000000       0x24 c:/gmd/toolchain/arm_toolchain/bin/../lib/gcc/arm-none-eabi/8.3.1/../../../../arm-none-eabi/lib/thumb/v6-m/nofp\libnosys.a(close.o)
 .stab          0x00000024       0x18 c:/gmd/toolchain/arm_toolchain/bin/../lib/gcc/arm-none-eabi/8.3.1/../../../../arm-none-eabi/lib/thumb/v6-m/nofp\libnosys.a(fstat.o)
                                 0x24 (size before relaxing)
 .stab          0x0000003c       0x18 c:/gmd/toolchain/arm_toolchain/bin/../lib/gcc/arm-none-eabi/8.3.1/../../../../arm-none-eabi/lib/thumb/v6-m/nofp\libnosys.a(isatty.o)
                                 0x24 (size before relaxing)
 .stab          0x00000054       0x18 c:/gmd/toolchain/arm_toolchain/bin/../lib/gcc/arm-none-eabi/8.3.1/../../../../arm-none-eabi/lib/thumb/v6-m/nofp\libnosys.a(lseek.o)
                                 0x24 (size before relaxing)
 .stab          0x0000006c       0x18 c:/gmd/toolchain/arm_toolchain/bin/../lib/gcc/arm-none-eabi/8.3.1/../../../../arm-none-eabi/lib/thumb/v6-m/nofp\libnosys.a(read.o)
                                 0x24 (size before relaxing)

.stabstr        0x00000000      0x183
 .stabstr       0x00000000      0x183 c:/gmd/toolchain/arm_toolchain/bin/../lib/gcc/arm-none-eabi/8.3.1/../../../../arm-none-eabi/lib/thumb/v6-m/nofp\libnosys.a(close.o)
