Archive member included to satisfy reference by file (symbol)

c:/gmd/toolchain/arm_toolchain/bin/../lib/gcc/arm-none-eabi/8.3.1/thumb/v6-m/nofp\libgcc.a(_udivsi3.o)
                              ./PERIPHERAL/src/GOWIN_M1_i2c.o (__aeabi_uidiv)
c:/gmd/toolchain/arm_toolchain/bin/../lib/gcc/arm-none-eabi/8.3.1/thumb/v6-m/nofp\libgcc.a(_dvmd_tls.o)
                              c:/gmd/toolchain/arm_toolchain/bin/../lib/gcc/arm-none-eabi/8.3.1/thumb/v6-m/nofp\libgcc.a(_udivsi3.o) (__aeabi_idiv0)
c:/gmd/toolchain/arm_toolchain/bin/../lib/gcc/arm-none-eabi/8.3.1/thumb/v6-m/nofp\libgcc.a(unwind-arm.o)
                              ./STARTUP/startup_GOWIN_M1.o (__aeabi_unwind_cpp_pr0)
c:/gmd/toolchain/arm_toolchain/bin/../lib/gcc/arm-none-eabi/8.3.1/thumb/v6-m/nofp\libgcc.a(libunwind.o)
                              c:/gmd/toolchain/arm_toolchain/bin/../lib/gcc/arm-none-eabi/8.3.1/thumb/v6-m/nofp\libgcc.a(unwind-arm.o) (restore_core_regs)
c:/gmd/toolchain/arm_toolchain/bin/../lib/gcc/arm-none-eabi/8.3.1/thumb/v6-m/nofp\libgcc.a(pr-support.o)
                              c:/gmd/toolchain/arm_toolchain/bin/../lib/gcc/arm-none-eabi/8.3.1/thumb/v6-m/nofp\libgcc.a(unwind-arm.o) (__gnu_unwind_execute)
c:/gmd/toolchain/arm_toolchain/bin/../lib/gcc/arm-none-eabi/8.3.1/../../../../arm-none-eabi/lib/thumb/v6-m/nofp\libg_nano.a(lib_a-abort.o)
                              c:/gmd/toolchain/arm_toolchain/bin/../lib/gcc/arm-none-eabi/8.3.1/thumb/v6-m/nofp\libgcc.a(unwind-arm.o) (abort)
c:/gmd/toolchain/arm_toolchain/bin/../lib/gcc/arm-none-eabi/8.3.1/../../../../arm-none-eabi/lib/thumb/v6-m/nofp\libg_nano.a(lib_a-exit.o)
                              c:/gmd/toolchain/arm_toolchain/bin/../lib/gcc/arm-none-eabi/8.3.1/../../../../arm-none-eabi/lib/thumb/v6-m/nofp/crt0.o (exit)
c:/gmd/toolchain/arm_toolchain/bin/../lib/gcc/arm-none-eabi/8.3.1/../../../../arm-none-eabi/lib/thumb/v6-m/nofp\libg_nano.a(lib_a-impure.o)
                              c:/gmd/toolchain/arm_toolchain/bin/../lib/gcc/arm-none-eabi/8.3.1/../../../../arm-none-eabi/lib/thumb/v6-m/nofp\libg_nano.a(lib_a-exit.o) (_global_impure_ptr)
c:/gmd/toolchain/arm_toolchain/bin/../lib/gcc/arm-none-eabi/8.3.1/../../../../arm-none-eabi/lib/thumb/v6-m/nofp\libg_nano.a(lib_a-init.o)
                              c:/gmd/toolchain/arm_toolchain/bin/../lib/gcc/arm-none-eabi/8.3.1/../../../../arm-none-eabi/lib/thumb/v6-m/nofp/crt0.o (__libc_init_array)
c:/gmd/toolchain/arm_toolchain/bin/../lib/gcc/arm-none-eabi/8.3.1/../../../../arm-none-eabi/lib/thumb/v6-m/nofp\libg_nano.a(lib_a-memcpy-stub.o)
                              c:/gmd/toolchain/arm_toolchain/bin/../lib/gcc/arm-none-eabi/8.3.1/thumb/v6-m/nofp\libgcc.a(unwind-arm.o) (memcpy)
c:/gmd/toolchain/arm_toolchain/bin/../lib/gcc/arm-none-eabi/8.3.1/../../../../arm-none-eabi/lib/thumb/v6-m/nofp\libg_nano.a(lib_a-memset.o)
                              c:/gmd/toolchain/arm_toolchain/bin/../lib/gcc/arm-none-eabi/8.3.1/../../../../arm-none-eabi/lib/thumb/v6-m/nofp/crt0.o (memset)
c:/gmd/toolchain/arm_toolchain/bin/../lib/gcc/arm-none-eabi/8.3.1/../../../../arm-none-eabi/lib/thumb/v6-m/nofp\libg_nano.a(lib_a-printf.o)
                              ./USER/main.o (printf)
c:/gmd/toolchain/arm_toolchain/bin/../lib/gcc/arm-none-eabi/8.3.1/../../../../arm-none-eabi/lib/thumb/v6-m/nofp\libg_nano.a(lib_a-putchar.o)
                              ./USER/main.o (putchar)
c:/gmd/toolchain/arm_toolchain/bin/../lib/gcc/arm-none-eabi/8.3.1/../../../../arm-none-eabi/lib/thumb/v6-m/nofp\libg_nano.a(lib_a-puts.o)
                              ./USER/main.o (puts)
c:/gmd/toolchain/arm_toolchain/bin/../lib/gcc/arm-none-eabi/8.3.1/../../../../arm-none-eabi/lib/thumb/v6-m/nofp\libg_nano.a(lib_a-signal.o)
                              c:/gmd/toolchain/arm_toolchain/bin/../lib/gcc/arm-none-eabi/8.3.1/../../../../arm-none-eabi/lib/thumb/v6-m/nofp\libg_nano.a(lib_a-abort.o) (raise)
c:/gmd/toolchain/arm_toolchain/bin/../lib/gcc/arm-none-eabi/8.3.1/../../../../arm-none-eabi/lib/thumb/v6-m/nofp\libg_nano.a(lib_a-signalr.o)
                              c:/gmd/toolchain/arm_toolchain/bin/../lib/gcc/arm-none-eabi/8.3.1/../../../../arm-none-eabi/lib/thumb/v6-m/nofp\libg_nano.a(lib_a-signal.o) (_kill_r)
c:/gmd/toolchain/arm_toolchain/bin/../lib/gcc/arm-none-eabi/8.3.1/../../../../arm-none-eabi/lib/thumb/v6-m/nofp\libg_nano.a(lib_a-strlen.o)
                              ./USER/main.o (strlen)
c:/gmd/toolchain/arm_toolchain/bin/../lib/gcc/arm-none-eabi/8.3.1/../../../../arm-none-eabi/lib/thumb/v6-m/nofp\libg_nano.a(lib_a-wbuf.o)
                              c:/gmd/toolchain/arm_toolchain/bin/../lib/gcc/arm-none-eabi/8.3.1/../../../../arm-none-eabi/lib/thumb/v6-m/nofp\libg_nano.a(lib_a-puts.o) (__swbuf_r)
c:/gmd/toolchain/arm_toolchain/bin/../lib/gcc/arm-none-eabi/8.3.1/../../../../arm-none-eabi/lib/thumb/v6-m/nofp\libg_nano.a(lib_a-wsetup.o)
[...]
Memory Configuration

Name             Origin             Length             Attributes
FLASH            0x00000000         0x00010000         xr
RAM              0x20000000         0x00002000         xrw
*default*        0x00000000         0xffffffff

Linker script and memory map

LOAD c:/gmd/toolchain/arm_toolchain/bin/../lib/gcc/arm-none-eabi/8.3.1/thumb/v6-m/nofp/crti.o
LOAD c:/gmd/toolchain/arm_toolchain/bin/../lib/gcc/arm-none-eabi/8.3.1/thumb/v6-m/nofp/crtbegin.o
LOAD c:/gmd/toolchain/arm_toolchain/bin/../lib/gcc/arm-none-eabi/8.3.1/../../../../arm-none-eabi/lib/thumb/v6-m/nofp/crt0.o
LOAD ./USER/GOWIN_M1_it.o
LOAD ./USER/main.o
LOAD ./SYSTEM/system_GOWIN_M1.o
LOAD ./STARTUP/startup_GOWIN_M1.o
LOAD ./PERIPHERAL/src/GOWIN_M1_can.o
LOAD ./PERIPHERAL/src/GOWIN_M1_ddr3.o
LOAD ./PERIPHERAL/src/GOWIN_M1_dualtimer.o
LOAD ./PERIPHERAL/src/GOWIN_M1_ethernet.o
LOAD ./PERIPHERAL/src/GOWIN_M1_gpio.o
LOAD ./PERIPHERAL/src/GOWIN_M1_i2c.o
LOAD ./PERIPHERAL/src/GOWIN_M1_misc.o
LOAD ./PERIPHERAL/src/GOWIN_M1_psram.o
LOAD ./PERIPHERAL/src/GOWIN_M1_rtc.o
LOAD ./PERIPHERAL/src/GOWIN_M1_sdcard.o
LOAD ./PERIPHERAL/src/GOWIN_M1_spi.o
LOAD ./PERIPHERAL/src/GOWIN_M1_spi_flash.o
LOAD ./PERIPHERAL/src/GOWIN_M1_timer.o
LOAD ./PERIPHERAL/src/GOWIN_M1_trng.o
LOAD ./PERIPHERAL/src/GOWIN_M1_uart.o
LOAD ./PERIPHERAL/src/GOWIN_M1_wdog.o
LOAD ./FAT/ff.o
LOAD ./FAT/ffunicode.o
LOAD ./FAT/sdmm.o
START GROUP
LOAD c:/gmd/toolchain/arm_toolchain/bin/../lib/gcc/arm-none-eabi/8.3.1/thumb/v6-m/nofp\libgcc.a
LOAD c:/gmd/toolchain/arm_toolchain/bin/../lib/gcc/arm-none-eabi/8.3.1/../../../../arm-none-eabi/lib/thumb/v6-m/nofp\libg_nano.a
LOAD c:/gmd/toolchain/arm_toolchain/bin/../lib/gcc/arm-none-eabi/8.3.1/../../../../arm-none-eabi/lib/thumb/v6-m/nofp\libc_nano.a
END GROUP
START GROUP
LOAD c:/gmd/toolchain/arm_toolchain/bin/../lib/gcc/arm-none-eabi/8.3.1/thumb/v6-m/nofp\libgcc.a
LOAD c:/gmd/toolchain/arm_toolchain/bin/../lib/gcc/arm-none-eabi/8.3.1/../../../../arm-none-eabi/lib/thumb/v6-m/nofp\libc_nano.a
END GROUP
LOAD c:/gmd/toolchain/arm_toolchain/bin/../lib/gcc/arm-none-eabi/8.3.1/thumb/v6-m/nofp/crtend.o
LOAD c:/gmd/toolchain/arm_toolchain/bin/../lib/gcc/arm-none-eabi/8.3.1/thumb/v6-m/nofp/crtn.o
START GROUP
LOAD c:/gmd/toolchain/arm_toolchain/bin/../lib/gcc/arm-none-eabi/8.3.1/thumb/v6-m/nofp\libgcc.a
LOAD c:/gmd/toolchain/arm_toolchain/bin/../lib/gcc/arm-none-eabi/8.3.1/../../../../arm-none-eabi/lib/thumb/v6-m/nofp\libc.a
LOAD c:/gmd/toolchain/arm_toolchain/bin/../lib/gcc/arm-none-eabi/8.3.1/../../../../arm-none-eabi/lib/thumb/v6-m/nofp\libm.a
LOAD c:/gmd/toolchain/arm_toolchain/bin/../lib/gcc/arm-none-eabi/8.3.1/../../../../arm-none-eabi/lib/thumb/v6-m/nofp\libnosys.a
END GROUP

.text           0x00000000     0x57dc
 *(.vectors)
 .vectors       0x00000000       0xc0 ./STARTUP/startup_GOWIN_M1.o
                0x00000000                __Vectors
                0x000000c0                __Vectors_End
 *(.text*)
 .text          0x000000c0       0x48 c:/gmd/toolchain/arm_toolchain/bin/../lib/gcc/arm-none-eabi/8.3.1/thumb/v6-m/nofp/crtbegin.o
 .text          0x00000108       0x78 c:/gmd/toolchain/arm_toolchain/bin/../lib/gcc/arm-none-eabi/8.3.1/../../../../arm-none-eabi/lib/thumb/v6-m/nofp/crt0.o
                0x00000108                _start
                0x00000108                _mainCRTStartup
 .text.NMI_Handler
                0x00000180        0x4 ./USER/GOWIN_M1_it.o
                0x00000180                NMI_Handler
 .text.HardFault_Handler
                0x00000184        0x4 ./USER/GOWIN_M1_it.o
                0x00000184                HardFault_Handler
 .text.SVC_Handler
                0x00000188        0x4 ./USER/GOWIN_M1_it.o
                0x00000188                SVC_Handler
 .text.PendSV_Handler
                0x0000018c        0x4 ./USER/GOWIN_M1_it.o
                0x0000018c                PendSV_Handler
 .text.SysTick_Handler
                0x00000190        0x4 ./USER/GOWIN_M1_it.o
                0x00000190                SysTick_Handler
 .text.UART0_Handler
                0x00000194        0x4 ./USER/GOWIN_M1_it.o
                0x00000194                UART0_Handler
 .text.UART1_Handler
                0x00000198        0x4 ./USER/GOWIN_M1_it.o
                0x00000198                UART1_Handler
 .text.TIMER0_Handler
                0x0000019c        0x4 ./USER/GOWIN_M1_it.o
                0x0000019c                TIMER0_Handler
 .text.TIMER1_Handler
                0x000001a0        0x4 ./USER/GOWIN_M1_it.o
                0x000001a0                TIMER1_Handler
 .text.GPIO0_Handler
                0x000001a4        0x4 ./USER/GOWIN_M1_it.o
                0x000001a4                GPIO0_Handler
 .text.RTC_Handler
                0x000001a8        0x4 ./USER/GOWIN_M1_it.o
                0x000001a8                RTC_Handler
 .text.I2C_Handler
                0x000001ac        0x4 ./USER/GOWIN_M1_it.o
                0x000001ac                I2C_Handler
 .text.CAN_Handler
                0x000001b0        0x4 ./USER/GOWIN_M1_it.o
                0x000001b0                CAN_Handler
 .text.ENT_Handler
                0x000001b4        0x4 ./USER/GOWIN_M1_it.o
                0x000001b4                ENT_Handler
 .text.DTimer_Handler
                0x000001b8        0x4 ./USER/GOWIN_M1_it.o
                0x000001b8                DTimer_Handler
 .text.TRNG_Handler
                0x000001bc        0x4 ./USER/GOWIN_M1_it.o
                0x000001bc                TRNG_Handler
 .text.GPIO0_0_Handler
                0x000001c0        0x4 ./USER/GOWIN_M1_it.o
                0x000001c0                GPIO0_0_Handler
 .text.GPIO0_1_Handler
                0x000001c4        0x4 ./USER/GOWIN_M1_it.o
                0x000001c4                GPIO0_1_Handler
 .text.GPIO0_2_Handler
                0x000001c8        0x4 ./USER/GOWIN_M1_it.o
                0x000001c8                GPIO0_2_Handler
 .text.GPIO0_3_Handler
                0x000001cc        0x4 ./USER/GOWIN_M1_it.o
                0x000001cc                GPIO0_3_Handler
 .text.GPIO0_4_Handler
                0x000001d0        0x4 ./USER/GOWIN_M1_it.o
                0x000001d0                GPIO0_4_Handler
 .text.GPIO0_5_Handler
                0x000001d4        0x4 ./USER/GOWIN_M1_it.o
                0x000001d4                GPIO0_5_Handler
 .text.GPIO0_6_Handler
                0x000001d8        0x4 ./USER/GOWIN_M1_it.o
                0x000001d8                GPIO0_6_Handler
 .text.GPIO0_7_Handler
                0x000001dc        0x4 ./USER/GOWIN_M1_it.o
                0x000001dc                GPIO0_7_Handler
 .text.GPIO0_8_Handler
                0x000001e0        0x4 ./USER/GOWIN_M1_it.o
                0x000001e0                GPIO0_8_Handler
 .text.GPIO0_9_Handler
                0x000001e4        0x4 ./USER/GOWIN_M1_it.o
                0x000001e4                GPIO0_9_Handler
 .text.GPIO0_10_Handler
                0x000001e8        0x4 ./USER/GOWIN_M1_it.o
                0x000001e8                GPIO0_10_Handler
 .text.GPIO0_11_Handler
                0x000001ec        0x4 ./USER/GOWIN_M1_it.o
                0x000001ec                GPIO0_11_Handler
 .text.GPIO0_12_Handler
                0x000001f0        0x4 ./USER/GOWIN_M1_it.o
                0x000001f0                GPIO0_12_Handler
 .text.GPIO0_13_Handler
                0x000001f4        0x4 ./USER/GOWIN_M1_it.o
                0x000001f4                GPIO0_13_Handler
 .text.GPIO0_14_Handler
                0x000001f8        0x4 ./USER/GOWIN_M1_it.o
                0x000001f8                GPIO0_14_Handler
 .text.GPIO0_15_Handler
                0x000001fc        0x4 ./USER/GOWIN_M1_it.o
                0x000001fc                GPIO0_15_Handler
 .text._write   0x00000200       0x24 ./USER/main.o
                0x00000200                _write
 .text.UartInit
                0x00000224       0x28 ./USER/main.o
                0x00000224                UartInit
 .text.scan_files
                0x0000024c       0xa4 ./USER/main.o
                0x0000024c                scan_files
 .text.TVC_WRpulse
                0x000002f0       0x30 ./USER/main.o
                0x000002f0                TVC_WRpulse
 .text.TVC_Write
                0x00000320       0xa0 ./USER/main.o
                0x00000320                TVC_Write
 .text.TVC_SendFile
                0x000003c0       0xd4 ./USER/main.o
                0x000003c0                TVC_SendFile
 .text.GPIOInit
                0x00000494       0x28 ./USER/main.o
                0x00000494                GPIOInit
 .text.startup.main
                0x000004bc       0xc8 ./USER/main.o
                0x000004bc                main
 .text.SystemInit
                0x00000584       0x10 ./SYSTEM/system_GOWIN_M1.o
                0x00000584                SystemInit
 .text          0x00000594       0x40 ./STARTUP/startup_GOWIN_M1.o
                0x00000594                Reset_Handler
                0x000005be                Default_Handler
                0x000005be                Interrupt10_Handler
                0x000005be                Interrupt14_Handler
                0x000005be                Interrupt13_Handler
                0x000005be                Interrupt15_Handler
                0x000005be                UARTOVF_Handler
 .text.GPIO_Init
                0x000005d4       0xd8 ./PERIPHERAL/src/GOWIN_M1_gpio.o
                0x000005d4                GPIO_Init
 .text.GPIO_WriteBits
                0x000006ac        0x4 ./PERIPHERAL/src/GOWIN_M1_gpio.o
                0x000006ac                GPIO_WriteBits
 .text.SPI_Init
                0x000006b0       0x34 ./PERIPHERAL/src/GOWIN_M1_spi.o
                0x000006b0                SPI_Init
 .text.SPI_ReadWriteByte
                0x000006e4       0x20 ./PERIPHERAL/src/GOWIN_M1_spi.o
                0x000006e4                SPI_ReadWriteByte
 .text.SPI_Select_Slave
                0x00000704        0xc ./PERIPHERAL/src/GOWIN_M1_spi.o
                0x00000704                SPI_Select_Slave
 .text.UART_Init
                0x00000710       0x78 ./PERIPHERAL/src/GOWIN_M1_uart.o
                0x00000710                UART_Init
 .text.UART_GetRxBufferFull
                0x00000788        0x8 ./PERIPHERAL/src/GOWIN_M1_uart.o
                0x00000788                UART_GetRxBufferFull
 .text.UART_SendChar
                0x00000790        0xc ./PERIPHERAL/src/GOWIN_M1_uart.o
                0x00000790                UART_SendChar
 .text.UART_SendString
                0x0000079c       0x20 ./PERIPHERAL/src/GOWIN_M1_uart.o
                0x0000079c                UART_SendString
 .text.UART_ReceiveChar
                0x000007bc       0x10 ./PERIPHERAL/src/GOWIN_M1_uart.o
                0x000007bc                UART_ReceiveChar
 .text.get_ldnumber
                0x000007cc       0x44 ./FAT/ff.o
 .text.validate
                0x00000810       0x38 ./FAT/ff.o
 .text.tchar2uni
                0x00000848       0x28 ./FAT/ff.o
 .text.mem_cpy.part.0
                0x00000870       0x10 ./FAT/ff.o
 .text.sync_window.part.5
                0x00000880       0x44 ./FAT/ff.o
 .text.dir_clear
                0x000008c4       0x78 ./FAT/ff.o
 .text.sync_fs  0x0000093c       0xf4 ./FAT/ff.o
 .text.move_window.part.6
                0x00000a30       0x34 ./FAT/ff.o
 .text.check_fs
                0x00000a64       0x9c ./FAT/ff.o
 .text.find_volume
                0x00000b00      0x3e4 ./FAT/ff.o
 .text.put_fat.part.8
                0x00000ee4      0x140 ./FAT/ff.o
 .text.get_fat.isra.9
                0x00001024       0xec ./FAT/ff.o
 .text.dir_sdi  0x00001110       0xa4 ./FAT/ff.o
 .text.create_chain
                0x000011b4      0x110 ./FAT/ff.o
 .text.remove_chain
                0x000012c4       0x98 ./FAT/ff.o
 .text.dir_next
                0x0000135c       0xdc ./FAT/ff.o
 .text.dir_alloc
                0x00001438       0x64 ./FAT/ff.o
 .text.dir_read
                0x0000149c      0x168 ./FAT/ff.o
 .text.dir_find
                0x00001604      0x1d4 ./FAT/ff.o
 .text.follow_path
                0x000017d8      0x40c ./FAT/ff.o
 .text.dir_register
                0x00001be4      0x2fc ./FAT/ff.o
 .text.get_fileinfo
                0x00001ee0      0x1c0 ./FAT/ff.o
 .text.f_mount  0x000020a0       0x50 ./FAT/ff.o
                0x000020a0                f_mount
 .text.f_open   0x000020f0      0x24c ./FAT/ff.o
                0x000020f0                f_open
 .text.f_read   0x0000233c      0x19c ./FAT/ff.o
                0x0000233c                f_read
 .text.f_sync   0x000024d8       0xb0 ./FAT/ff.o
                0x000024d8                f_sync
 .text.f_close  0x00002588       0x24 ./FAT/ff.o
                0x00002588                f_close
 .text.f_lseek  0x000025ac      0x178 ./FAT/ff.o
                0x000025ac                f_lseek
 .text.f_opendir
                0x00002724       0x88 ./FAT/ff.o
                0x00002724                f_opendir
 .text.f_closedir
                0x000027ac       0x18 ./FAT/ff.o
                0x000027ac                f_closedir
 .text.f_readdir
                0x000027c4       0x48 ./FAT/ff.o
                0x000027c4                f_readdir
 .text.ff_uni2oem
                0x0000280c       0x44 ./FAT/ffunicode.o
                0x0000280c                ff_uni2oem
 .text.ff_oem2uni
                0x00002850       0x2c ./FAT/ffunicode.o
                0x00002850                ff_oem2uni
 .text.ff_wtoupper
                0x0000287c       0xc4 ./FAT/ffunicode.o
                0x0000287c                ff_wtoupper
 .text.wait_ready
                0x00002940       0x34 ./FAT/sdmm.o
 .text.rcvr_datablock
                0x00002974       0x54 ./FAT/sdmm.o
 .text._select  0x000029c8       0x2c ./FAT/sdmm.o
 .text.send_cmd
                0x000029f4       0xec ./FAT/sdmm.o
 .text.xmit_datablock
                0x00002ae0       0x50 ./FAT/sdmm.o
 .text.SPIxInit
                0x00002b30       0x14 ./FAT/sdmm.o
                0x00002b30                SPIxInit
 .text.dly_us   0x00002b44       0x14 ./FAT/sdmm.o
                0x00002b44                dly_us
 .text.disk_status
                0x00002b58       0x14 ./FAT/sdmm.o
                0x00002b58                disk_status
 .text.disk_initialize
                0x00002b6c      0x190 ./FAT/sdmm.o
                0x00002b6c                disk_initialize
 .text.disk_read
                0x00002cfc       0x84 ./FAT/sdmm.o
                0x00002cfc                disk_read
 .text.disk_write
                0x00002d80       0xb8 ./FAT/sdmm.o
                0x00002d80                disk_write
 .text.disk_ioctl
                0x00002e38       0xc8 ./FAT/sdmm.o
                0x00002e38                disk_ioctl
 .text          0x00002f00      0x114 c:/gmd/toolchain/arm_toolchain/bin/../lib/gcc/arm-none-eabi/8.3.1/thumb/v6-m/nofp\libgcc.a(_udivsi3.o)
                0x00002f00                __aeabi_uidiv
                0x00002f00                __udivsi3
                0x0000300c                __aeabi_uidivmod
 .text          0x00003014        0x4 c:/gmd/toolchain/arm_toolchain/bin/../lib/gcc/arm-none-eabi/8.3.1/thumb/v6-m/nofp\libgcc.a(_dvmd_tls.o)
                0x00003014                __aeabi_idiv0
                0x00003014                __aeabi_ldiv0
 .text          0x00003018      0xa44 c:/gmd/toolchain/arm_toolchain/bin/../lib/gcc/arm-none-eabi/8.3.1/thumb/v6-m/nofp\libgcc.a(unwind-arm.o)
                0x000032e4                _Unwind_GetCFA
                0x000032e8                __gnu_Unwind_RaiseException
                0x0000333c                __gnu_Unwind_ForcedUnwind
                0x00003350                __gnu_Unwind_Resume
                0x00003398                __gnu_Unwind_Resume_or_Rethrow
                0x000033b4                _Unwind_Complete
                0x000033b8                _Unwind_DeleteException
                0x000033c8                _Unwind_VRS_Get
                0x00003418                _Unwind_VRS_Set
                0x00003468                __gnu_Unwind_Backtrace
                0x000037c8                __aeabi_unwind_cpp_pr0
                0x000037d4                __aeabi_unwind_cpp_pr1
                0x000037e0                __aeabi_unwind_cpp_pr2
                0x000037ec                _Unwind_VRS_Pop
 .text          0x00003a5c      0x144 c:/gmd/toolchain/arm_toolchain/bin/../lib/gcc/arm-none-eabi/8.3.1/thumb/v6-m/nofp\libgcc.a(libunwind.o)
                0x00003a5c                __restore_core_regs
                0x00003a5c                restore_core_regs
                0x00003a88                __gnu_Unwind_Restore_VFP
                0x00003a8c                __gnu_Unwind_Save_VFP
                0x00003a90                __gnu_Unwind_Restore_VFP_D
                0x00003a94                __gnu_Unwind_Save_VFP_D
                0x00003a98                __gnu_Unwind_Restore_VFP_D_16_to_31
                0x00003a9c                __gnu_Unwind_Save_VFP_D_16_to_31
                0x00003aa0                __gnu_Unwind_Restore_WMMXD
                0x00003aa4                __gnu_Unwind_Save_WMMXD
                0x00003aa8                __gnu_Unwind_Restore_WMMXC
                0x00003aac                __gnu_Unwind_Save_WMMXC
                0x00003ab0                ___Unwind_RaiseException
                0x00003ab0                _Unwind_RaiseException
                0x00003ae0                _Unwind_Resume
                0x00003ae0                ___Unwind_Resume
                0x00003b10                _Unwind_Resume_or_Rethrow
                0x00003b10                ___Unwind_Resume_or_Rethrow
                0x00003b40                _Unwind_ForcedUnwind
                0x00003b40                ___Unwind_ForcedUnwind
                0x00003b70                ___Unwind_Backtrace
                0x00003b70                _Unwind_Backtrace
 .text          0x00003ba0      0x390 c:/gmd/toolchain/arm_toolchain/bin/../lib/gcc/arm-none-eabi/8.3.1/thumb/v6-m/nofp\libgcc.a(pr-support.o)
                0x00003bf4                __gnu_unwind_execute
                0x00003ee8                __gnu_unwind_frame
                0x00003f10                _Unwind_GetRegionStart
                0x00003f1c                _Unwind_GetLanguageSpecificData
 .text.abort    0x00003f30        0xe c:/gmd/toolchain/arm_toolchain/bin/../lib/gcc/arm-none-eabi/8.3.1/../../../../arm-none-eabi/lib/thumb/v6-m/nofp\libg_nano.a(lib_a-abort.o)
                0x00003f30                abort
 *fill*         0x00003f3e        0x2 
 .text.exit     0x00003f40       0x2c c:/gmd/toolchain/arm_toolchain/bin/../lib/gcc/arm-none-eabi/8.3.1/../../../../arm-none-eabi/lib/thumb/v6-m/nofp\libg_nano.a(lib_a-exit.o)
                0x00003f40                exit
 .text.__libc_init_array
                0x00003f6c       0x48 c:/gmd/toolchain/arm_toolchain/bin/../lib/gcc/arm-none-eabi/8.3.1/../../../../arm-none-eabi/lib/thumb/v6-m/nofp\libg_nano.a(lib_a-init.o)
                0x00003f6c                __libc_init_array
 .text.memcpy   0x00003fb4       0x12 c:/gmd/toolchain/arm_toolchain/bin/../lib/gcc/arm-none-eabi/8.3.1/../../../../arm-none-eabi/lib/thumb/v6-m/nofp\libg_nano.a(lib_a-memcpy-stub.o)
                0x00003fb4                memcpy
 .text.memset   0x00003fc6       0x10 c:/gmd/toolchain/arm_toolchain/bin/../lib/gcc/arm-none-eabi/8.3.1/../../../../arm-none-eabi/lib/thumb/v6-m/nofp\libg_nano.a(lib_a-memset.o)
                0x00003fc6                memset
 *fill*         0x00003fd6        0x2 
 .text.printf   0x00003fd8       0x34 c:/gmd/toolchain/arm_toolchain/bin/../lib/gcc/arm-none-eabi/8.3.1/../../../../arm-none-eabi/lib/thumb/v6-m/nofp\libg_nano.a(lib_a-printf.o)
                0x00003fd8                iprintf
                0x00003fd8                printf
 .text.putchar  0x0000400c       0x28 c:/gmd/toolchain/arm_toolchain/bin/../lib/gcc/arm-none-eabi/8.3.1/../../../../arm-none-eabi/lib/thumb/v6-m/nofp\libg_nano.a(lib_a-putchar.o)
                0x0000400c                putchar
 .text._puts_r  0x00004034       0xe4 c:/gmd/toolchain/arm_toolchain/bin/../lib/gcc/arm-none-eabi/8.3.1/../../../../arm-none-eabi/lib/thumb/v6-m/nofp\libg_nano.a(lib_a-puts.o)
                0x00004034                _puts_r
 .text.puts     0x00004118       0x14 c:/gmd/toolchain/arm_toolchain/bin/../lib/gcc/arm-none-eabi/8.3.1/../../../../arm-none-eabi/lib/thumb/v6-m/nofp\libg_nano.a(lib_a-puts.o)
                0x00004118                puts
 .text._raise_r
                0x0000412c       0x54 c:/gmd/toolchain/arm_toolchain/bin/../lib/gcc/arm-none-eabi/8.3.1/../../../../arm-none-eabi/lib/thumb/v6-m/nofp\libg_nano.a(lib_a-signal.o)
                0x0000412c                _raise_r
 .text.raise    0x00004180       0x14 c:/gmd/toolchain/arm_toolchain/bin/../lib/gcc/arm-none-eabi/8.3.1/../../../../arm-none-eabi/lib/thumb/v6-m/nofp\libg_nano.a(lib_a-signal.o)
                0x00004180                raise
 .text._kill_r  0x00004194       0x24 c:/gmd/toolchain/arm_toolchain/bin/../lib/gcc/arm-none-eabi/8.3.1/../../../../arm-none-eabi/lib/thumb/v6-m/nofp\libg_nano.a(lib_a-signalr.o)
                0x00004194                _kill_r
 .text._getpid_r
                0x000041b8        0x8 c:/gmd/toolchain/arm_toolchain/bin/../lib/gcc/arm-none-eabi/8.3.1/../../../../arm-none-eabi/lib/thumb/v6-m/nofp\libg_nano.a(lib_a-signalr.o)
                0x000041b8                _getpid_r
 .text          0x000041c0        0xe c:/gmd/toolchain/arm_toolchain/bin/../lib/gcc/arm-none-eabi/8.3.1/../../../../arm-none-eabi/lib/thumb/v6-m/nofp\libg_nano.a(lib_a-strlen.o)
                0x000041c0                strlen
 *fill*         0x000041ce        0x2 
 .text.__swbuf_r
                0x000041d0       0xac c:/gmd/toolchain/arm_toolchain/bin/../lib/gcc/arm-none-eabi/8.3.1/../../../../arm-none-eabi/lib/thumb/v6-m/nofp\libg_nano.a(lib_a-wbuf.o)
                0x000041d0                __swbuf_r
 .text.__swsetup_r
                0x0000427c       0xec c:/gmd/toolchain/arm_toolchain/bin/../lib/gcc/arm-none-eabi/8.3.1/../../../../arm-none-eabi/lib/thumb/v6-m/nofp\libg_nano.a(lib_a-wsetup.o)
                0x0000427c                __swsetup_r
 .text.__sflush_r
                0x00004368      0x114 c:/gmd/toolchain/arm_toolchain/bin/../lib/gcc/arm-none-eabi/8.3.1/../../../../arm-none-eabi/lib/thumb/v6-m/nofp\libg_nano.a(lib_a-fflush.o)
                0x00004368                __sflush_r
 .text._fflush_r
                0x0000447c       0x80 c:/gmd/toolchain/arm_toolchain/bin/../lib/gcc/arm-none-eabi/8.3.1/../../../../arm-none-eabi/lib/thumb/v6-m/nofp\libg_nano.a(lib_a-fflush.o)
                0x0000447c                _fflush_r
 .text.std      0x000044fc       0x48 c:/gmd/toolchain/arm_toolchain/bin/../lib/gcc/arm-none-eabi/8.3.1/../../../../arm-none-eabi/lib/thumb/v6-m/nofp\libg_nano.a(lib_a-findfp.o)
 .text._cleanup_r
                0x00004544       0x10 c:/gmd/toolchain/arm_toolchain/bin/../lib/gcc/arm-none-eabi/8.3.1/../../../../arm-none-eabi/lib/thumb/v6-m/nofp\libg_nano.a(lib_a-findfp.o)
                0x00004544                _cleanup_r
 .text.__sfmoreglue
                0x00004554       0x2c c:/gmd/toolchain/arm_toolchain/bin/../lib/gcc/arm-none-eabi/8.3.1/../../../../arm-none-eabi/lib/thumb/v6-m/nofp\libg_nano.a(lib_a-findfp.o)
                0x00004554                __sfmoreglue
 .text.__sfp_lock_acquire
                0x00004580       0x10 c:/gmd/toolchain/arm_toolchain/bin/../lib/gcc/arm-none-eabi/8.3.1/../../../../arm-none-eabi/lib/thumb/v6-m/nofp\libg_nano.a(lib_a-findfp.o)
                0x00004580                __sfp_lock_acquire
 .text.__sfp_lock_release
                0x00004590       0x10 c:/gmd/toolchain/arm_toolchain/bin/../lib/gcc/arm-none-eabi/8.3.1/../../../../arm-none-eabi/lib/thumb/v6-m/nofp\libg_nano.a(lib_a-findfp.o)
                0x00004590                __sfp_lock_release
 .text.__sinit_lock_acquire
                0x000045a0       0x10 c:/gmd/toolchain/arm_toolchain/bin/../lib/gcc/arm-none-eabi/8.3.1/../../../../arm-none-eabi/lib/thumb/v6-m/nofp\libg_nano.a(lib_a-findfp.o)
                0x000045a0                __sinit_lock_acquire
 .text.__sinit_lock_release
                0x000045b0       0x10 c:/gmd/toolchain/arm_toolchain/bin/../lib/gcc/arm-none-eabi/8.3.1/../../../../arm-none-eabi/lib/thumb/v6-m/nofp\libg_nano.a(lib_a-findfp.o)
                0x000045b0                __sinit_lock_release
 .text.__sinit  0x000045c0       0x70 c:/gmd/toolchain/arm_toolchain/bin/../lib/gcc/arm-none-eabi/8.3.1/../../../../arm-none-eabi/lib/thumb/v6-m/nofp\libg_nano.a(lib_a-findfp.o)
                0x000045c0                __sinit
 .text.__sfp    0x00004630       0x90 c:/gmd/toolchain/arm_toolchain/bin/../lib/gcc/arm-none-eabi/8.3.1/../../../../arm-none-eabi/lib/thumb/v6-m/nofp\libg_nano.a(lib_a-findfp.o)
                0x00004630                __sfp
 .text._fwalk_reent
                0x000046c0       0x42 c:/gmd/toolchain/arm_toolchain/bin/../lib/gcc/arm-none-eabi/8.3.1/../../../../arm-none-eabi/lib/thumb/v6-m/nofp\libg_nano.a(lib_a-fwalk.o)
                0x000046c0                _fwalk_reent
 .text.__retarget_lock_init_recursive
                0x00004702        0x2 c:/gmd/toolchain/arm_toolchain/bin/../lib/gcc/arm-none-eabi/8.3.1/../../../../arm-none-eabi/lib/thumb/v6-m/nofp\libg_nano.a(lib_a-lock.o)
                0x00004702                __retarget_lock_init_recursive
 .text.__retarget_lock_acquire_recursive
                0x00004704        0x2 c:/gmd/toolchain/arm_toolchain/bin/../lib/gcc/arm-none-eabi/8.3.1/../../../../arm-none-eabi/lib/thumb/v6-m/nofp\libg_nano.a(lib_a-lock.o)
                0x00004704                __retarget_lock_acquire_recursive
 .text.__retarget_lock_release_recursive
                0x00004706        0x2 c:/gmd/toolchain/arm_toolchain/bin/../lib/gcc/arm-none-eabi/8.3.1/../../../../arm-none-eabi/lib/thumb/v6-m/nofp\libg_nano.a(lib_a-lock.o)
                0x00004706                __retarget_lock_release_recursive
 .text.__swhatbuf_r
                0x00004708       0x50 c:/gmd/toolchain/arm_toolchain/bin/../lib/gcc/arm-none-eabi/8.3.1/../../../../arm-none-eabi/lib/thumb/v6-m/nofp\libg_nano.a(lib_a-makebuf.o)
                0x00004708                __swhatbuf_r
 .text.__smakebuf_r
                0x00004758       0x88 c:/gmd/toolchain/arm_toolchain/bin/../lib/gcc/arm-none-eabi/8.3.1/../../../../arm-none-eabi/lib/thumb/v6-m/nofp\libg_nano.a(lib_a-makebuf.o)
                0x00004758                __smakebuf_r
 .text._free_r  0x000047e0       0x94 c:/gmd/toolchain/arm_toolchain/bin/../lib/gcc/arm-none-eabi/8.3.1/../../../../arm-none-eabi/lib/thumb/v6-m/nofp\libg_nano.a(lib_a-nano-freer.o)
                0x000047e0                _free_r
 .text._malloc_r
                0x00004874       0xbc c:/gmd/toolchain/arm_toolchain/bin/../lib/gcc/arm-none-eabi/8.3.1/../../../../arm-none-eabi/lib/thumb/v6-m/nofp\libg_nano.a(lib_a-nano-mallocr.o)
                0x00004874                _malloc_r
 .text.__sfputc_r
                0x00004930       0x2a c:/gmd/toolchain/arm_toolchain/bin/../lib/gcc/arm-none-eabi/8.3.1/../../../../arm-none-eabi/lib/thumb/v6-m/nofp\libg_nano.a(lib_a-nano-vfprintf.o)
 .text.__sfputs_r
                0x0000495a       0x24 c:/gmd/toolchain/arm_toolchain/bin/../lib/gcc/arm-none-eabi/8.3.1/../../../../arm-none-eabi/lib/thumb/v6-m/nofp\libg_nano.a(lib_a-nano-vfprintf.o)
                0x0000495a                __sfputs_r
 *fill*         0x0000497e        0x2 
 .text._vfprintf_r
                0x00004980      0x26c c:/gmd/toolchain/arm_toolchain/bin/../lib/gcc/arm-none-eabi/8.3.1/../../../../arm-none-eabi/lib/thumb/v6-m/nofp\libg_nano.a(lib_a-nano-vfprintf.o)
                0x00004980                _vfprintf_r
                0x00004980                _vfiprintf_r
 .text._printf_common
                0x00004bec       0xda c:/gmd/toolchain/arm_toolchain/bin/../lib/gcc/arm-none-eabi/8.3.1/../../../../arm-none-eabi/lib/thumb/v6-m/nofp\libg_nano.a(lib_a-nano-vfprintf_i.o)
                0x00004bec                _printf_common
 *fill*         0x00004cc6        0x2 
 .text._printf_i
                0x00004cc8      0x214 c:/gmd/toolchain/arm_toolchain/bin/../lib/gcc/arm-none-eabi/8.3.1/../../../../arm-none-eabi/lib/thumb/v6-m/nofp\libg_nano.a(lib_a-nano-vfprintf_i.o)
                0x00004cc8                _printf_i
 .text._putc_r  0x00004edc       0x94 c:/gmd/toolchain/arm_toolchain/bin/../lib/gcc/arm-none-eabi/8.3.1/../../../../arm-none-eabi/lib/thumb/v6-m/nofp\libg_nano.a(lib_a-putc.o)
                0x00004edc                _putc_r
 .text._sbrk_r  0x00004f70       0x24 c:/gmd/toolchain/arm_toolchain/bin/../lib/gcc/arm-none-eabi/8.3.1/../../../../arm-none-eabi/lib/thumb/v6-m/nofp\libg_nano.a(lib_a-sbrkr.o)
                0x00004f70                _sbrk_r
 .text.__sread  0x00004f94       0x28 c:/gmd/toolchain/arm_toolchain/bin/../lib/gcc/arm-none-eabi/8.3.1/../../../../arm-none-eabi/lib/thumb/v6-m/nofp\libg_nano.a(lib_a-stdio.o)
                0x00004f94                __sread
 .text.__swrite
                0x00004fbc       0x38 c:/gmd/toolchain/arm_toolchain/bin/../lib/gcc/arm-none-eabi/8.3.1/../../../../arm-none-eabi/lib/thumb/v6-m/nofp\libg_nano.a(lib_a-stdio.o)
                0x00004fbc                __swrite
 .text.__sseek  0x00004ff4       0x2c c:/gmd/toolchain/arm_toolchain/bin/../lib/gcc/arm-none-eabi/8.3.1/../../../../arm-none-eabi/lib/thumb/v6-m/nofp\libg_nano.a(lib_a-stdio.o)
                0x00004ff4                __sseek
 .text.__sclose
                0x00005020        0xc c:/gmd/toolchain/arm_toolchain/bin/../lib/gcc/arm-none-eabi/8.3.1/../../../../arm-none-eabi/lib/thumb/v6-m/nofp\libg_nano.a(lib_a-stdio.o)
                0x00005020                __sclose
 .text._write_r
                0x0000502c       0x28 c:/gmd/toolchain/arm_toolchain/bin/../lib/gcc/arm-none-eabi/8.3.1/../../../../arm-none-eabi/lib/thumb/v6-m/nofp\libg_nano.a(lib_a-writer.o)
                0x0000502c                _write_r
 .text._close_r
                0x00005054       0x24 c:/gmd/toolchain/arm_toolchain/bin/../lib/gcc/arm-none-eabi/8.3.1/../../../../arm-none-eabi/lib/thumb/v6-m/nofp\libg_nano.a(lib_a-closer.o)
                0x00005054                _close_r
 .text._fstat_r
                0x00005078       0x24 c:/gmd/toolchain/arm_toolchain/bin/../lib/gcc/arm-none-eabi/8.3.1/../../../../arm-none-eabi/lib/thumb/v6-m/nofp\libg_nano.a(lib_a-fstatr.o)
                0x00005078                _fstat_r
 .text._isatty_r
                0x0000509c       0x24 c:/gmd/toolchain/arm_toolchain/bin/../lib/gcc/arm-none-eabi/8.3.1/../../../../arm-none-eabi/lib/thumb/v6-m/nofp\libg_nano.a(lib_a-isattyr.o)
                0x0000509c                _isatty_r
 .text._lseek_r
                0x000050c0       0x28 c:/gmd/toolchain/arm_toolchain/bin/../lib/gcc/arm-none-eabi/8.3.1/../../../../arm-none-eabi/lib/thumb/v6-m/nofp\libg_nano.a(lib_a-lseekr.o)
                0x000050c0                _lseek_r
 .text.memchr   0x000050e8       0x16 c:/gmd/toolchain/arm_toolchain/bin/../lib/gcc/arm-none-eabi/8.3.1/../../../../arm-none-eabi/lib/thumb/v6-m/nofp\libg_nano.a(lib_a-memchr-stub.o)
                0x000050e8                memchr
 *fill*         0x000050fe        0x2 
 .text.__malloc_lock
                0x00005100       0x10 c:/gmd/toolchain/arm_toolchain/bin/../lib/gcc/arm-none-eabi/8.3.1/../../../../arm-none-eabi/lib/thumb/v6-m/nofp\libg_nano.a(lib_a-mlock.o)
                0x00005100                __malloc_lock
 .text.__malloc_unlock
                0x00005110       0x10 c:/gmd/toolchain/arm_toolchain/bin/../lib/gcc/arm-none-eabi/8.3.1/../../../../arm-none-eabi/lib/thumb/v6-m/nofp\libg_nano.a(lib_a-mlock.o)
                0x00005110                __malloc_unlock
 .text._read_r  0x00005120       0x28 c:/gmd/toolchain/arm_toolchain/bin/../lib/gcc/arm-none-eabi/8.3.1/../../../../arm-none-eabi/lib/thumb/v6-m/nofp\libg_nano.a(lib_a-readr.o)
                0x00005120                _read_r
 .text._close   0x00005148       0x10 c:/gmd/toolchain/arm_toolchain/bin/../lib/gcc/arm-none-eabi/8.3.1/../../../../arm-none-eabi/lib/thumb/v6-m/nofp\libnosys.a(close.o)
                0x00005148                _close
 .text._fstat   0x00005158       0x10 c:/gmd/toolchain/arm_toolchain/bin/../lib/gcc/arm-none-eabi/8.3.1/../../../../arm-none-eabi/lib/thumb/v6-m/nofp\libnosys.a(fstat.o)
                0x00005158                _fstat
 .text._getpid  0x00005168       0x10 c:/gmd/toolchain/arm_toolchain/bin/../lib/gcc/arm-none-eabi/8.3.1/../../../../arm-none-eabi/lib/thumb/v6-m/nofp\libnosys.a(getpid.o)
                0x00005168                _getpid
 .text._isatty  0x00005178       0x10 c:/gmd/toolchain/arm_toolchain/bin/../lib/gcc/arm-none-eabi/8.3.1/../../../../arm-none-eabi/lib/thumb/v6-m/nofp\libnosys.a(isatty.o)
                0x00005178                _isatty
 .text._kill    0x00005188       0x10 c:/gmd/toolchain/arm_toolchain/bin/../lib/gcc/arm-none-eabi/8.3.1/../../../../arm-none-eabi/lib/thumb/v6-m/nofp\libnosys.a(kill.o)
                0x00005188                _kill
 .text._lseek   0x00005198       0x10 c:/gmd/toolchain/arm_toolchain/bin/../lib/gcc/arm-none-eabi/8.3.1/../../../../arm-none-eabi/lib/thumb/v6-m/nofp\libnosys.a(lseek.o)
                0x00005198                _lseek
 .text._read    0x000051a8       0x10 c:/gmd/toolchain/arm_toolchain/bin/../lib/gcc/arm-none-eabi/8.3.1/../../../../arm-none-eabi/lib/thumb/v6-m/nofp\libnosys.a(read.o)
                0x000051a8                _read
 .text._sbrk    0x000051b8       0x1c c:/gmd/toolchain/arm_toolchain/bin/../lib/gcc/arm-none-eabi/8.3.1/../../../../arm-none-eabi/lib/thumb/v6-m/nofp\libnosys.a(sbrk.o)
                0x000051b8                _sbrk
 .text._exit    0x000051d4        0x4 c:/gmd/toolchain/arm_toolchain/bin/../lib/gcc/arm-none-eabi/8.3.1/../../../../arm-none-eabi/lib/thumb/v6-m/nofp\libnosys.a(_exit.o)
                0x000051d4                _exit
 *(.init)
 .init          0x000051d8        0x4 c:/gmd/toolchain/arm_toolchain/bin/../lib/gcc/arm-none-eabi/8.3.1/thumb/v6-m/nofp/crti.o
                0x000051d8                _init
 .init          0x000051dc        0x8 c:/gmd/toolchain/arm_toolchain/bin/../lib/gcc/arm-none-eabi/8.3.1/thumb/v6-m/nofp/crtn.o
 *(.fini)
 .fini          0x000051e4        0x4 c:/gmd/toolchain/arm_toolchain/bin/../lib/gcc/arm-none-eabi/8.3.1/thumb/v6-m/nofp/crti.o
                0x000051e4                _fini
 .fini          0x000051e8        0x8 c:/gmd/toolchain/arm_toolchain/bin/../lib/gcc/arm-none-eabi/8.3.1/thumb/v6-m/nofp/crtn.o
 *crtbegin.o(.ctors)
 *crtbegin?.o(.ctors)
 *(EXCLUDE_FILE(*crtend.o *crtend?.o) .ctors)
 *(SORT_BY_NAME(.ctors.*))
 *(.ctors)
 *crtbegin.o(.dtors)
 *crtbegin?.o(.dtors)
 *(EXCLUDE_FILE(*crtend.o *crtend?.o) .dtors)
 *(SORT_BY_NAME(.dtors.*))
 *(.dtors)
 *(.rodata*)
 .rodata.TVC_SendFile.str1.4
                0x000051f0       0x28 ./USER/main.o
 .rodata.TVC_Write.str1.4
                0x00005218        0x6 ./USER/main.o
 *fill*         0x0000521e        0x2 
 .rodata.main.str1.4
                0x00005220       0x81 ./USER/main.o
                                 0x85 (size before relaxing)
 *fill*         0x000052a1        0x3 
 .rodata.scan_files.str1.4
                0x000052a4       0x1a ./USER/main.o
                                 0x1e (size before relaxing)
 *fill*         0x000052be        0x2 
 .rodata.ExCvt  0x000052c0       0x80 ./FAT/ff.o
 .rodata.LfnOfs
                0x00005340        0xd ./FAT/ff.o
 *fill*         0x0000534d        0x3 
 .rodata.check_fs.str1.4
                0x00005350        0x6 ./FAT/ff.o
 *fill*         0x00005356        0x2 
 .rodata.follow_path.str1.4
                0x00005358       0x14 ./FAT/ff.o
                                 0x13 (size before relaxing)
 .rodata.ff_wtoupper
                0x0000536c       0x24 ./FAT/ffunicode.o
 .rodata.cvt1.4471
                0x00005390      0x1f2 ./FAT/ffunicode.o
 *fill*         0x00005582        0x2 
 .rodata.cvt2.4472
                0x00005584       0xbc ./FAT/ffunicode.o
 .rodata.uc437  0x00005640      0x100 ./FAT/ffunicode.o
 .rodata._global_impure_ptr
                0x00005740        0x4 c:/gmd/toolchain/arm_toolchain/bin/../lib/gcc/arm-none-eabi/8.3.1/../../../../arm-none-eabi/lib/thumb/v6-m/nofp\libg_nano.a(lib_a-impure.o)
                0x00005740                _global_impure_ptr
 .rodata.__sf_fake_stderr
                0x00005744       0x20 c:/gmd/toolchain/arm_toolchain/bin/../lib/gcc/arm-none-eabi/8.3.1/../../../../arm-none-eabi/lib/thumb/v6-m/nofp\libg_nano.a(lib_a-findfp.o)
                0x00005744                __sf_fake_stderr
 .rodata.__sf_fake_stdin
                0x00005764       0x20 c:/gmd/toolchain/arm_toolchain/bin/../lib/gcc/arm-none-eabi/8.3.1/../../../../arm-none-eabi/lib/thumb/v6-m/nofp\libg_nano.a(lib_a-findfp.o)
                0x00005764                __sf_fake_stdin
 .rodata.__sf_fake_stdout
                0x00005784       0x20 c:/gmd/toolchain/arm_toolchain/bin/../lib/gcc/arm-none-eabi/8.3.1/../../../../arm-none-eabi/lib/thumb/v6-m/nofp\libg_nano.a(lib_a-findfp.o)
                0x00005784                __sf_fake_stdout
 .rodata._vfprintf_r.str1.1
                0x000057a4       0x11 c:/gmd/toolchain/arm_toolchain/bin/../lib/gcc/arm-none-eabi/8.3.1/../../../../arm-none-eabi/lib/thumb/v6-m/nofp\libg_nano.a(lib_a-nano-vfprintf.o)
 .rodata._printf_i.str1.1
                0x000057b5       0x22 c:/gmd/toolchain/arm_toolchain/bin/../lib/gcc/arm-none-eabi/8.3.1/../../../../arm-none-eabi/lib/thumb/v6-m/nofp\libg_nano.a(lib_a-nano-vfprintf_i.o)
 *(.eh_frame*)
 *fill*         0x000057d7        0x1 
 .eh_frame      0x000057d8        0x0 c:/gmd/toolchain/arm_toolchain/bin/../lib/gcc/arm-none-eabi/8.3.1/thumb/v6-m/nofp/crtbegin.o
 .eh_frame      0x000057d8        0x4 c:/gmd/toolchain/arm_toolchain/bin/../lib/gcc/arm-none-eabi/8.3.1/thumb/v6-m/nofp/crtend.o

.glue_7         0x000057dc        0x0
 .glue_7        0x000057dc        0x0 linker stubs

.glue_7t        0x000057dc        0x0
 .glue_7t       0x000057dc        0x0 linker stubs

.vfp11_veneer   0x000057dc        0x0
 .vfp11_veneer  0x000057dc        0x0 linker stubs

.v4_bx          0x000057dc        0x0
 .v4_bx         0x000057dc        0x0 linker stubs

.iplt           0x000057dc        0x0
 .iplt          0x000057dc        0x0 c:/gmd/toolchain/arm_toolchain/bin/../lib/gcc/arm-none-eabi/8.3.1/thumb/v6-m/nofp/crtbegin.o

.ARM.extab      0x000057dc       0x30
 *(.ARM.extab* .gnu.linkonce.armextab.*)
 .ARM.extab     0x000057dc       0x24 c:/gmd/toolchain/arm_toolchain/bin/../lib/gcc/arm-none-eabi/8.3.1/thumb/v6-m/nofp\libgcc.a(unwind-arm.o)
 .ARM.extab     0x00005800        0xc c:/gmd/toolchain/arm_toolchain/bin/../lib/gcc/arm-none-eabi/8.3.1/thumb/v6-m/nofp\libgcc.a(pr-support.o)
                0x0000580c                __exidx_start = .

.ARM.exidx      0x0000580c       0xd8
 *(.ARM.exidx* .gnu.linkonce.armexidx.*)
 .ARM.exidx     0x0000580c        0x8 c:/gmd/toolchain/arm_toolchain/bin/../lib/gcc/arm-none-eabi/8.3.1/../../../../arm-none-eabi/lib/thumb/v6-m/nofp/crt0.o
 .ARM.exidx     0x00005814       0x10 ./STARTUP/startup_GOWIN_M1.o
 .ARM.exidx     0x00005824       0x90 c:/gmd/toolchain/arm_toolchain/bin/../lib/gcc/arm-none-eabi/8.3.1/thumb/v6-m/nofp\libgcc.a(unwind-arm.o)
                                 0xd8 (size before relaxing)
 .ARM.exidx     0x000058b4       0x30 c:/gmd/toolchain/arm_toolchain/bin/../lib/gcc/arm-none-eabi/8.3.1/thumb/v6-m/nofp\libgcc.a(pr-support.o)
                                 0x38 (size before relaxing)
                0x000058e4                __exidx_end = .
                0x000058e4                __etext = ALIGN (0x4)

.rel.dyn        0x000058e4        0x0
 .rel.iplt      0x000058e4        0x0 c:/gmd/toolchain/arm_toolchain/bin/../lib/gcc/arm-none-eabi/8.3.1/thumb/v6-m/nofp/crtbegin.o

.data           0x20000000       0x78 load address 0x000058e4
                0x20000000                __data_start__ = .
 *(vtable)
 *(.data*)
 .data.gpio_data
                0x20000000        0x2 ./USER/main.o
                0x20000000                gpio_data
 *fill*         0x20000002        0x2 
 .data.SystemCoreClock
                0x20000004        0x4 ./SYSTEM/system_GOWIN_M1.o
                0x20000004                SystemCoreClock
 .data.Stat     0x20000008        0x1 ./FAT/sdmm.o
 *fill*         0x20000009        0x3 
 .data._impure_ptr
                0x2000000c        0x4 c:/gmd/toolchain/arm_toolchain/bin/../lib/gcc/arm-none-eabi/8.3.1/../../../../arm-none-eabi/lib/thumb/v6-m/nofp\libg_nano.a(lib_a-impure.o)
                0x2000000c                _impure_ptr
 .data.impure_data
                0x20000010       0x60 c:/gmd/toolchain/arm_toolchain/bin/../lib/gcc/arm-none-eabi/8.3.1/../../../../arm-none-eabi/lib/thumb/v6-m/nofp\libg_nano.a(lib_a-impure.o)
                0x20000070                . = ALIGN (0x4)
                0x20000070                PROVIDE (__preinit_array_start = .)
 *(.preinit_array)
                0x20000070                PROVIDE (__preinit_array_end = .)
                0x20000070                . = ALIGN (0x4)
                0x20000070                PROVIDE (__init_array_start = .)
 *(SORT_BY_NAME(.init_array.*))
 *(.init_array)
 .init_array    0x20000070        0x4 c:/gmd/toolchain/arm_toolchain/bin/../lib/gcc/arm-none-eabi/8.3.1/thumb/v6-m/nofp/crtbegin.o
                0x20000074                PROVIDE (__init_array_end = .)
                0x20000074                . = ALIGN (0x4)
                [!provide]                PROVIDE (__fini_array_start = .)
 *(SORT_BY_NAME(.fini_array.*))
 *(.fini_array)
 .fini_array    0x20000074        0x4 c:/gmd/toolchain/arm_toolchain/bin/../lib/gcc/arm-none-eabi/8.3.1/thumb/v6-m/nofp/crtbegin.o
                [!provide]                PROVIDE (__fini_array_end = .)
 *(.jcr*)
                0x20000078                . = ALIGN (0x4)
                0x20000078                __data_end__ = .

.igot.plt       0x20000078        0x0 load address 0x0000595c
 .igot.plt      0x20000078        0x0 c:/gmd/toolchain/arm_toolchain/bin/../lib/gcc/arm-none-eabi/8.3.1/thumb/v6-m/nofp/crtbegin.o

.bss            0x20000078      0x2f8 load address 0x0000595c
                0x20000078                . = ALIGN (0x4)
                0x20000078                __bss_start__ = .
 *(.bss*)
 .bss           0x20000078       0x1c c:/gmd/toolchain/arm_toolchain/bin/../lib/gcc/arm-none-eabi/8.3.1/thumb/v6-m/nofp/crtbegin.o
 .bss.CurrVol   0x20000094        0x1 ./FAT/ff.o
 *fill*         0x20000095        0x3 
 .bss.FatFs     0x20000098        0x4 ./FAT/ff.o
 .bss.Fsid      0x2000009c        0x2 ./FAT/ff.o
 *fill*         0x2000009e        0x2 
 .bss.LfnBuf    0x200000a0       0x7a ./FAT/ff.o
 .bss.CardType  0x2000011a        0x1 ./FAT/sdmm.o
 *fill*         0x2000011b        0x1 
 .bss.__malloc_free_list
                0x2000011c        0x4 c:/gmd/toolchain/arm_toolchain/bin/../lib/gcc/arm-none-eabi/8.3.1/../../../../arm-none-eabi/lib/thumb/v6-m/nofp\libg_nano.a(lib_a-nano-mallocr.o)
                0x2000011c                __malloc_free_list
 .bss.__malloc_sbrk_start
                0x20000120        0x4 c:/gmd/toolchain/arm_toolchain/bin/../lib/gcc/arm-none-eabi/8.3.1/../../../../arm-none-eabi/lib/thumb/v6-m/nofp\libg_nano.a(lib_a-nano-mallocr.o)
                0x20000120                __malloc_sbrk_start
 .bss.heap_end.4194
                0x20000124        0x4 c:/gmd/toolchain/arm_toolchain/bin/../lib/gcc/arm-none-eabi/8.3.1/../../../../arm-none-eabi/lib/thumb/v6-m/nofp\libnosys.a(sbrk.o)
 *(COMMON)
 COMMON         0x20000128      0x238 ./USER/main.o
                0x20000128                FatFs
 COMMON         0x20000360        0x9 c:/gmd/toolchain/arm_toolchain/bin/../lib/gcc/arm-none-eabi/8.3.1/../../../../arm-none-eabi/lib/thumb/v6-m/nofp\libg_nano.a(lib_a-lock.o)
                0x20000360                __lock___atexit_recursive_mutex
                0x20000361                __lock___arc4random_mutex
                0x20000362                __lock___env_recursive_mutex
                0x20000363                __lock___sinit_recursive_mutex
                0x20000364                __lock___malloc_recursive_mutex
                0x20000365                __lock___at_quick_exit_mutex
                0x20000366                __lock___dd_hash_mutex
                0x20000367                __lock___tz_mutex
                0x20000368                __lock___sfp_recursive_mutex
 *fill*         0x20000369        0x3 
 COMMON         0x2000036c        0x4 c:/gmd/toolchain/arm_toolchain/bin/../lib/gcc/arm-none-eabi/8.3.1/../../../../arm-none-eabi/lib/thumb/v6-m/nofp\libg_nano.a(lib_a-reent.o)
                0x2000036c                errno
                0x20000370                . = ALIGN (0x4)
                0x20000370                __bss_end__ = .

.heap           0x20000370      0x400
                0x20000370                __end__ = .
                0x20000370                PROVIDE (end = .)
 *(.heap*)
 .heap          0x20000370      0x400 ./STARTUP/startup_GOWIN_M1.o
                0x20000370                __HeapBase
                0x20000770                __HeapLimit = .

.stack_dummy    0x20000370      0x400
 *(.stack*)
 .stack         0x20000370      0x400 ./STARTUP/startup_GOWIN_M1.o
                0x20002000                __StackTop = (ORIGIN (RAM) + LENGTH (RAM))
                0x20001c00                __StackLimit = (__StackTop - SIZEOF (.stack_dummy))
                0x20002000                PROVIDE (__stack = __StackTop)
                0x00000001                ASSERT ((__StackLimit >= __HeapLimit), region RAM overflowed with stack)
OUTPUT(cm1_led_boot_embflash.elf elf32-littlearm)

.ARM.attributes
                0x00000000       0x28
 .ARM.attributes
                0x00000000       0x1e c:/gmd/toolchain/arm_toolchain/bin/../lib/gcc/arm-none-eabi/8.3.1/thumb/v6-m/nofp/crti.o
 .ARM.attributes
                0x0000001e       0x2c c:/gmd/toolchain/arm_toolchain/bin/../lib/gcc/arm-none-eabi/8.3.1/thumb/v6-m/nofp/crtbegin.o
 .ARM.attributes
                0x0000004a       0x1b c:/gmd/toolchain/arm_toolchain/bin/../lib/gcc/arm-none-eabi/8.3.1/../../../../arm-none-eabi/lib/thumb/v6-m/nofp/crt0.o
 .ARM.attributes
                0x00000065       0x2c ./USER/GOWIN_M1_it.o
 .ARM.attributes
                0x00000091       0x2c ./USER/main.o
 .ARM.attributes
                0x000000bd       0x2c ./SYSTEM/system_GOWIN_M1.o
 .ARM.attributes
                0x000000e9       0x1b ./STARTUP/startup_GOWIN_M1.o
 .ARM.attributes
                0x00000104       0x2c ./PERIPHERAL/src/GOWIN_M1_gpio.o
 .ARM.attributes
                0x00000130       0x2c ./PERIPHERAL/src/GOWIN_M1_spi.o
 .ARM.attributes
                0x0000015c       0x2c ./PERIPHERAL/src/GOWIN_M1_uart.o
 .ARM.attributes
                0x00000188       0x2c ./FAT/ff.o
 .ARM.attributes
                0x000001b4       0x2c ./FAT/ffunicode.o
 .ARM.attributes
                0x000001e0       0x2c ./FAT/sdmm.o
 .ARM.attributes
                0x0000020c       0x1e c:/gmd/toolchain/arm_toolchain/bin/../lib/gcc/arm-none-eabi/8.3.1/thumb/v6-m/nofp\libgcc.a(_udivsi3.o)
 .ARM.attributes
                0x0000022a       0x1e c:/gmd/toolchain/arm_toolchain/bin/../lib/gcc/arm-none-eabi/8.3.1/thumb/v6-m/nofp\libgcc.a(_dvmd_tls.o)
 .ARM.attributes
                0x00000248       0x2c c:/gmd/toolchain/arm_toolchain/bin/../lib/gcc/arm-none-eabi/8.3.1/../../../../arm-none-eabi/lib/thumb/v6-m/nofp\libg_nano.a(lib_a-exit.o)
 .ARM.attributes
                0x00000274       0x2c c:/gmd/toolchain/arm_toolchain/bin/../lib/gcc/arm-none-eabi/8.3.1/../../../../arm-none-eabi/lib/thumb/v6-m/nofp\libg_nano.a(lib_a-impure.o)
 .ARM.attributes
                0x000002a0       0x2c c:/gmd/toolchain/arm_toolchain/bin/../lib/gcc/arm-none-eabi/8.3.1/../../../../arm-none-eabi/lib/thumb/v6-m/nofp\libg_nano.a(lib_a-init.o)
 .ARM.attributes
                0x000002cc       0x2c c:/gmd/toolchain/arm_toolchain/bin/../lib/gcc/arm-none-eabi/8.3.1/../../../../arm-none-eabi/lib/thumb/v6-m/nofp\libg_nano.a(lib_a-memset.o)
 .ARM.attributes
                0x000002f8       0x2c c:/gmd/toolchain/arm_toolchain/bin/../lib/gcc/arm-none-eabi/8.3.1/../../../../arm-none-eabi/lib/thumb/v6-m/nofp\libg_nano.a(lib_a-printf.o)
 .ARM.attributes
                0x00000324       0x2c c:/gmd/toolchain/arm_toolchain/bin/../lib/gcc/arm-none-eabi/8.3.1/../../../../arm-none-eabi/lib/thumb/v6-m/nofp\libg_nano.a(lib_a-putchar.o)
 .ARM.attributes
                0x00000350       0x2c c:/gmd/toolchain/arm_toolchain/bin/../lib/gcc/arm-none-eabi/8.3.1/../../../../arm-none-eabi/lib/thumb/v6-m/nofp\libg_nano.a(lib_a-puts.o)
 .ARM.attributes
                0x0000037c       0x1c c:/gmd/toolchain/arm_toolchain/bin/../lib/gcc/arm-none-eabi/8.3.1/../../../../arm-none-eabi/lib/thumb/v6-m/nofp\libg_nano.a(lib_a-strlen.o)
 .ARM.attributes
                0x00000398       0x2c c:/gmd/toolchain/arm_toolchain/bin/../lib/gcc/arm-none-eabi/8.3.1/../../../../arm-none-eabi/lib/thumb/v6-m/nofp\libg_nano.a(lib_a-wbuf.o)
 .ARM.attributes
                0x000003c4       0x2c c:/gmd/toolchain/arm_toolchain/bin/../lib/gcc/arm-none-eabi/8.3.1/../../../../arm-none-eabi/lib/thumb/v6-m/nofp\libg_nano.a(lib_a-wsetup.o)
 .ARM.attributes
                0x000003f0       0x2c c:/gmd/toolchain/arm_toolchain/bin/../lib/gcc/arm-none-eabi/8.3.1/../../../../arm-none-eabi/lib/thumb/v6-m/nofp\libg_nano.a(lib_a-fflush.o)
 .ARM.attributes
                0x0000041c       0x2c c:/gmd/toolchain/arm_toolchain/bin/../lib/gcc/arm-none-eabi/8.3.1/../../../../arm-none-eabi/lib/thumb/v6-m/nofp\libg_nano.a(lib_a-findfp.o)
 .ARM.attributes
                0x00000448       0x2c c:/gmd/toolchain/arm_toolchain/bin/../lib/gcc/arm-none-eabi/8.3.1/../../../../arm-none-eabi/lib/thumb/v6-m/nofp\libg_nano.a(lib_a-fwalk.o)
 .ARM.attributes
                0x00000474       0x2c c:/gmd/toolchain/arm_toolchain/bin/../lib/gcc/arm-none-eabi/8.3.1/../../../../arm-none-eabi/lib/thumb/v6-m/nofp\libg_nano.a(lib_a-lock.o)
 .ARM.attributes
                0x000004a0       0x2c c:/gmd/toolchain/arm_toolchain/bin/../lib/gcc/arm-none-eabi/8.3.1/../../../../arm-none-eabi/lib/thumb/v6-m/nofp\libg_nano.a(lib_a-makebuf.o)
 .ARM.attributes
                0x000004cc       0x2c c:/gmd/toolchain/arm_toolchain/bin/../lib/gcc/arm-none-eabi/8.3.1/../../../../arm-none-eabi/lib/thumb/v6-m/nofp\libg_nano.a(lib_a-nano-freer.o)
 .ARM.attributes
                0x000004f8       0x2c c:/gmd/toolchain/arm_toolchain/bin/../lib/gcc/arm-none-eabi/8.3.1/../../../../arm-none-eabi/lib/thumb/v6-m/nofp\libg_nano.a(lib_a-nano-mallocr.o)
 .ARM.attributes
                0x00000524       0x2c c:/gmd/toolchain/arm_toolchain/bin/../lib/gcc/arm-none-eabi/8.3.1/../../../../arm-none-eabi/lib/thumb/v6-m/nofp\libg_nano.a(lib_a-nano-vfprintf.o)
 .ARM.attributes
                0x00000550       0x2c c:/gmd/toolchain/arm_toolchain/bin/../lib/gcc/arm-none-eabi/8.3.1/../../../../arm-none-eabi/lib/thumb/v6-m/nofp\libg_nano.a(lib_a-nano-vfprintf_i.o)
 .ARM.attributes
                0x0000057c       0x2c c:/gmd/toolchain/arm_toolchain/bin/../lib/gcc/arm-none-eabi/8.3.1/../../../../arm-none-eabi/lib/thumb/v6-m/nofp\libg_nano.a(lib_a-putc.o)
 .ARM.attributes
                0x000005a8       0x2c c:/gmd/toolchain/arm_toolchain/bin/../lib/gcc/arm-none-eabi/8.3.1/../../../../arm-none-eabi/lib/thumb/v6-m/nofp\libg_nano.a(lib_a-reent.o)
 .ARM.attributes
                0x000005d4       0x2c c:/gmd/toolchain/arm_toolchain/bin/../lib/gcc/arm-none-eabi/8.3.1/../../../../arm-none-eabi/lib/thumb/v6-m/nofp\libg_nano.a(lib_a-sbrkr.o)
 .ARM.attributes
                0x00000600       0x2c c:/gmd/toolchain/arm_toolchain/bin/../lib/gcc/arm-none-eabi/8.3.1/../../../../arm-none-eabi/lib/thumb/v6-m/nofp\libg_nano.a(lib_a-stdio.o)
 .ARM.attributes
                0x0000062c       0x2c c:/gmd/toolchain/arm_toolchain/bin/../lib/gcc/arm-none-eabi/8.3.1/../../../../arm-none-eabi/lib/thumb/v6-m/nofp\libg_nano.a(lib_a-writer.o)
 .ARM.attributes
                0x00000658       0x2c c:/gmd/toolchain/arm_toolchain/bin/../lib/gcc/arm-none-eabi/8.3.1/../../../../arm-none-eabi/lib/thumb/v6-m/nofp\libg_nano.a(lib_a-closer.o)
 .ARM.attributes
                0x00000684       0x2c c:/gmd/toolchain/arm_toolchain/bin/../lib/gcc/arm-none-eabi/8.3.1/../../../../arm-none-eabi/lib/thumb/v6-m/nofp\libg_nano.a(lib_a-fstatr.o)
 .ARM.attributes
                0x000006b0       0x2c c:/gmd/toolchain/arm_toolchain/bin/../lib/gcc/arm-none-eabi/8.3.1/../../../../arm-none-eabi/lib/thumb/v6-m/nofp\libg_nano.a(lib_a-isattyr.o)
 .ARM.attributes
                0x000006dc       0x2c c:/gmd/toolchain/arm_toolchain/bin/../lib/gcc/arm-none-eabi/8.3.1/../../../../arm-none-eabi/lib/thumb/v6-m/nofp\libg_nano.a(lib_a-lseekr.o)
 .ARM.attributes
                0x00000708       0x2c c:/gmd/toolchain/arm_toolchain/bin/../lib/gcc/arm-none-eabi/8.3.1/../../../../arm-none-eabi/lib/thumb/v6-m/nofp\libg_nano.a(lib_a-memchr-stub.o)
 .ARM.attributes
                0x00000734       0x2c c:/gmd/toolchain/arm_toolchain/bin/../lib/gcc/arm-none-eabi/8.3.1/../../../../arm-none-eabi/lib/thumb/v6-m/nofp\libg_nano.a(lib_a-mlock.o)
 .ARM.attributes
                0x00000760       0x2c c:/gmd/toolchain/arm_toolchain/bin/../lib/gcc/arm-none-eabi/8.3.1/../../../../arm-none-eabi/lib/thumb/v6-m/nofp\libg_nano.a(lib_a-readr.o)
 .ARM.attributes
                0x0000078c       0x2c c:/gmd/toolchain/arm_toolchain/bin/../lib/gcc/arm-none-eabi/8.3.1/thumb/v6-m/nofp/crtend.o
 .ARM.attributes
                0x000007b8       0x1e c:/gmd/toolchain/arm_toolchain/bin/../lib/gcc/arm-none-eabi/8.3.1/thumb/v6-m/nofp/crtn.o
 .ARM.attributes
                0x000007d6       0x2c c:/gmd/toolchain/arm_toolchain/bin/../lib/gcc/arm-none-eabi/8.3.1/../../../../arm-none-eabi/lib/thumb/v6-m/nofp\libnosys.a(close.o)
 .ARM.attributes
                0x00000802       0x2c c:/gmd/toolchain/arm_toolchain/bin/../lib/gcc/arm-none-eabi/8.3.1/../../../../arm-none-eabi/lib/thumb/v6-m/nofp\libnosys.a(fstat.o)
 .ARM.attributes
                0x0000082e       0x2c c:/gmd/toolchain/arm_toolchain/bin/../lib/gcc/arm-none-eabi/8.3.1/../../../../arm-none-eabi/lib/thumb/v6-m/nofp\libnosys.a(isatty.o)
 .ARM.attributes
                0x0000085a       0x2c c:/gmd/toolchain/arm_toolchain/bin/../lib/gcc/arm-none-eabi/8.3.1/../../../../arm-none-eabi/lib/thumb/v6-m/nofp\libnosys.a(lseek.o)
 .ARM.attributes
                0x00000886       0x2c c:/gmd/toolchain/arm_toolchain/bin/../lib/gcc/arm-none-eabi/8.3.1/../../../../arm-none-eabi/lib/thumb/v6-m/nofp\libnosys.a(read.o)
 .ARM.attributes
                0x000008b2       0x2c c:/gmd/toolchain/arm_toolchain/bin/../lib/gcc/arm-none-eabi/8.3.1/../../../../arm-none-eabi/lib/thumb/v6-m/nofp\libnosys.a(sbrk.o)
 .ARM.attributes
                0x000008de       0x2c c:/gmd/toolchain/arm_toolchain/bin/../lib/gcc/arm-none-eabi/8.3.1/../../../../arm-none-eabi/lib/thumb/v6-m/nofp\libnosys.a(_exit.o)

.comment        0x00000000       0x76
 .comment       0x00000000       0x76 ./USER/GOWIN_M1_it.o
                                 0x77 (size before relaxing)
 .comment       0x00000076       0x77 ./USER/main.o
 .comment       0x00000076       0x77 ./SYSTEM/system_GOWIN_M1.o
 .comment       0x00000076       0x77 ./PERIPHERAL/src/GOWIN_M1_gpio.o
 .comment       0x00000076       0x77 ./PERIPHERAL/src/GOWIN_M1_spi.o
 .comment       0x00000076       0x77 ./PERIPHERAL/src/GOWIN_M1_uart.o
 .comment       0x00000076       0x77 ./FAT/ff.o
 .comment       0x00000076       0x77 ./FAT/ffunicode.o
 .comment       0x00000076       0x77 ./FAT/sdmm.o

.debug_info     0x00000000     0xe348
 .debug_info    0x00000000      0xa7c ./USER/GOWIN_M1_it.o
 .debug_info    0x00000a7c     0x1b81 ./USER/main.o
 .debug_info    0x000025fd      0x981 ./SYSTEM/system_GOWIN_M1.o
 .debug_info    0x00002f7e       0x26 ./STARTUP/startup_GOWIN_M1.o
 .debug_info    0x00002fa4      0xfdd ./PERIPHERAL/src/GOWIN_M1_gpio.o
 .debug_info    0x00003f81      0xd67 ./PERIPHERAL/src/GOWIN_M1_spi.o
 .debug_info    0x00004ce8      0xf5e ./PERIPHERAL/src/GOWIN_M1_uart.o
 .debug_info    0x00005c46     0x6272 ./FAT/ff.o
 .debug_info    0x0000beb8      0x2b8 ./FAT/ffunicode.o
 .debug_info    0x0000c170     0x21d8 ./FAT/sdmm.o

.debug_abbrev   0x00000000     0x1b9a
 .debug_abbrev  0x00000000      0x21c ./USER/GOWIN_M1_it.o
 .debug_abbrev  0x0000021c      0x41c ./USER/main.o
 .debug_abbrev  0x00000638      0x1f7 ./SYSTEM/system_GOWIN_M1.o
 .debug_abbrev  0x0000082f       0x14 ./STARTUP/startup_GOWIN_M1.o
 .debug_abbrev  0x00000843      0x2de ./PERIPHERAL/src/GOWIN_M1_gpio.o
 .debug_abbrev  0x00000b21      0x37a ./PERIPHERAL/src/GOWIN_M1_spi.o
 .debug_abbrev  0x00000e9b      0x35f ./PERIPHERAL/src/GOWIN_M1_uart.o
 .debug_abbrev  0x000011fa      0x37c ./FAT/ff.o
 .debug_abbrev  0x00001576       0xf3 ./FAT/ffunicode.o
 .debug_abbrev  0x00001669      0x531 ./FAT/sdmm.o

.debug_aranges  0x00000000      0x578
 .debug_aranges
                0x00000000       0x28 ./USER/GOWIN_M1_it.o
 .debug_aranges
                0x00000028       0x80 ./USER/main.o
 .debug_aranges
                0x000000a8       0x20 ./SYSTEM/system_GOWIN_M1.o
 .debug_aranges
                0x000000c8       0x20 ./STARTUP/startup_GOWIN_M1.o
 .debug_aranges
                0x000000e8       0xb8 ./PERIPHERAL/src/GOWIN_M1_gpio.o
 .debug_aranges
                0x000001a0       0xe0 ./PERIPHERAL/src/GOWIN_M1_spi.o
 .debug_aranges
                0x00000280       0xc0 ./PERIPHERAL/src/GOWIN_M1_uart.o
 .debug_aranges
                0x00000340      0x178 ./FAT/ff.o
 .debug_aranges
                0x000004b8       0x30 ./FAT/ffunicode.o
 .debug_aranges
                0x000004e8       0x90 ./FAT/sdmm.o

.debug_ranges   0x00000000      0xf40
 .debug_ranges  0x00000000       0x18 ./USER/GOWIN_M1_it.o
 .debug_ranges  0x00000018      0x188 ./USER/main.o
 .debug_ranges  0x000001a0       0x10 ./SYSTEM/system_GOWIN_M1.o
 .debug_ranges  0x000001b0       0xa8 ./PERIPHERAL/src/GOWIN_M1_gpio.o
 .debug_ranges  0x00000258       0xd0 ./PERIPHERAL/src/GOWIN_M1_spi.o
 .debug_ranges  0x00000328       0xb0 ./PERIPHERAL/src/GOWIN_M1_uart.o
 .debug_ranges  0x000003d8      0x948 ./FAT/ff.o
 .debug_ranges  0x00000d20       0x20 ./FAT/ffunicode.o
 .debug_ranges  0x00000d40      0x200 ./FAT/sdmm.o

.debug_macro    0x00000000     0x4a17
 .debug_macro   0x00000000      0x2e7 ./USER/GOWIN_M1_it.o
 .debug_macro   0x000002e7      0xa5a ./USER/GOWIN_M1_it.o
 .debug_macro   0x00000d41       0x2d ./USER/GOWIN_M1_it.o
 .debug_macro   0x00000d6e       0x22 ./USER/GOWIN_M1_it.o
 .debug_macro   0x00000d90       0x8e ./USER/GOWIN_M1_it.o
 .debug_macro   0x00000e1e       0x51 ./USER/GOWIN_M1_it.o
 .debug_macro   0x00000e6f      0x103 ./USER/GOWIN_M1_it.o
 .debug_macro   0x00000f72       0x6a ./USER/GOWIN_M1_it.o
 .debug_macro   0x00000fdc      0x1df ./USER/GOWIN_M1_it.o
 .debug_macro   0x000011bb       0x1c ./USER/GOWIN_M1_it.o
 .debug_macro   0x000011d7       0x22 ./USER/GOWIN_M1_it.o
 .debug_macro   0x000011f9       0xb5 ./USER/GOWIN_M1_it.o
 .debug_macro   0x000012ae      0x3b4 ./USER/GOWIN_M1_it.o
 .debug_macro   0x00001662      0x353 ./USER/GOWIN_M1_it.o
 .debug_macro   0x000019b5       0x76 ./USER/GOWIN_M1_it.o
 .debug_macro   0x00001a2b       0x3a ./USER/GOWIN_M1_it.o
 .debug_macro   0x00001a65       0x22 ./USER/GOWIN_M1_it.o
 .debug_macro   0x00001a87       0x40 ./USER/GOWIN_M1_it.o
 .debug_macro   0x00001ac7       0x22 ./USER/GOWIN_M1_it.o
 .debug_macro   0x00001ae9       0x58 ./USER/GOWIN_M1_it.o
 .debug_macro   0x00001b41       0xd0 ./USER/GOWIN_M1_it.o
 .debug_macro   0x00001c11       0x5e ./USER/GOWIN_M1_it.o
 .debug_macro   0x00001c6f       0x18 ./USER/GOWIN_M1_it.o
 .debug_macro   0x00001c87       0x35 ./USER/GOWIN_M1_it.o
 .debug_macro   0x00001cbc       0x34 ./USER/GOWIN_M1_it.o
 .debug_macro   0x00001cf0       0x16 ./USER/GOWIN_M1_it.o
 .debug_macro   0x00001d06       0x97 ./USER/GOWIN_M1_it.o
 .debug_macro   0x00001d9d      0x333 ./USER/GOWIN_M1_it.o
 .debug_macro   0x000020d0       0xfd ./USER/GOWIN_M1_it.o
 .debug_macro   0x000021cd       0x10 ./USER/GOWIN_M1_it.o
 .debug_macro   0x000021dd       0x16 ./USER/GOWIN_M1_it.o
 .debug_macro   0x000021f3       0x43 ./USER/GOWIN_M1_it.o
 .debug_macro   0x00002236       0x34 ./USER/GOWIN_M1_it.o
 .debug_macro   0x0000226a       0x10 ./USER/GOWIN_M1_it.o
 .debug_macro   0x0000227a       0x58 ./USER/GOWIN_M1_it.o
 .debug_macro   0x000022d2      0x182 ./USER/GOWIN_M1_it.o
 .debug_macro   0x00002454       0x10 ./USER/GOWIN_M1_it.o
 .debug_macro   0x00002464       0x1c ./USER/GOWIN_M1_it.o
 .debug_macro   0x00002480       0x52 ./USER/GOWIN_M1_it.o
 .debug_macro   0x000024d2       0x40 ./USER/GOWIN_M1_it.o
 .debug_macro   0x00002512       0x10 ./USER/GOWIN_M1_it.o
 .debug_macro   0x00002522       0x40 ./USER/GOWIN_M1_it.o
 .debug_macro   0x00002562       0xd5 ./USER/GOWIN_M1_it.o
 .debug_macro   0x00002637       0x1c ./USER/GOWIN_M1_it.o
 .debug_macro   0x00002653       0x3d ./USER/GOWIN_M1_it.o
 .debug_macro   0x00002690       0x16 ./USER/GOWIN_M1_it.o
 .debug_macro   0x000026a6      0x16f ./USER/GOWIN_M1_it.o
 .debug_macro   0x00002815      0x119 ./USER/GOWIN_M1_it.o
 .debug_macro   0x0000292e       0x88 ./USER/GOWIN_M1_it.o
 .debug_macro   0x000029b6       0x22 ./USER/GOWIN_M1_it.o
 .debug_macro   0x000029d8      0x10c ./USER/GOWIN_M1_it.o
 .debug_macro   0x00002ae4       0x76 ./USER/GOWIN_M1_it.o
 .debug_macro   0x00002b5a       0x70 ./USER/GOWIN_M1_it.o
 .debug_macro   0x00002bca       0x22 ./USER/GOWIN_M1_it.o
 .debug_macro   0x00002bec       0x28 ./USER/GOWIN_M1_it.o
 .debug_macro   0x00002c14       0x34 ./USER/GOWIN_M1_it.o
 .debug_macro   0x00002c48      0x34a ./USER/main.o
 .debug_macro   0x00002f92       0x16 ./USER/main.o
 .debug_macro   0x00002fa8       0x35 ./USER/main.o
 .debug_macro   0x00002fdd       0x16 ./USER/main.o
 .debug_macro   0x00002ff3       0x29 ./USER/main.o
 .debug_macro   0x0000301c       0x16 ./USER/main.o
 .debug_macro   0x00003032       0xf8 ./USER/main.o
 .debug_macro   0x0000312a       0xee ./USER/main.o
 .debug_macro   0x00003218      0x2e9 ./SYSTEM/system_GOWIN_M1.o
 .debug_macro   0x00003501      0x2e7 ./PERIPHERAL/src/GOWIN_M1_gpio.o
 .debug_macro   0x000037e8       0x6a ./PERIPHERAL/src/GOWIN_M1_gpio.o
 .debug_macro   0x00003852      0x2e7 ./PERIPHERAL/src/GOWIN_M1_spi.o
 .debug_macro   0x00003b39       0xca ./PERIPHERAL/src/GOWIN_M1_spi.o
 .debug_macro   0x00003c03      0x2e7 ./PERIPHERAL/src/GOWIN_M1_uart.o
 .debug_macro   0x00003eea       0x34 ./PERIPHERAL/src/GOWIN_M1_uart.o
 .debug_macro   0x00003f1e      0x52b ./FAT/ff.o
 .debug_macro   0x00004449       0xef ./FAT/ff.o
 .debug_macro   0x00004538       0xc4 ./FAT/ff.o
 .debug_macro   0x000045fc       0x8d ./FAT/ffunicode.o
 .debug_macro   0x00004689      0x38e ./FAT/sdmm.o

.debug_line     0x00000000     0x9eae
 .debug_line    0x00000000      0x58c ./USER/GOWIN_M1_it.o
 .debug_line    0x0000058c      0xbdd ./USER/main.o
 .debug_line    0x00001169      0x582 ./SYSTEM/system_GOWIN_M1.o
 .debug_line    0x000016eb       0x6f ./STARTUP/startup_GOWIN_M1.o
 .debug_line    0x0000175a      0x9e3 ./PERIPHERAL/src/GOWIN_M1_gpio.o
 .debug_line    0x0000213d      0x9fe ./PERIPHERAL/src/GOWIN_M1_spi.o
 .debug_line    0x00002b3b      0x94e ./PERIPHERAL/src/GOWIN_M1_uart.o
 .debug_line    0x00003489     0x5460 ./FAT/ff.o
 .debug_line    0x000088e9      0x425 ./FAT/ffunicode.o
 .debug_line    0x00008d0e     0x11a0 ./FAT/sdmm.o

.debug_str      0x00000000    0x11dc1
 .debug_str     0x00000000     0xcbb9 ./USER/GOWIN_M1_it.o
                               0xce1c (size before relaxing)
 .debug_str     0x0000cbb9      0xc72 ./USER/main.o
                               0xd8ef (size before relaxing)
 .debug_str     0x0000d82b       0x5d ./SYSTEM/system_GOWIN_M1.o
                               0xcc7c (size before relaxing)
 .debug_str     0x0000d888       0x2c ./STARTUP/startup_GOWIN_M1.o
                                 0x59 (size before relaxing)
 .debug_str     0x0000d8b4      0x176 ./PERIPHERAL/src/GOWIN_M1_gpio.o
                               0xcf40 (size before relaxing)
 .debug_str     0x0000da2a      0x245 ./PERIPHERAL/src/GOWIN_M1_spi.o
                               0xce7c (size before relaxing)
 .debug_str     0x0000dc6f      0x1b8 ./PERIPHERAL/src/GOWIN_M1_uart.o
                               0xcf61 (size before relaxing)
 .debug_str     0x0000de27     0x3d46 ./FAT/ff.o
                               0x80f7 (size before relaxing)
 .debug_str     0x00011b6d       0x54 ./FAT/ffunicode.o
                               0x4153 (size before relaxing)
 .debug_str     0x00011bc1      0x200 ./FAT/sdmm.o
                               0xd645 (size before relaxing)

.debug_frame    0x00000000     0x19f8
 .debug_frame   0x00000000      0x210 ./USER/GOWIN_M1_it.o
 .debug_frame   0x00000210      0x168 ./USER/main.o
 .debug_frame   0x00000378       0x30 ./SYSTEM/system_GOWIN_M1.o
 .debug_frame   0x000003a8      0x16c ./PERIPHERAL/src/GOWIN_M1_gpio.o
 .debug_frame   0x00000514      0x1a0 ./PERIPHERAL/src/GOWIN_M1_spi.o
 .debug_frame   0x000006b4      0x170 ./PERIPHERAL/src/GOWIN_M1_uart.o
 .debug_frame   0x00000824      0x5e0 ./FAT/ff.o
 .debug_frame   0x00000e04       0x50 ./FAT/ffunicode.o
 .debug_frame   0x00000e54      0x1b0 ./FAT/sdmm.o
 .debug_frame   0x00001004       0x20 c:/gmd/toolchain/arm_toolchain/bin/../lib/gcc/arm-none-eabi/8.3.1/thumb/v6-m/nofp\libgcc.a(_udivsi3.o)
 .debug_frame   0x00001024       0x28 c:/gmd/toolchain/arm_toolchain/bin/../lib/gcc/arm-none-eabi/8.3.1/../../../../arm-none-eabi/lib/thumb/v6-m/nofp\libg_nano.a(lib_a-exit.o)
 .debug_frame   0x0000104c       0x2c c:/gmd/toolchain/arm_toolchain/bin/../lib/gcc/arm-none-eabi/8.3.1/../../../../arm-none-eabi/lib/thumb/v6-m/nofp\libg_nano.a(lib_a-init.o)
 .debug_frame   0x00001078       0x20 c:/gmd/toolchain/arm_toolchain/bin/../lib/gcc/arm-none-eabi/8.3.1/../../../../arm-none-eabi/lib/thumb/v6-m/nofp\libg_nano.a(lib_a-memset.o)
 .debug_frame   0x00001098       0x50 c:/gmd/toolchain/arm_toolchain/bin/../lib/gcc/arm-none-eabi/8.3.1/../../../../arm-none-eabi/lib/thumb/v6-m/nofp\libg_nano.a(lib_a-printf.o)
 .debug_frame   0x000010e8       0x48 c:/gmd/toolchain/arm_toolchain/bin/../lib/gcc/arm-none-eabi/8.3.1/../../../../arm-none-eabi/lib/thumb/v6-m/nofp\libg_nano.a(lib_a-putchar.o)
 .debug_frame   0x00001130       0x44 c:/gmd/toolchain/arm_toolchain/bin/../lib/gcc/arm-none-eabi/8.3.1/../../../../arm-none-eabi/lib/thumb/v6-m/nofp\libg_nano.a(lib_a-puts.o)
 .debug_frame   0x00001174       0x48 c:/gmd/toolchain/arm_toolchain/bin/../lib/gcc/arm-none-eabi/8.3.1/../../../../arm-none-eabi/lib/thumb/v6-m/nofp\libg_nano.a(lib_a-wbuf.o)
 .debug_frame   0x000011bc       0x2c c:/gmd/toolchain/arm_toolchain/bin/../lib/gcc/arm-none-eabi/8.3.1/../../../../arm-none-eabi/lib/thumb/v6-m/nofp\libg_nano.a(lib_a-wsetup.o)
 .debug_frame   0x000011e8       0x68 c:/gmd/toolchain/arm_toolchain/bin/../lib/gcc/arm-none-eabi/8.3.1/../../../../arm-none-eabi/lib/thumb/v6-m/nofp\libg_nano.a(lib_a-fflush.o)
 .debug_frame   0x00001250      0x170 c:/gmd/toolchain/arm_toolchain/bin/../lib/gcc/arm-none-eabi/8.3.1/../../../../arm-none-eabi/lib/thumb/v6-m/nofp\libg_nano.a(lib_a-findfp.o)
 .debug_frame   0x000013c0       0x58 c:/gmd/toolchain/arm_toolchain/bin/../lib/gcc/arm-none-eabi/8.3.1/../../../../arm-none-eabi/lib/thumb/v6-m/nofp\libg_nano.a(lib_a-fwalk.o)
 .debug_frame   0x00001418       0xb0 c:/gmd/toolchain/arm_toolchain/bin/../lib/gcc/arm-none-eabi/8.3.1/../../../../arm-none-eabi/lib/thumb/v6-m/nofp\libg_nano.a(lib_a-lock.o)
 .debug_frame   0x000014c8       0x54 c:/gmd/toolchain/arm_toolchain/bin/../lib/gcc/arm-none-eabi/8.3.1/../../../../arm-none-eabi/lib/thumb/v6-m/nofp\libg_nano.a(lib_a-makebuf.o)
 .debug_frame   0x0000151c       0x2c c:/gmd/toolchain/arm_toolchain/bin/../lib/gcc/arm-none-eabi/8.3.1/../../../../arm-none-eabi/lib/thumb/v6-m/nofp\libg_nano.a(lib_a-nano-freer.o)
 .debug_frame   0x00001548       0x30 c:/gmd/toolchain/arm_toolchain/bin/../lib/gcc/arm-none-eabi/8.3.1/../../../../arm-none-eabi/lib/thumb/v6-m/nofp\libg_nano.a(lib_a-nano-mallocr.o)
 .debug_frame   0x00001578       0x9c c:/gmd/toolchain/arm_toolchain/bin/../lib/gcc/arm-none-eabi/8.3.1/../../../../arm-none-eabi/lib/thumb/v6-m/nofp\libg_nano.a(lib_a-nano-vfprintf.o)
 .debug_frame   0x00001614       0x54 c:/gmd/toolchain/arm_toolchain/bin/../lib/gcc/arm-none-eabi/8.3.1/../../../../arm-none-eabi/lib/thumb/v6-m/nofp\libg_nano.a(lib_a-nano-vfprintf_i.o)
 .debug_frame   0x00001668       0x44 c:/gmd/toolchain/arm_toolchain/bin/../lib/gcc/arm-none-eabi/8.3.1/../../../../arm-none-eabi/lib/thumb/v6-m/nofp\libg_nano.a(lib_a-putc.o)
 .debug_frame   0x000016ac       0x48 c:/gmd/toolchain/arm_toolchain/bin/../lib/gcc/arm-none-eabi/8.3.1/../../../../arm-none-eabi/lib/thumb/v6-m/nofp\libg_nano.a(lib_a-reent.o)
 .debug_frame   0x000016f4       0x2c c:/gmd/toolchain/arm_toolchain/bin/../lib/gcc/arm-none-eabi/8.3.1/../../../../arm-none-eabi/lib/thumb/v6-m/nofp\libg_nano.a(lib_a-sbrkr.o)
 .debug_frame   0x00001720       0x90 c:/gmd/toolchain/arm_toolchain/bin/../lib/gcc/arm-none-eabi/8.3.1/../../../../arm-none-eabi/lib/thumb/v6-m/nofp\libg_nano.a(lib_a-stdio.o)
 .debug_frame   0x000017b0       0x2c c:/gmd/toolchain/arm_toolchain/bin/../lib/gcc/arm-none-eabi/8.3.1/../../../../arm-none-eabi/lib/thumb/v6-m/nofp\libg_nano.a(lib_a-writer.o)
 .debug_frame   0x000017dc       0x2c c:/gmd/toolchain/arm_toolchain/bin/../lib/gcc/arm-none-eabi/8.3.1/../../../../arm-none-eabi/lib/thumb/v6-m/nofp\libg_nano.a(lib_a-closer.o)
 .debug_frame   0x00001808       0x2c c:/gmd/toolchain/arm_toolchain/bin/../lib/gcc/arm-none-eabi/8.3.1/../../../../arm-none-eabi/lib/thumb/v6-m/nofp\libg_nano.a(lib_a-fstatr.o)
 .debug_frame   0x00001834       0x2c c:/gmd/toolchain/arm_toolchain/bin/../lib/gcc/arm-none-eabi/8.3.1/../../../../arm-none-eabi/lib/thumb/v6-m/nofp\libg_nano.a(lib_a-isattyr.o)
 .debug_frame   0x00001860       0x2c c:/gmd/toolchain/arm_toolchain/bin/../lib/gcc/arm-none-eabi/8.3.1/../../../../arm-none-eabi/lib/thumb/v6-m/nofp\libg_nano.a(lib_a-lseekr.o)
 .debug_frame   0x0000188c       0x20 c:/gmd/toolchain/arm_toolchain/bin/../lib/gcc/arm-none-eabi/8.3.1/../../../../arm-none-eabi/lib/thumb/v6-m/nofp\libg_nano.a(lib_a-memchr-stub.o)
 .debug_frame   0x000018ac       0x40 c:/gmd/toolchain/arm_toolchain/bin/../lib/gcc/arm-none-eabi/8.3.1/../../../../arm-none-eabi/lib/thumb/v6-m/nofp\libg_nano.a(lib_a-mlock.o)
 .debug_frame   0x000018ec       0x2c c:/gmd/toolchain/arm_toolchain/bin/../lib/gcc/arm-none-eabi/8.3.1/../../../../arm-none-eabi/lib/thumb/v6-m/nofp\libg_nano.a(lib_a-readr.o)
 .debug_frame   0x00001918       0x20 c:/gmd/toolchain/arm_toolchain/bin/../lib/gcc/arm-none-eabi/8.3.1/../../../../arm-none-eabi/lib/thumb/v6-m/nofp\libnosys.a(close.o)
 .debug_frame   0x00001938       0x20 c:/gmd/toolchain/arm_toolchain/bin/../lib/gcc/arm-none-eabi/8.3.1/../../../../arm-none-eabi/lib/thumb/v6-m/nofp\libnosys.a(fstat.o)
 .debug_frame   0x00001958       0x20 c:/gmd/toolchain/arm_toolchain/bin/../lib/gcc/arm-none-eabi/8.3.1/../../../../arm-none-eabi/lib/thumb/v6-m/nofp\libnosys.a(isatty.o)
 .debug_frame   0x00001978       0x20 c:/gmd/toolchain/arm_toolchain/bin/../lib/gcc/arm-none-eabi/8.3.1/../../../../arm-none-eabi/lib/thumb/v6-m/nofp\libnosys.a(lseek.o)
 .debug_frame   0x00001998       0x20 c:/gmd/toolchain/arm_toolchain/bin/../lib/gcc/arm-none-eabi/8.3.1/../../../../arm-none-eabi/lib/thumb/v6-m/nofp\libnosys.a(read.o)
 .debug_frame   0x000019b8       0x20 c:/gmd/toolchain/arm_toolchain/bin/../lib/gcc/arm-none-eabi/8.3.1/../../../../arm-none-eabi/lib/thumb/v6-m/nofp\libnosys.a(sbrk.o)
 .debug_frame   0x000019d8       0x20 c:/gmd/toolchain/arm_toolchain/bin/../lib/gcc/arm-none-eabi/8.3.1/../../../../arm-none-eabi/lib/thumb/v6-m/nofp\libnosys.a(_exit.o)

.debug_loc      0x00000000     0xc129
 .debug_loc     0x00000000      0x44c ./USER/main.o
 .debug_loc     0x0000044c      0x1da ./PERIPHERAL/src/GOWIN_M1_gpio.o
 .debug_loc     0x00000626       0xc2 ./PERIPHERAL/src/GOWIN_M1_spi.o
 .debug_loc     0x000006e8      0x26a ./PERIPHERAL/src/GOWIN_M1_uart.o
 .debug_loc     0x00000952     0x9b9c ./FAT/ff.o
 .debug_loc     0x0000a4ee      0x3fe ./FAT/ffunicode.o
 .debug_loc     0x0000a8ec     0x183d ./FAT/sdmm.o

.stab           0x00000000       0x84
 .stab          0x00000000       0x24 c:/gmd/toolchain/arm_toolchain/bin/../lib/gcc/arm-none-eabi/8.3.1/../../../../arm-none-eabi/lib/thumb/v6-m/nofp\libnosys.a(close.o)
 .stab          0x00000024       0x18 c:/gmd/toolchain/arm_toolchain/bin/../lib/gcc/arm-none-eabi/8.3.1/../../../../arm-none-eabi/lib/thumb/v6-m/nofp\libnosys.a(fstat.o)
                                 0x24 (size before relaxing)
 .stab          0x0000003c       0x18 c:/gmd/toolchain/arm_toolchain/bin/../lib/gcc/arm-none-eabi/8.3.1/../../../../arm-none-eabi/lib/thumb/v6-m/nofp\libnosys.a(isatty.o)
                                 0x24 (size before relaxing)
 .stab          0x00000054       0x18 c:/gmd/toolchain/arm_toolchain/bin/../lib/gcc/arm-none-eabi/8.3.1/../../../../arm-none-eabi/lib/thumb/v6-m/nofp\libnosys.a(lseek.o)
                                 0x24 (size before relaxing)
 .stab          0x0000006c       0x18 c:/gmd/toolchain/arm_toolchain/bin/../lib/gcc/arm-none-eabi/8.3.1/../../../../arm-none-eabi/lib/thumb/v6-m/nofp\libnosys.a(read.o)
                                 0x24 (size before relaxing)

.stabstr        0x00000000      0x183
 .stabstr       0x00000000      0x183 c:/gmd/toolchain/arm_toolchain/bin/../lib/gcc/arm-none-eabi/8.3.1/../../../../arm-none-eabi/lib/thumb/v6-m/nofp\libnosys.a(close.o)
