Archive member included to satisfy reference by file (symbol)

c:/gmd/toolchain/arm_toolchain/bin/../lib/gcc/arm-none-eabi/8.3.1/thumb/v6-m/nofp\libgcc.a(_udivsi3.o)
                              ./PERIPHERAL/src/GOWIN_M1_i2c.o (__aeabi_uidiv)
c:/gmd/toolchain/arm_toolchain/bin/../lib/gcc/arm-none-eabi/8.3.1/thumb/v6-m/nofp\libgcc.a(_dvmd_tls.o)
                              c:/gmd/toolchain/arm_toolchain/bin/../lib/gcc/arm-none-eabi/8.3.1/thumb/v6-m/nofp\libgcc.a(_udivsi3.o) (__aeabi_idiv0)
c:/gmd/toolchain/arm_toolchain/bin/../lib/gcc/arm-none-eabi/8.3.1/thumb/v6-m/nofp\libgcc.a(unwind-arm.o)
                              ./STARTUP/startup_GOWIN_M1.o (__aeabi_unwind_cpp_pr0)
c:/gmd/toolchain/arm_toolchain/bin/../lib/gcc/arm-none-eabi/8.3.1/thumb/v6-m/nofp\libgcc.a(libunwind.o)
                              c:/gmd/toolchain/arm_toolchain/bin/../lib/gcc/arm-none-eabi/8.3.1/thumb/v6-m/nofp\libgcc.a(unwind-arm.o) (restore_core_regs)
c:/gmd/toolchain/arm_toolchain/bin/../lib/gcc/arm-none-eabi/8.3.1/thumb/v6-m/nofp\libgcc.a(pr-support.o)
                              c:/gmd/toolchain/arm_toolchain/bin/../lib/gcc/arm-none-eabi/8.3.1/thumb/v6-m/nofp\libgcc.a(unwind-arm.o) (__gnu_unwind_execute)
c:/gmd/toolchain/arm_toolchain/bin/../lib/gcc/arm-none-eabi/8.3.1/../../../../arm-none-eabi/lib/thumb/v6-m/nofp\libg_nano.a(lib_a-abort.o)
                              c:/gmd/toolchain/arm_toolchain/bin/../lib/gcc/arm-none-eabi/8.3.1/thumb/v6-m/nofp\libgcc.a(unwind-arm.o) (abort)
c:/gmd/toolchain/arm_toolchain/bin/../lib/gcc/arm-none-eabi/8.3.1/../../../../arm-none-eabi/lib/thumb/v6-m/nofp\libg_nano.a(lib_a-atoi.o)
                              ./USER/commandhandler.o (atoi)
c:/gmd/toolchain/arm_toolchain/bin/../lib/gcc/arm-none-eabi/8.3.1/../../../../arm-none-eabi/lib/thumb/v6-m/nofp\libg_nano.a(lib_a-ctype_.o)
                              ./USER/commandhandler.o (_ctype_)
c:/gmd/toolchain/arm_toolchain/bin/../lib/gcc/arm-none-eabi/8.3.1/../../../../arm-none-eabi/lib/thumb/v6-m/nofp\libg_nano.a(lib_a-exit.o)
                              c:/gmd/toolchain/arm_toolchain/bin/../lib/gcc/arm-none-eabi/8.3.1/../../../../arm-none-eabi/lib/thumb/v6-m/nofp/crt0.o (exit)
c:/gmd/toolchain/arm_toolchain/bin/../lib/gcc/arm-none-eabi/8.3.1/../../../../arm-none-eabi/lib/thumb/v6-m/nofp\libg_nano.a(lib_a-impure.o)
                              c:/gmd/toolchain/arm_toolchain/bin/../lib/gcc/arm-none-eabi/8.3.1/../../../../arm-none-eabi/lib/thumb/v6-m/nofp\libg_nano.a(lib_a-exit.o) (_global_impure_ptr)
c:/gmd/toolchain/arm_toolchain/bin/../lib/gcc/arm-none-eabi/8.3.1/../../../../arm-none-eabi/lib/thumb/v6-m/nofp\libg_nano.a(lib_a-init.o)
                              c:/gmd/toolchain/arm_toolchain/bin/../lib/gcc/arm-none-eabi/8.3.1/../../../../arm-none-eabi/lib/thumb/v6-m/nofp/crt0.o (__libc_init_array)
c:/gmd/toolchain/arm_toolchain/bin/../lib/gcc/arm-none-eabi/8.3.1/../../../../arm-none-eabi/lib/thumb/v6-m/nofp\libg_nano.a(lib_a-itoa.o)
                              ./USER/commandhandler.o (itoa)
c:/gmd/toolchain/arm_toolchain/bin/../lib/gcc/arm-none-eabi/8.3.1/../../../../arm-none-eabi/lib/thumb/v6-m/nofp\libg_nano.a(lib_a-memcpy-stub.o)
                              ./USER/commandhandler.o (memcpy)
c:/gmd/toolchain/arm_toolchain/bin/../lib/gcc/arm-none-eabi/8.3.1/../../../../arm-none-eabi/lib/thumb/v6-m/nofp\libg_nano.a(lib_a-memset.o)
                              c:/gmd/toolchain/arm_toolchain/bin/../lib/gcc/arm-none-eabi/8.3.1/../../../../arm-none-eabi/lib/thumb/v6-m/nofp/crt0.o (memset)
c:/gmd/toolchain/arm_toolchain/bin/../lib/gcc/arm-none-eabi/8.3.1/../../../../arm-none-eabi/lib/thumb/v6-m/nofp\libg_nano.a(lib_a-printf.o)
                              ./USER/snaps.o (printf)
c:/gmd/toolchain/arm_toolchain/bin/../lib/gcc/arm-none-eabi/8.3.1/../../../../arm-none-eabi/lib/thumb/v6-m/nofp\libg_nano.a(lib_a-puts.o)
                              ./USER/commandhandler.o (puts)
c:/gmd/toolchain/arm_toolchain/bin/../lib/gcc/arm-none-eabi/8.3.1/../../../../arm-none-eabi/lib/thumb/v6-m/nofp\libg_nano.a(lib_a-signal.o)
                              c:/gmd/toolchain/arm_toolchain/bin/../lib/gcc/arm-none-eabi/8.3.1/../../../../arm-none-eabi/lib/thumb/v6-m/nofp\libg_nano.a(lib_a-abort.o) (raise)
c:/gmd/toolchain/arm_toolchain/bin/../lib/gcc/arm-none-eabi/8.3.1/../../../../arm-none-eabi/lib/thumb/v6-m/nofp\libg_nano.a(lib_a-signalr.o)
                              c:/gmd/toolchain/arm_toolchain/bin/../lib/gcc/arm-none-eabi/8.3.1/../../../../arm-none-eabi/lib/thumb/v6-m/nofp\libg_nano.a(lib_a-signal.o) (_kill_r)
c:/gmd/toolchain/arm_toolchain/bin/../lib/gcc/arm-none-eabi/8.3.1/../../../../arm-none-eabi/lib/thumb/v6-m/nofp\libg_nano.a(lib_a-sprintf.o)
                              ./USER/commandhandler.o (sprintf)
c:/gmd/toolchain/arm_toolchain/bin/../lib/gcc/arm-none-eabi/8.3.1/../../../../arm-none-eabi/lib/thumb/v6-m/nofp\libg_nano.a(lib_a-stpcpy.o)
                              ./USER/commandhandler.o (stpcpy)
[...]
Memory Configuration

Name             Origin             Length             Attributes
FLASH            0x00000000         0x00010000         xr
RAM              0x20000000         0x00002000         xrw
*default*        0x00000000         0xffffffff

Linker script and memory map

LOAD c:/gmd/toolchain/arm_toolchain/bin/../lib/gcc/arm-none-eabi/8.3.1/thumb/v6-m/nofp/crti.o
LOAD c:/gmd/toolchain/arm_toolchain/bin/../lib/gcc/arm-none-eabi/8.3.1/thumb/v6-m/nofp/crtbegin.o
LOAD c:/gmd/toolchain/arm_toolchain/bin/../lib/gcc/arm-none-eabi/8.3.1/../../../../arm-none-eabi/lib/thumb/v6-m/nofp/crt0.o
LOAD ./USER/GOWIN_M1_it.o
LOAD ./USER/commandhandler.o
LOAD ./USER/main.o
LOAD ./USER/snaps.o
LOAD ./SYSTEM/system_GOWIN_M1.o
LOAD ./STARTUP/startup_GOWIN_M1.o
LOAD ./PERIPHERAL/src/GOWIN_M1_can.o
LOAD ./PERIPHERAL/src/GOWIN_M1_ddr3.o
LOAD ./PERIPHERAL/src/GOWIN_M1_dualtimer.o
LOAD ./PERIPHERAL/src/GOWIN_M1_ethernet.o
LOAD ./PERIPHERAL/src/GOWIN_M1_gpio.o
LOAD ./PERIPHERAL/src/GOWIN_M1_i2c.o
LOAD ./PERIPHERAL/src/GOWIN_M1_misc.o
LOAD ./PERIPHERAL/src/GOWIN_M1_psram.o
LOAD ./PERIPHERAL/src/GOWIN_M1_rtc.o
LOAD ./PERIPHERAL/src/GOWIN_M1_sdcard.o
LOAD ./PERIPHERAL/src/GOWIN_M1_spi.o
LOAD ./PERIPHERAL/src/GOWIN_M1_spi_flash.o
LOAD ./PERIPHERAL/src/GOWIN_M1_timer.o
LOAD ./PERIPHERAL/src/GOWIN_M1_trng.o
LOAD ./PERIPHERAL/src/GOWIN_M1_uart.o
LOAD ./PERIPHERAL/src/GOWIN_M1_wdog.o
LOAD ./FAT/ff.o
LOAD ./FAT/ffunicode.o
LOAD ./FAT/sdmm.o
START GROUP
LOAD c:/gmd/toolchain/arm_toolchain/bin/../lib/gcc/arm-none-eabi/8.3.1/thumb/v6-m/nofp\libgcc.a
LOAD c:/gmd/toolchain/arm_toolchain/bin/../lib/gcc/arm-none-eabi/8.3.1/../../../../arm-none-eabi/lib/thumb/v6-m/nofp\libg_nano.a
LOAD c:/gmd/toolchain/arm_toolchain/bin/../lib/gcc/arm-none-eabi/8.3.1/../../../../arm-none-eabi/lib/thumb/v6-m/nofp\libc_nano.a
END GROUP
START GROUP
LOAD c:/gmd/toolchain/arm_toolchain/bin/../lib/gcc/arm-none-eabi/8.3.1/thumb/v6-m/nofp\libgcc.a
LOAD c:/gmd/toolchain/arm_toolchain/bin/../lib/gcc/arm-none-eabi/8.3.1/../../../../arm-none-eabi/lib/thumb/v6-m/nofp\libc_nano.a
END GROUP
LOAD c:/gmd/toolchain/arm_toolchain/bin/../lib/gcc/arm-none-eabi/8.3.1/thumb/v6-m/nofp/crtend.o
LOAD c:/gmd/toolchain/arm_toolchain/bin/../lib/gcc/arm-none-eabi/8.3.1/thumb/v6-m/nofp/crtn.o
START GROUP
LOAD c:/gmd/toolchain/arm_toolchain/bin/../lib/gcc/arm-none-eabi/8.3.1/thumb/v6-m/nofp\libgcc.a
LOAD c:/gmd/toolchain/arm_toolchain/bin/../lib/gcc/arm-none-eabi/8.3.1/../../../../arm-none-eabi/lib/thumb/v6-m/nofp\libc.a
LOAD c:/gmd/toolchain/arm_toolchain/bin/../lib/gcc/arm-none-eabi/8.3.1/../../../../arm-none-eabi/lib/thumb/v6-m/nofp\libm.a
LOAD c:/gmd/toolchain/arm_toolchain/bin/../lib/gcc/arm-none-eabi/8.3.1/../../../../arm-none-eabi/lib/thumb/v6-m/nofp\libnosys.a
END GROUP

.text           0x00000000     0x9958
 *(.vectors)
 .vectors       0x00000000       0xc0 ./STARTUP/startup_GOWIN_M1.o
                0x00000000                __Vectors
                0x000000c0                __Vectors_End
 *(.text*)
 .text          0x000000c0       0x48 c:/gmd/toolchain/arm_toolchain/bin/../lib/gcc/arm-none-eabi/8.3.1/thumb/v6-m/nofp/crtbegin.o
 .text          0x00000108       0x78 c:/gmd/toolchain/arm_toolchain/bin/../lib/gcc/arm-none-eabi/8.3.1/../../../../arm-none-eabi/lib/thumb/v6-m/nofp/crt0.o
                0x00000108                _start
                0x00000108                _mainCRTStartup
 .text.NMI_Handler
                0x00000180        0x4 ./USER/GOWIN_M1_it.o
                0x00000180                NMI_Handler
 .text.HardFault_Handler
                0x00000184        0x4 ./USER/GOWIN_M1_it.o
                0x00000184                HardFault_Handler
 .text.SVC_Handler
                0x00000188        0x4 ./USER/GOWIN_M1_it.o
                0x00000188                SVC_Handler
 .text.PendSV_Handler
                0x0000018c        0x4 ./USER/GOWIN_M1_it.o
                0x0000018c                PendSV_Handler
 .text.SysTick_Handler
                0x00000190        0x4 ./USER/GOWIN_M1_it.o
                0x00000190                SysTick_Handler
 .text.UART0_Handler
                0x00000194        0x4 ./USER/GOWIN_M1_it.o
                0x00000194                UART0_Handler
 .text.UART1_Handler
                0x00000198        0x4 ./USER/GOWIN_M1_it.o
                0x00000198                UART1_Handler
 .text.TIMER0_Handler
                0x0000019c        0x4 ./USER/GOWIN_M1_it.o
                0x0000019c                TIMER0_Handler
 .text.TIMER1_Handler
                0x000001a0        0x4 ./USER/GOWIN_M1_it.o
                0x000001a0                TIMER1_Handler
 .text.GPIO0_Handler
                0x000001a4        0x4 ./USER/GOWIN_M1_it.o
                0x000001a4                GPIO0_Handler
 .text.RTC_Handler
                0x000001a8        0x4 ./USER/GOWIN_M1_it.o
                0x000001a8                RTC_Handler
 .text.I2C_Handler
                0x000001ac        0x4 ./USER/GOWIN_M1_it.o
                0x000001ac                I2C_Handler
 .text.CAN_Handler
                0x000001b0        0x4 ./USER/GOWIN_M1_it.o
                0x000001b0                CAN_Handler
 .text.ENT_Handler
                0x000001b4        0x4 ./USER/GOWIN_M1_it.o
                0x000001b4                ENT_Handler
 .text.DTimer_Handler
                0x000001b8        0x4 ./USER/GOWIN_M1_it.o
                0x000001b8                DTimer_Handler
 .text.TRNG_Handler
                0x000001bc        0x4 ./USER/GOWIN_M1_it.o
                0x000001bc                TRNG_Handler
 .text.GPIO0_0_Handler
                0x000001c0        0x4 ./USER/GOWIN_M1_it.o
                0x000001c0                GPIO0_0_Handler
 .text.GPIO0_1_Handler
                0x000001c4        0x4 ./USER/GOWIN_M1_it.o
                0x000001c4                GPIO0_1_Handler
 .text.GPIO0_2_Handler
                0x000001c8        0x4 ./USER/GOWIN_M1_it.o
                0x000001c8                GPIO0_2_Handler
 .text.GPIO0_3_Handler
                0x000001cc        0x4 ./USER/GOWIN_M1_it.o
                0x000001cc                GPIO0_3_Handler
 .text.GPIO0_4_Handler
                0x000001d0        0x4 ./USER/GOWIN_M1_it.o
                0x000001d0                GPIO0_4_Handler
 .text.GPIO0_5_Handler
                0x000001d4        0x4 ./USER/GOWIN_M1_it.o
                0x000001d4                GPIO0_5_Handler
 .text.GPIO0_6_Handler
                0x000001d8        0x4 ./USER/GOWIN_M1_it.o
                0x000001d8                GPIO0_6_Handler
 .text.GPIO0_7_Handler
                0x000001dc        0x4 ./USER/GOWIN_M1_it.o
                0x000001dc                GPIO0_7_Handler
 .text.GPIO0_8_Handler
                0x000001e0        0x4 ./USER/GOWIN_M1_it.o
                0x000001e0                GPIO0_8_Handler
 .text.GPIO0_9_Handler
                0x000001e4        0x4 ./USER/GOWIN_M1_it.o
                0x000001e4                GPIO0_9_Handler
 .text.GPIO0_10_Handler
                0x000001e8        0x4 ./USER/GOWIN_M1_it.o
                0x000001e8                GPIO0_10_Handler
 .text.GPIO0_11_Handler
                0x000001ec        0x4 ./USER/GOWIN_M1_it.o
                0x000001ec                GPIO0_11_Handler
 .text.GPIO0_12_Handler
                0x000001f0        0x4 ./USER/GOWIN_M1_it.o
                0x000001f0                GPIO0_12_Handler
 .text.GPIO0_13_Handler
                0x000001f4        0x4 ./USER/GOWIN_M1_it.o
                0x000001f4                GPIO0_13_Handler
 .text.GPIO0_14_Handler
                0x000001f8        0x4 ./USER/GOWIN_M1_it.o
                0x000001f8                GPIO0_14_Handler
 .text.GPIO0_15_Handler
                0x000001fc        0x4 ./USER/GOWIN_M1_it.o
                0x000001fc                GPIO0_15_Handler
 .text.tcmd_info
                0x00000200       0xf8 ./USER/commandhandler.o
                0x00000200                tcmd_info
 .text.cmd_echo
                0x000002f8       0x64 ./USER/commandhandler.o
                0x000002f8                cmd_echo
 .text.cmd_closedir
                0x0000035c       0x1c ./USER/commandhandler.o
                0x0000035c                cmd_closedir
 .text.tcmd_ver
                0x00000378      0x128 ./USER/commandhandler.o
                0x00000378                tcmd_ver
 .text.cmd_read
                0x000004a0      0x120 ./USER/commandhandler.o
                0x000004a0                cmd_read
 .text.cmd_write
                0x000005c0      0x104 ./USER/commandhandler.o
                0x000005c0                cmd_write
 .text.tcmd_vol
                0x000006c4      0x130 ./USER/commandhandler.o
                0x000006c4                tcmd_vol
 .text.cmd_fclose
                0x000007f4       0x30 ./USER/commandhandler.o
                0x000007f4                cmd_fclose
 .text.tcmd_pwd
                0x00000824       0x6c ./USER/commandhandler.o
                0x00000824                tcmd_pwd
 .text.tcmd_cat.part.5
                0x00000890       0x78 ./USER/commandhandler.o
 .text.cmd_opendir
                0x00000908       0x9c ./USER/commandhandler.o
                0x00000908                cmd_opendir
 .text.cmd_fopen
                0x000009a4      0x1fc ./USER/commandhandler.o
                0x000009a4                cmd_fopen
 .text.tcmd_pwd.constprop.11
                0x00000ba0       0x6c ./USER/commandhandler.o
 .text.cmd_cd   0x00000c0c       0x7c ./USER/commandhandler.o
                0x00000c0c                cmd_cd
 .text.cmd_fcreate
                0x00000c88       0xc8 ./USER/commandhandler.o
                0x00000c88                cmd_fcreate
 .text.cmd_readdir
                0x00000d50      0x144 ./USER/commandhandler.o
                0x00000d50                cmd_readdir
 .text.tcmd_cat
                0x00000e94       0x78 ./USER/commandhandler.o
                0x00000e94                tcmd_cat
 .text.cmd_text
                0x00000f0c      0x150 ./USER/commandhandler.o
                0x00000f0c                cmd_text
 .text.tcmd_cd  0x0000105c       0xac ./USER/commandhandler.o
                0x0000105c                tcmd_cd
 .text.tcmd_del
                0x00001108       0xc4 ./USER/commandhandler.o
                0x00001108                tcmd_del
 .text.tcmd_mkdir
                0x000011cc       0xc4 ./USER/commandhandler.o
                0x000011cc                tcmd_mkdir
 .text.tcmd_dir
                0x00001290      0x154 ./USER/commandhandler.o
                0x00001290                tcmd_dir
 .text.tcmd_dump
                0x000013e4      0x310 ./USER/commandhandler.o
                0x000013e4                tcmd_dump
 .text.CommandPending
                0x000016f4        0xc ./USER/commandhandler.o
                0x000016f4                CommandPending
 .text.SendByte
                0x00001700       0x18 ./USER/commandhandler.o
                0x00001700                SendByte
 .text.Copy     0x00001718       0x6c ./USER/commandhandler.o
                0x00001718                Copy
 .text.tcmd_copy
                0x00001784      0x120 ./USER/commandhandler.o
                0x00001784                tcmd_copy
 .text.HandleCommand
                0x000018a4       0x70 ./USER/commandhandler.o
                0x000018a4                HandleCommand
 .text._write   0x00001914       0x24 ./USER/main.o
                0x00001914                _write
 .text.UartInit
                0x00001938       0x28 ./USER/main.o
                0x00001938                UartInit
 .text.prt      0x00001960       0x10 ./USER/main.o
                0x00001960                prt
 .text.startup.main
                0x00001970       0x78 ./USER/main.o
                0x00001970                main
 .text.isZ80Sna
                0x000019e8       0x44 ./USER/snaps.o
                0x000019e8                isZ80Sna
 .text.z80_v1   0x00001a2c      0x134 ./USER/snaps.o
                0x00001a2c                z80_v1
 .text.z80_v2v3
                0x00001b60      0x1f0 ./USER/snaps.o
                0x00001b60                z80_v2v3
 .text.IsZ80Snap48K
                0x00001d50       0xc0 ./USER/snaps.o
                0x00001d50                IsZ80Snap48K
 .text.LoadZ80asSNA
                0x00001e10      0x314 ./USER/snaps.o
                0x00001e10                LoadZ80asSNA
 .text.SystemInit
                0x00002124       0x10 ./SYSTEM/system_GOWIN_M1.o
                0x00002124                SystemInit
 .text          0x00002134       0x40 ./STARTUP/startup_GOWIN_M1.o
                0x00002134                Reset_Handler
                0x0000215e                Default_Handler
                0x0000215e                Interrupt10_Handler
                0x0000215e                Interrupt14_Handler
                0x0000215e                Interrupt13_Handler
                0x0000215e                Interrupt15_Handler
                0x0000215e                UARTOVF_Handler
 .text.SPI_Init
                0x00002174       0x34 ./PERIPHERAL/src/GOWIN_M1_spi.o
                0x00002174                SPI_Init
 .text.SPI_ReadWriteByte
                0x000021a8       0x20 ./PERIPHERAL/src/GOWIN_M1_spi.o
                0x000021a8                SPI_ReadWriteByte
 .text.SPI_Select_Slave
                0x000021c8        0xc ./PERIPHERAL/src/GOWIN_M1_spi.o
                0x000021c8                SPI_Select_Slave
 .text.UART_Init
                0x000021d4       0x78 ./PERIPHERAL/src/GOWIN_M1_uart.o
                0x000021d4                UART_Init
 .text.UART_SendChar
                0x0000224c        0xc ./PERIPHERAL/src/GOWIN_M1_uart.o
                0x0000224c                UART_SendChar
 .text.UART_SendString
                0x00002258       0x1c ./PERIPHERAL/src/GOWIN_M1_uart.o
                0x00002258                UART_SendString
 .text.sync_fs  0x00002274       0xfc ./FAT/ff.o
 .text.get_fileinfo
                0x00002370      0x330 ./FAT/ff.o
 .text.move_window.part.6
                0x000026a0       0x64 ./FAT/ff.o
 .text.put_fat.part.8
                0x00002704      0x140 ./FAT/ff.o
 .text.get_fat.isra.9
                0x00002844       0xec ./FAT/ff.o
 .text.create_chain
                0x00002930      0x110 ./FAT/ff.o
 .text.remove_chain
                0x00002a40       0x98 ./FAT/ff.o
 .text.dir_next.constprop.15
                0x00002ad8       0xa0 ./FAT/ff.o
 .text.dir_clear
                0x00002b78       0x9c ./FAT/ff.o
 .text.dir_read
                0x00002c14      0x47c ./FAT/ff.o
 .text.check_fs
                0x00003090       0xb0 ./FAT/ff.o
 .text.find_volume
                0x00003140      0x4f8 ./FAT/ff.o
 .text.dir_sdi.constprop.16
                0x00003638      0x184 ./FAT/ff.o
 .text.dir_alloc
                0x000037bc      0x18c ./FAT/ff.o
 .text.dir_find
                0x00003948      0x374 ./FAT/ff.o
 .text.follow_path
                0x00003cbc      0x43c ./FAT/ff.o
 .text.dir_sdi  0x000040f8      0x1cc ./FAT/ff.o
 .text.dir_remove
                0x000042c4      0x140 ./FAT/ff.o
 .text.dir_register
                0x00004404      0x7c8 ./FAT/ff.o
 .text.f_mount  0x00004bcc       0x74 ./FAT/ff.o
                0x00004bcc                f_mount
 .text.f_open   0x00004c40      0x24c ./FAT/ff.o
                0x00004c40                f_open
 .text.f_read   0x00004e8c      0x2bc ./FAT/ff.o
                0x00004e8c                f_read
 .text.f_write  0x00005148      0x2e0 ./FAT/ff.o
                0x00005148                f_write
 .text.f_close  0x00005428       0xe8 ./FAT/ff.o
                0x00005428                f_close
 .text.f_chdir  0x00005510       0x78 ./FAT/ff.o
                0x00005510                f_chdir
 .text.f_getcwd
                0x00005588      0x220 ./FAT/ff.o
                0x00005588                f_getcwd
 .text.f_lseek  0x000057a8      0x1a0 ./FAT/ff.o
                0x000057a8                f_lseek
 .text.f_opendir
                0x00005948       0x84 ./FAT/ff.o
                0x00005948                f_opendir
 .text.f_closedir
                0x000059cc       0x30 ./FAT/ff.o
                0x000059cc                f_closedir
 .text.f_readdir
                0x000059fc       0x60 ./FAT/ff.o
                0x000059fc                f_readdir
 .text.f_getfree
                0x00005a5c      0x118 ./FAT/ff.o
                0x00005a5c                f_getfree
 .text.f_unlink
                0x00005b74       0xbc ./FAT/ff.o
                0x00005b74                f_unlink
 .text.f_mkdir  0x00005c30      0x1ac ./FAT/ff.o
                0x00005c30                f_mkdir
 .text.f_getlabel
                0x00005ddc      0x174 ./FAT/ff.o
                0x00005ddc                f_getlabel
 .text.f_gets   0x00005f50       0x64 ./FAT/ff.o
                0x00005f50                f_gets
 .text.ff_uni2oem
                0x00005fb4       0x40 ./FAT/ffunicode.o
                0x00005fb4                ff_uni2oem
 .text.ff_oem2uni
                0x00005ff4       0x2c ./FAT/ffunicode.o
                0x00005ff4                ff_oem2uni
 .text.ff_wtoupper
                0x00006020       0xbc ./FAT/ffunicode.o
                0x00006020                ff_wtoupper
 .text.xmit_datablock
                0x000060dc       0x70 ./FAT/sdmm.o
 .text.send_cmd
                0x0000614c      0x120 ./FAT/sdmm.o
 .text.SPIxInit
                0x0000626c       0x14 ./FAT/sdmm.o
                0x0000626c                SPIxInit
 .text.disk_status
                0x00006280       0x14 ./FAT/sdmm.o
                0x00006280                disk_status
 .text.disk_initialize
                0x00006294      0x190 ./FAT/sdmm.o
                0x00006294                disk_initialize
 .text.disk_read
                0x00006424       0xdc ./FAT/sdmm.o
                0x00006424                disk_read
 .text.disk_write
                0x00006500       0xdc ./FAT/sdmm.o
                0x00006500                disk_write
 .text.disk_ioctl
                0x000065dc      0x144 ./FAT/sdmm.o
                0x000065dc                disk_ioctl
 .text          0x00006720      0x114 c:/gmd/toolchain/arm_toolchain/bin/../lib/gcc/arm-none-eabi/8.3.1/thumb/v6-m/nofp\libgcc.a(_udivsi3.o)
                0x00006720                __aeabi_uidiv
                0x00006720                __udivsi3
                0x0000682c                __aeabi_uidivmod
 .text          0x00006834        0x4 c:/gmd/toolchain/arm_toolchain/bin/../lib/gcc/arm-none-eabi/8.3.1/thumb/v6-m/nofp\libgcc.a(_dvmd_tls.o)
                0x00006834                __aeabi_idiv0
                0x00006834                __aeabi_ldiv0
 .text          0x00006838      0xa44 c:/gmd/toolchain/arm_toolchain/bin/../lib/gcc/arm-none-eabi/8.3.1/thumb/v6-m/nofp\libgcc.a(unwind-arm.o)
                0x00006b04                _Unwind_GetCFA
                0x00006b08                __gnu_Unwind_RaiseException
                0x00006b5c                __gnu_Unwind_ForcedUnwind
                0x00006b70                __gnu_Unwind_Resume
                0x00006bb8                __gnu_Unwind_Resume_or_Rethrow
                0x00006bd4                _Unwind_Complete
                0x00006bd8                _Unwind_DeleteException
                0x00006be8                _Unwind_VRS_Get
                0x00006c38                _Unwind_VRS_Set
                0x00006c88                __gnu_Unwind_Backtrace
                0x00006fe8                __aeabi_unwind_cpp_pr0
                0x00006ff4                __aeabi_unwind_cpp_pr1
                0x00007000                __aeabi_unwind_cpp_pr2
                0x0000700c                _Unwind_VRS_Pop
 .text          0x0000727c      0x144 c:/gmd/toolchain/arm_toolchain/bin/../lib/gcc/arm-none-eabi/8.3.1/thumb/v6-m/nofp\libgcc.a(libunwind.o)
                0x0000727c                __restore_core_regs
                0x0000727c                restore_core_regs
                0x000072a8                __gnu_Unwind_Restore_VFP
                0x000072ac                __gnu_Unwind_Save_VFP
                0x000072b0                __gnu_Unwind_Restore_VFP_D
                0x000072b4                __gnu_Unwind_Save_VFP_D
                0x000072b8                __gnu_Unwind_Restore_VFP_D_16_to_31
                0x000072bc                __gnu_Unwind_Save_VFP_D_16_to_31
                0x000072c0                __gnu_Unwind_Restore_WMMXD
                0x000072c4                __gnu_Unwind_Save_WMMXD
                0x000072c8                __gnu_Unwind_Restore_WMMXC
                0x000072cc                __gnu_Unwind_Save_WMMXC
                0x000072d0                ___Unwind_RaiseException
                0x000072d0                _Unwind_RaiseException
                0x00007300                _Unwind_Resume
                0x00007300                ___Unwind_Resume
                0x00007330                _Unwind_Resume_or_Rethrow
                0x00007330                ___Unwind_Resume_or_Rethrow
                0x00007360                _Unwind_ForcedUnwind
                0x00007360                ___Unwind_ForcedUnwind
                0x00007390                ___Unwind_Backtrace
                0x00007390                _Unwind_Backtrace
 .text          0x000073c0      0x390 c:/gmd/toolchain/arm_toolchain/bin/../lib/gcc/arm-none-eabi/8.3.1/thumb/v6-m/nofp\libgcc.a(pr-support.o)
                0x00007414                __gnu_unwind_execute
                0x00007708                __gnu_unwind_frame
                0x00007730                _Unwind_GetRegionStart
                0x0000773c                _Unwind_GetLanguageSpecificData
 .text.abort    0x00007750        0xe c:/gmd/toolchain/arm_toolchain/bin/../lib/gcc/arm-none-eabi/8.3.1/../../../../arm-none-eabi/lib/thumb/v6-m/nofp\libg_nano.a(lib_a-abort.o)
                0x00007750                abort
 .text.atoi     0x0000775e        0xc c:/gmd/toolchain/arm_toolchain/bin/../lib/gcc/arm-none-eabi/8.3.1/../../../../arm-none-eabi/lib/thumb/v6-m/nofp\libg_nano.a(lib_a-atoi.o)
                0x0000775e                atoi
 *fill*         0x0000776a        0x2 
 .text.exit     0x0000776c       0x2c c:/gmd/toolchain/arm_toolchain/bin/../lib/gcc/arm-none-eabi/8.3.1/../../../../arm-none-eabi/lib/thumb/v6-m/nofp\libg_nano.a(lib_a-exit.o)
                0x0000776c                exit
 .text.__libc_init_array
                0x00007798       0x48 c:/gmd/toolchain/arm_toolchain/bin/../lib/gcc/arm-none-eabi/8.3.1/../../../../arm-none-eabi/lib/thumb/v6-m/nofp\libg_nano.a(lib_a-init.o)
                0x00007798                __libc_init_array
 .text.__itoa   0x000077e0       0x30 c:/gmd/toolchain/arm_toolchain/bin/../lib/gcc/arm-none-eabi/8.3.1/../../../../arm-none-eabi/lib/thumb/v6-m/nofp\libg_nano.a(lib_a-itoa.o)
                0x000077e0                __itoa
 .text.itoa     0x00007810        0x8 c:/gmd/toolchain/arm_toolchain/bin/../lib/gcc/arm-none-eabi/8.3.1/../../../../arm-none-eabi/lib/thumb/v6-m/nofp\libg_nano.a(lib_a-itoa.o)
                0x00007810                itoa
 .text.memcpy   0x00007818       0x12 c:/gmd/toolchain/arm_toolchain/bin/../lib/gcc/arm-none-eabi/8.3.1/../../../../arm-none-eabi/lib/thumb/v6-m/nofp\libg_nano.a(lib_a-memcpy-stub.o)
                0x00007818                memcpy
 .text.memset   0x0000782a       0x10 c:/gmd/toolchain/arm_toolchain/bin/../lib/gcc/arm-none-eabi/8.3.1/../../../../arm-none-eabi/lib/thumb/v6-m/nofp\libg_nano.a(lib_a-memset.o)
                0x0000782a                memset
 *fill*         0x0000783a        0x2 
 .text.printf   0x0000783c       0x34 c:/gmd/toolchain/arm_toolchain/bin/../lib/gcc/arm-none-eabi/8.3.1/../../../../arm-none-eabi/lib/thumb/v6-m/nofp\libg_nano.a(lib_a-printf.o)
                0x0000783c                iprintf
                0x0000783c                printf
 .text._puts_r  0x00007870       0xe4 c:/gmd/toolchain/arm_toolchain/bin/../lib/gcc/arm-none-eabi/8.3.1/../../../../arm-none-eabi/lib/thumb/v6-m/nofp\libg_nano.a(lib_a-puts.o)
                0x00007870                _puts_r
 .text.puts     0x00007954       0x14 c:/gmd/toolchain/arm_toolchain/bin/../lib/gcc/arm-none-eabi/8.3.1/../../../../arm-none-eabi/lib/thumb/v6-m/nofp\libg_nano.a(lib_a-puts.o)
                0x00007954                puts
 .text._raise_r
                0x00007968       0x54 c:/gmd/toolchain/arm_toolchain/bin/../lib/gcc/arm-none-eabi/8.3.1/../../../../arm-none-eabi/lib/thumb/v6-m/nofp\libg_nano.a(lib_a-signal.o)
                0x00007968                _raise_r
 .text.raise    0x000079bc       0x14 c:/gmd/toolchain/arm_toolchain/bin/../lib/gcc/arm-none-eabi/8.3.1/../../../../arm-none-eabi/lib/thumb/v6-m/nofp\libg_nano.a(lib_a-signal.o)
                0x000079bc                raise
 .text._kill_r  0x000079d0       0x24 c:/gmd/toolchain/arm_toolchain/bin/../lib/gcc/arm-none-eabi/8.3.1/../../../../arm-none-eabi/lib/thumb/v6-m/nofp\libg_nano.a(lib_a-signalr.o)
                0x000079d0                _kill_r
 .text._getpid_r
                0x000079f4        0x8 c:/gmd/toolchain/arm_toolchain/bin/../lib/gcc/arm-none-eabi/8.3.1/../../../../arm-none-eabi/lib/thumb/v6-m/nofp\libg_nano.a(lib_a-signalr.o)
                0x000079f4                _getpid_r
 .text.sprintf  0x000079fc       0x40 c:/gmd/toolchain/arm_toolchain/bin/../lib/gcc/arm-none-eabi/8.3.1/../../../../arm-none-eabi/lib/thumb/v6-m/nofp\libg_nano.a(lib_a-sprintf.o)
                0x000079fc                siprintf
                0x000079fc                sprintf
 .text.stpcpy   0x00007a3c       0x12 c:/gmd/toolchain/arm_toolchain/bin/../lib/gcc/arm-none-eabi/8.3.1/../../../../arm-none-eabi/lib/thumb/v6-m/nofp\libg_nano.a(lib_a-stpcpy.o)
                0x00007a3c                stpcpy
 .text          0x00007a4e       0x14 c:/gmd/toolchain/arm_toolchain/bin/../lib/gcc/arm-none-eabi/8.3.1/../../../../arm-none-eabi/lib/thumb/v6-m/nofp\libg_nano.a(lib_a-strcmp.o)
                0x00007a4e                strcmp
 .text.strcpy   0x00007a62       0x10 c:/gmd/toolchain/arm_toolchain/bin/../lib/gcc/arm-none-eabi/8.3.1/../../../../arm-none-eabi/lib/thumb/v6-m/nofp\libg_nano.a(lib_a-strcpy.o)
                0x00007a62                strcpy
 .text          0x00007a72        0xe c:/gmd/toolchain/arm_toolchain/bin/../lib/gcc/arm-none-eabi/8.3.1/../../../../arm-none-eabi/lib/thumb/v6-m/nofp\libg_nano.a(lib_a-strlen.o)
                0x00007a72                strlen
 .text.strncpy  0x00007a80       0x28 c:/gmd/toolchain/arm_toolchain/bin/../lib/gcc/arm-none-eabi/8.3.1/../../../../arm-none-eabi/lib/thumb/v6-m/nofp\libg_nano.a(lib_a-strncpy.o)
                0x00007a80                strncpy
 .text.strstr   0x00007aa8       0x2c c:/gmd/toolchain/arm_toolchain/bin/../lib/gcc/arm-none-eabi/8.3.1/../../../../arm-none-eabi/lib/thumb/v6-m/nofp\libg_nano.a(lib_a-strstr.o)
                0x00007aa8                strstr
 .text._strtol_l.isra.0
                0x00007ad4       0xfc c:/gmd/toolchain/arm_toolchain/bin/../lib/gcc/arm-none-eabi/8.3.1/../../../../arm-none-eabi/lib/thumb/v6-m/nofp\libg_nano.a(lib_a-strtol.o)
 .text.strtol   0x00007bd0       0x18 c:/gmd/toolchain/arm_toolchain/bin/../lib/gcc/arm-none-eabi/8.3.1/../../../../arm-none-eabi/lib/thumb/v6-m/nofp\libg_nano.a(lib_a-strtol.o)
                0x00007bd0                strtol
 .text.__utoa   0x00007be8       0x6c c:/gmd/toolchain/arm_toolchain/bin/../lib/gcc/arm-none-eabi/8.3.1/../../../../arm-none-eabi/lib/thumb/v6-m/nofp\libg_nano.a(lib_a-utoa.o)
                0x00007be8                __utoa
 .text.__swbuf_r
                0x00007c54       0xac c:/gmd/toolchain/arm_toolchain/bin/../lib/gcc/arm-none-eabi/8.3.1/../../../../arm-none-eabi/lib/thumb/v6-m/nofp\libg_nano.a(lib_a-wbuf.o)
                0x00007c54                __swbuf_r
 .text.__swsetup_r
                0x00007d00       0xec c:/gmd/toolchain/arm_toolchain/bin/../lib/gcc/arm-none-eabi/8.3.1/../../../../arm-none-eabi/lib/thumb/v6-m/nofp\libg_nano.a(lib_a-wsetup.o)
                0x00007d00                __swsetup_r
 .text.__sflush_r
                0x00007dec      0x114 c:/gmd/toolchain/arm_toolchain/bin/../lib/gcc/arm-none-eabi/8.3.1/../../../../arm-none-eabi/lib/thumb/v6-m/nofp\libg_nano.a(lib_a-fflush.o)
                0x00007dec                __sflush_r
 .text._fflush_r
                0x00007f00       0x80 c:/gmd/toolchain/arm_toolchain/bin/../lib/gcc/arm-none-eabi/8.3.1/../../../../arm-none-eabi/lib/thumb/v6-m/nofp\libg_nano.a(lib_a-fflush.o)
                0x00007f00                _fflush_r
 .text.std      0x00007f80       0x48 c:/gmd/toolchain/arm_toolchain/bin/../lib/gcc/arm-none-eabi/8.3.1/../../../../arm-none-eabi/lib/thumb/v6-m/nofp\libg_nano.a(lib_a-findfp.o)
 .text._cleanup_r
                0x00007fc8       0x10 c:/gmd/toolchain/arm_toolchain/bin/../lib/gcc/arm-none-eabi/8.3.1/../../../../arm-none-eabi/lib/thumb/v6-m/nofp\libg_nano.a(lib_a-findfp.o)
                0x00007fc8                _cleanup_r
 .text.__sfmoreglue
                0x00007fd8       0x2c c:/gmd/toolchain/arm_toolchain/bin/../lib/gcc/arm-none-eabi/8.3.1/../../../../arm-none-eabi/lib/thumb/v6-m/nofp\libg_nano.a(lib_a-findfp.o)
                0x00007fd8                __sfmoreglue
 .text.__sfp_lock_acquire
                0x00008004       0x10 c:/gmd/toolchain/arm_toolchain/bin/../lib/gcc/arm-none-eabi/8.3.1/../../../../arm-none-eabi/lib/thumb/v6-m/nofp\libg_nano.a(lib_a-findfp.o)
                0x00008004                __sfp_lock_acquire
 .text.__sfp_lock_release
                0x00008014       0x10 c:/gmd/toolchain/arm_toolchain/bin/../lib/gcc/arm-none-eabi/8.3.1/../../../../arm-none-eabi/lib/thumb/v6-m/nofp\libg_nano.a(lib_a-findfp.o)
                0x00008014                __sfp_lock_release
 .text.__sinit_lock_acquire
                0x00008024       0x10 c:/gmd/toolchain/arm_toolchain/bin/../lib/gcc/arm-none-eabi/8.3.1/../../../../arm-none-eabi/lib/thumb/v6-m/nofp\libg_nano.a(lib_a-findfp.o)
                0x00008024                __sinit_lock_acquire
 .text.__sinit_lock_release
                0x00008034       0x10 c:/gmd/toolchain/arm_toolchain/bin/../lib/gcc/arm-none-eabi/8.3.1/../../../../arm-none-eabi/lib/thumb/v6-m/nofp\libg_nano.a(lib_a-findfp.o)
                0x00008034                __sinit_lock_release
 .text.__sinit  0x00008044       0x70 c:/gmd/toolchain/arm_toolchain/bin/../lib/gcc/arm-none-eabi/8.3.1/../../../../arm-none-eabi/lib/thumb/v6-m/nofp\libg_nano.a(lib_a-findfp.o)
                0x00008044                __sinit
 .text.__sfp    0x000080b4       0x90 c:/gmd/toolchain/arm_toolchain/bin/../lib/gcc/arm-none-eabi/8.3.1/../../../../arm-none-eabi/lib/thumb/v6-m/nofp\libg_nano.a(lib_a-findfp.o)
                0x000080b4                __sfp
 .text._fwalk_reent
                0x00008144       0x42 c:/gmd/toolchain/arm_toolchain/bin/../lib/gcc/arm-none-eabi/8.3.1/../../../../arm-none-eabi/lib/thumb/v6-m/nofp\libg_nano.a(lib_a-fwalk.o)
                0x00008144                _fwalk_reent
 .text.__retarget_lock_init_recursive
                0x00008186        0x2 c:/gmd/toolchain/arm_toolchain/bin/../lib/gcc/arm-none-eabi/8.3.1/../../../../arm-none-eabi/lib/thumb/v6-m/nofp\libg_nano.a(lib_a-lock.o)
                0x00008186                __retarget_lock_init_recursive
 .text.__retarget_lock_acquire_recursive
                0x00008188        0x2 c:/gmd/toolchain/arm_toolchain/bin/../lib/gcc/arm-none-eabi/8.3.1/../../../../arm-none-eabi/lib/thumb/v6-m/nofp\libg_nano.a(lib_a-lock.o)
                0x00008188                __retarget_lock_acquire_recursive
 .text.__retarget_lock_release_recursive
                0x0000818a        0x2 c:/gmd/toolchain/arm_toolchain/bin/../lib/gcc/arm-none-eabi/8.3.1/../../../../arm-none-eabi/lib/thumb/v6-m/nofp\libg_nano.a(lib_a-lock.o)
                0x0000818a                __retarget_lock_release_recursive
 .text.__swhatbuf_r
                0x0000818c       0x50 c:/gmd/toolchain/arm_toolchain/bin/../lib/gcc/arm-none-eabi/8.3.1/../../../../arm-none-eabi/lib/thumb/v6-m/nofp\libg_nano.a(lib_a-makebuf.o)
                0x0000818c                __swhatbuf_r
 .text.__smakebuf_r
                0x000081dc       0x88 c:/gmd/toolchain/arm_toolchain/bin/../lib/gcc/arm-none-eabi/8.3.1/../../../../arm-none-eabi/lib/thumb/v6-m/nofp\libg_nano.a(lib_a-makebuf.o)
                0x000081dc                __smakebuf_r
 .text._free_r  0x00008264       0x94 c:/gmd/toolchain/arm_toolchain/bin/../lib/gcc/arm-none-eabi/8.3.1/../../../../arm-none-eabi/lib/thumb/v6-m/nofp\libg_nano.a(lib_a-nano-freer.o)
                0x00008264                _free_r
 .text._malloc_r
                0x000082f8       0xbc c:/gmd/toolchain/arm_toolchain/bin/../lib/gcc/arm-none-eabi/8.3.1/../../../../arm-none-eabi/lib/thumb/v6-m/nofp\libg_nano.a(lib_a-nano-mallocr.o)
                0x000082f8                _malloc_r
 .text.__ssputs_r
                0x000083b4       0xc4 c:/gmd/toolchain/arm_toolchain/bin/../lib/gcc/arm-none-eabi/8.3.1/../../../../arm-none-eabi/lib/thumb/v6-m/nofp\libg_nano.a(lib_a-nano-svfprintf.o)
                0x000083b4                __ssputs_r
 .text._svfprintf_r
                0x00008478      0x1fc c:/gmd/toolchain/arm_toolchain/bin/../lib/gcc/arm-none-eabi/8.3.1/../../../../arm-none-eabi/lib/thumb/v6-m/nofp\libg_nano.a(lib_a-nano-svfprintf.o)
                0x00008478                _svfiprintf_r
                0x00008478                _svfprintf_r
 .text.__sfputc_r
                0x00008674       0x2a c:/gmd/toolchain/arm_toolchain/bin/../lib/gcc/arm-none-eabi/8.3.1/../../../../arm-none-eabi/lib/thumb/v6-m/nofp\libg_nano.a(lib_a-nano-vfprintf.o)
 .text.__sfputs_r
                0x0000869e       0x24 c:/gmd/toolchain/arm_toolchain/bin/../lib/gcc/arm-none-eabi/8.3.1/../../../../arm-none-eabi/lib/thumb/v6-m/nofp\libg_nano.a(lib_a-nano-vfprintf.o)
                0x0000869e                __sfputs_r
 *fill*         0x000086c2        0x2 
 .text._vfprintf_r
                0x000086c4      0x26c c:/gmd/toolchain/arm_toolchain/bin/../lib/gcc/arm-none-eabi/8.3.1/../../../../arm-none-eabi/lib/thumb/v6-m/nofp\libg_nano.a(lib_a-nano-vfprintf.o)
                0x000086c4                _vfprintf_r
                0x000086c4                _vfiprintf_r
 .text._printf_common
                0x00008930       0xda c:/gmd/toolchain/arm_toolchain/bin/../lib/gcc/arm-none-eabi/8.3.1/../../../../arm-none-eabi/lib/thumb/v6-m/nofp\libg_nano.a(lib_a-nano-vfprintf_i.o)
                0x00008930                _printf_common
 *fill*         0x00008a0a        0x2 
 .text._printf_i
                0x00008a0c      0x214 c:/gmd/toolchain/arm_toolchain/bin/../lib/gcc/arm-none-eabi/8.3.1/../../../../arm-none-eabi/lib/thumb/v6-m/nofp\libg_nano.a(lib_a-nano-vfprintf_i.o)
                0x00008a0c                _printf_i
 .text._sbrk_r  0x00008c20       0x24 c:/gmd/toolchain/arm_toolchain/bin/../lib/gcc/arm-none-eabi/8.3.1/../../../../arm-none-eabi/lib/thumb/v6-m/nofp\libg_nano.a(lib_a-sbrkr.o)
                0x00008c20                _sbrk_r
 .text.__sread  0x00008c44       0x28 c:/gmd/toolchain/arm_toolchain/bin/../lib/gcc/arm-none-eabi/8.3.1/../../../../arm-none-eabi/lib/thumb/v6-m/nofp\libg_nano.a(lib_a-stdio.o)
                0x00008c44                __sread
 .text.__swrite
                0x00008c6c       0x38 c:/gmd/toolchain/arm_toolchain/bin/../lib/gcc/arm-none-eabi/8.3.1/../../../../arm-none-eabi/lib/thumb/v6-m/nofp\libg_nano.a(lib_a-stdio.o)
                0x00008c6c                __swrite
 .text.__sseek  0x00008ca4       0x2c c:/gmd/toolchain/arm_toolchain/bin/../lib/gcc/arm-none-eabi/8.3.1/../../../../arm-none-eabi/lib/thumb/v6-m/nofp\libg_nano.a(lib_a-stdio.o)
                0x00008ca4                __sseek
 .text.__sclose
                0x00008cd0        0xc c:/gmd/toolchain/arm_toolchain/bin/../lib/gcc/arm-none-eabi/8.3.1/../../../../arm-none-eabi/lib/thumb/v6-m/nofp\libg_nano.a(lib_a-stdio.o)
                0x00008cd0                __sclose
 .text._write_r
                0x00008cdc       0x28 c:/gmd/toolchain/arm_toolchain/bin/../lib/gcc/arm-none-eabi/8.3.1/../../../../arm-none-eabi/lib/thumb/v6-m/nofp\libg_nano.a(lib_a-writer.o)
                0x00008cdc                _write_r
 .text._close_r
                0x00008d04       0x24 c:/gmd/toolchain/arm_toolchain/bin/../lib/gcc/arm-none-eabi/8.3.1/../../../../arm-none-eabi/lib/thumb/v6-m/nofp\libg_nano.a(lib_a-closer.o)
                0x00008d04                _close_r
 .text._fstat_r
                0x00008d28       0x24 c:/gmd/toolchain/arm_toolchain/bin/../lib/gcc/arm-none-eabi/8.3.1/../../../../arm-none-eabi/lib/thumb/v6-m/nofp\libg_nano.a(lib_a-fstatr.o)
                0x00008d28                _fstat_r
 .text._isatty_r
                0x00008d4c       0x24 c:/gmd/toolchain/arm_toolchain/bin/../lib/gcc/arm-none-eabi/8.3.1/../../../../arm-none-eabi/lib/thumb/v6-m/nofp\libg_nano.a(lib_a-isattyr.o)
                0x00008d4c                _isatty_r
 .text._lseek_r
                0x00008d70       0x28 c:/gmd/toolchain/arm_toolchain/bin/../lib/gcc/arm-none-eabi/8.3.1/../../../../arm-none-eabi/lib/thumb/v6-m/nofp\libg_nano.a(lib_a-lseekr.o)
                0x00008d70                _lseek_r
 .text.memchr   0x00008d98       0x16 c:/gmd/toolchain/arm_toolchain/bin/../lib/gcc/arm-none-eabi/8.3.1/../../../../arm-none-eabi/lib/thumb/v6-m/nofp\libg_nano.a(lib_a-memchr-stub.o)
                0x00008d98                memchr
 .text.memmove  0x00008dae       0x26 c:/gmd/toolchain/arm_toolchain/bin/../lib/gcc/arm-none-eabi/8.3.1/../../../../arm-none-eabi/lib/thumb/v6-m/nofp\libg_nano.a(lib_a-memmove.o)
                0x00008dae                memmove
 .text.__malloc_lock
                0x00008dd4       0x10 c:/gmd/toolchain/arm_toolchain/bin/../lib/gcc/arm-none-eabi/8.3.1/../../../../arm-none-eabi/lib/thumb/v6-m/nofp\libg_nano.a(lib_a-mlock.o)
                0x00008dd4                __malloc_lock
 .text.__malloc_unlock
                0x00008de4       0x10 c:/gmd/toolchain/arm_toolchain/bin/../lib/gcc/arm-none-eabi/8.3.1/../../../../arm-none-eabi/lib/thumb/v6-m/nofp\libg_nano.a(lib_a-mlock.o)
                0x00008de4                __malloc_unlock
 .text._realloc_r
                0x00008df4       0x4c c:/gmd/toolchain/arm_toolchain/bin/../lib/gcc/arm-none-eabi/8.3.1/../../../../arm-none-eabi/lib/thumb/v6-m/nofp\libg_nano.a(lib_a-nano-reallocr.o)
                0x00008df4                _realloc_r
 .text._read_r  0x00008e40       0x28 c:/gmd/toolchain/arm_toolchain/bin/../lib/gcc/arm-none-eabi/8.3.1/../../../../arm-none-eabi/lib/thumb/v6-m/nofp\libg_nano.a(lib_a-readr.o)
                0x00008e40                _read_r
 .text._malloc_usable_size_r
                0x00008e68       0x10 c:/gmd/toolchain/arm_toolchain/bin/../lib/gcc/arm-none-eabi/8.3.1/../../../../arm-none-eabi/lib/thumb/v6-m/nofp\libg_nano.a(lib_a-nano-msizer.o)
                0x00008e68                _malloc_usable_size_r
 .text._close   0x00008e78       0x10 c:/gmd/toolchain/arm_toolchain/bin/../lib/gcc/arm-none-eabi/8.3.1/../../../../arm-none-eabi/lib/thumb/v6-m/nofp\libnosys.a(close.o)
                0x00008e78                _close
 .text._fstat   0x00008e88       0x10 c:/gmd/toolchain/arm_toolchain/bin/../lib/gcc/arm-none-eabi/8.3.1/../../../../arm-none-eabi/lib/thumb/v6-m/nofp\libnosys.a(fstat.o)
                0x00008e88                _fstat
 .text._getpid  0x00008e98       0x10 c:/gmd/toolchain/arm_toolchain/bin/../lib/gcc/arm-none-eabi/8.3.1/../../../../arm-none-eabi/lib/thumb/v6-m/nofp\libnosys.a(getpid.o)
                0x00008e98                _getpid
 .text._isatty  0x00008ea8       0x10 c:/gmd/toolchain/arm_toolchain/bin/../lib/gcc/arm-none-eabi/8.3.1/../../../../arm-none-eabi/lib/thumb/v6-m/nofp\libnosys.a(isatty.o)
                0x00008ea8                _isatty
 .text._kill    0x00008eb8       0x10 c:/gmd/toolchain/arm_toolchain/bin/../lib/gcc/arm-none-eabi/8.3.1/../../../../arm-none-eabi/lib/thumb/v6-m/nofp\libnosys.a(kill.o)
                0x00008eb8                _kill
 .text._lseek   0x00008ec8       0x10 c:/gmd/toolchain/arm_toolchain/bin/../lib/gcc/arm-none-eabi/8.3.1/../../../../arm-none-eabi/lib/thumb/v6-m/nofp\libnosys.a(lseek.o)
                0x00008ec8                _lseek
 .text._read    0x00008ed8       0x10 c:/gmd/toolchain/arm_toolchain/bin/../lib/gcc/arm-none-eabi/8.3.1/../../../../arm-none-eabi/lib/thumb/v6-m/nofp\libnosys.a(read.o)
                0x00008ed8                _read
 .text._sbrk    0x00008ee8       0x1c c:/gmd/toolchain/arm_toolchain/bin/../lib/gcc/arm-none-eabi/8.3.1/../../../../arm-none-eabi/lib/thumb/v6-m/nofp\libnosys.a(sbrk.o)
                0x00008ee8                _sbrk
 .text._exit    0x00008f04        0x4 c:/gmd/toolchain/arm_toolchain/bin/../lib/gcc/arm-none-eabi/8.3.1/../../../../arm-none-eabi/lib/thumb/v6-m/nofp\libnosys.a(_exit.o)
                0x00008f04                _exit
 *(.init)
 .init          0x00008f08        0x4 c:/gmd/toolchain/arm_toolchain/bin/../lib/gcc/arm-none-eabi/8.3.1/thumb/v6-m/nofp/crti.o
                0x00008f08                _init
 .init          0x00008f0c        0x8 c:/gmd/toolchain/arm_toolchain/bin/../lib/gcc/arm-none-eabi/8.3.1/thumb/v6-m/nofp/crtn.o
 *(.fini)
 .fini          0x00008f14        0x4 c:/gmd/toolchain/arm_toolchain/bin/../lib/gcc/arm-none-eabi/8.3.1/thumb/v6-m/nofp/crti.o
                0x00008f14                _fini
 .fini          0x00008f18        0x8 c:/gmd/toolchain/arm_toolchain/bin/../lib/gcc/arm-none-eabi/8.3.1/thumb/v6-m/nofp/crtn.o
 *crtbegin.o(.ctors)
 *crtbegin?.o(.ctors)
 *(EXCLUDE_FILE(*crtend.o *crtend?.o) .ctors)
 *(SORT_BY_NAME(.ctors.*))
 *(.ctors)
 *crtbegin.o(.dtors)
 *crtbegin?.o(.dtors)
 *(EXCLUDE_FILE(*crtend.o *crtend?.o) .dtors)
 *(SORT_BY_NAME(.dtors.*))
 *(.dtors)
 *(.rodata*)
 .rodata.HandleCommand.str1.4
                0x00008f20        0xd ./USER/commandhandler.o
 *fill*         0x00008f2d        0x3 
 .rodata.cmd_echo.str1.4
                0x00008f30        0xd ./USER/commandhandler.o
                                 0x12 (size before relaxing)
 *fill*         0x00008f3d        0x3 
 .rodata.cmd_fclose.str1.4
                0x00008f40        0x9 ./USER/commandhandler.o
 *fill*         0x00008f49        0x3 
 .rodata.cmd_fcreate.str1.4
                0x00008f4c        0xd ./USER/commandhandler.o
 *fill*         0x00008f59        0x3 
 .rodata.cmd_fopen.str1.4
                0x00008f5c       0x7a ./USER/commandhandler.o
 *fill*         0x00008fd6        0x2 
 .rodata.cmd_read.str1.4
                0x00008fd8       0x65 ./USER/commandhandler.o
                                 0x69 (size before relaxing)
 *fill*         0x0000903d        0x3 
 .rodata.cmd_readdir.str1.4
                0x00009040        0xa ./USER/commandhandler.o
 *fill*         0x0000904a        0x2 
 .rodata.cmd_write.str1.4
                0x0000904c       0x16 ./USER/commandhandler.o
 *fill*         0x00009062        0x2 
 .rodata.tcmd   0x00009064       0x31 ./USER/commandhandler.o
                0x00009064                tcmd
 *fill*         0x00009095        0x3 
 .rodata.tcmd_cd.str1.4
                0x00009098        0xe ./USER/commandhandler.o
 *fill*         0x000090a6        0x2 
 .rodata.tcmd_copy.str1.4
                0x000090a8        0xb ./USER/commandhandler.o
 *fill*         0x000090b3        0x1 
 .rodata.tcmd_del.str1.4
                0x000090b4        0xd ./USER/commandhandler.o
 *fill*         0x000090c1        0x3 
 .rodata.tcmd_dir.str1.4
                0x000090c4       0x15 ./USER/commandhandler.o
 *fill*         0x000090d9        0x3 
 .rodata.tcmd_dump.str1.4
                0x000090dc        0x7 ./USER/commandhandler.o
                                  0xa (size before relaxing)
 *fill*         0x000090e3        0x1 
 .rodata.tcmd_info.str1.4
                0x000090e4       0x60 ./USER/commandhandler.o
 .rodata.tcmd_mkdir.str1.4
                0x00009144        0xc ./USER/commandhandler.o
 .rodata.tcmd_ver.str1.4
                0x00009150       0x24 ./USER/commandhandler.o
 .rodata.tcmd_vol.str1.4
                0x00009174       0x48 ./USER/commandhandler.o
                                 0x4c (size before relaxing)
 .rodata.tcmds  0x000091bc       0x2c ./USER/commandhandler.o
                0x000091bc                tcmds
 .rodata.main.str1.4
                0x000091e8       0x4c ./USER/main.o
                                 0x50 (size before relaxing)
 .rodata.IsZ80Snap48K.str1.4
                0x00009234       0x2d ./USER/snaps.o
 *fill*         0x00009261        0x3 
 .rodata.LoadZ80asSNA.str1.4
                0x00009264       0x84 ./USER/snaps.o
 .rodata.isZ80Sna.str1.4
                0x000092e8        0x5 ./USER/snaps.o
                                  0xd (size before relaxing)
 *fill*         0x000092ed        0x3 
 .rodata.z80_v1.str1.4
                0x000092f0       0x10 ./USER/snaps.o
 .rodata.z80_v2v3.str1.4
                0x00009300       0x17 ./USER/snaps.o
 *fill*         0x00009317        0x1 
 .rodata.ExCvt  0x00009318       0x80 ./FAT/ff.o
 .rodata.LfnOfs
                0x00009398        0xd ./FAT/ff.o
 *fill*         0x000093a5        0x3 
 .rodata.follow_path.str1.4
                0x000093a8       0x14 ./FAT/ff.o
                                 0x13 (size before relaxing)
 .rodata.ff_wtoupper
                0x000093bc       0x24 ./FAT/ffunicode.o
 .rodata.cvt1.4471
                0x000093e0      0x1f2 ./FAT/ffunicode.o
 *fill*         0x000095d2        0x2 
 .rodata.cvt2.4472
                0x000095d4       0xbc ./FAT/ffunicode.o
 .rodata.uc437  0x00009690      0x100 ./FAT/ffunicode.o
 .rodata._ctype_
                0x00009790      0x101 c:/gmd/toolchain/arm_toolchain/bin/../lib/gcc/arm-none-eabi/8.3.1/../../../../arm-none-eabi/lib/thumb/v6-m/nofp\libg_nano.a(lib_a-ctype_.o)
                0x00009790                _ctype_
 *fill*         0x00009891        0x3 
 .rodata._global_impure_ptr
                0x00009894        0x4 c:/gmd/toolchain/arm_toolchain/bin/../lib/gcc/arm-none-eabi/8.3.1/../../../../arm-none-eabi/lib/thumb/v6-m/nofp\libg_nano.a(lib_a-impure.o)
                0x00009894                _global_impure_ptr
 .rodata.__utoa.str1.1
                0x00009898       0x25 c:/gmd/toolchain/arm_toolchain/bin/../lib/gcc/arm-none-eabi/8.3.1/../../../../arm-none-eabi/lib/thumb/v6-m/nofp\libg_nano.a(lib_a-utoa.o)
 *fill*         0x000098bd        0x3 
 .rodata.__sf_fake_stderr
                0x000098c0       0x20 c:/gmd/toolchain/arm_toolchain/bin/../lib/gcc/arm-none-eabi/8.3.1/../../../../arm-none-eabi/lib/thumb/v6-m/nofp\libg_nano.a(lib_a-findfp.o)
                0x000098c0                __sf_fake_stderr
 .rodata.__sf_fake_stdin
                0x000098e0       0x20 c:/gmd/toolchain/arm_toolchain/bin/../lib/gcc/arm-none-eabi/8.3.1/../../../../arm-none-eabi/lib/thumb/v6-m/nofp\libg_nano.a(lib_a-findfp.o)
                0x000098e0                __sf_fake_stdin
 .rodata.__sf_fake_stdout
                0x00009900       0x20 c:/gmd/toolchain/arm_toolchain/bin/../lib/gcc/arm-none-eabi/8.3.1/../../../../arm-none-eabi/lib/thumb/v6-m/nofp\libg_nano.a(lib_a-findfp.o)
                0x00009900                __sf_fake_stdout
 .rodata._svfprintf_r.str1.1
                0x00009920       0x11 c:/gmd/toolchain/arm_toolchain/bin/../lib/gcc/arm-none-eabi/8.3.1/../../../../arm-none-eabi/lib/thumb/v6-m/nofp\libg_nano.a(lib_a-nano-svfprintf.o)
 .rodata._vfprintf_r.str1.1
                0x00009931       0x11 c:/gmd/toolchain/arm_toolchain/bin/../lib/gcc/arm-none-eabi/8.3.1/../../../../arm-none-eabi/lib/thumb/v6-m/nofp\libg_nano.a(lib_a-nano-vfprintf.o)
 .rodata._printf_i.str1.1
                0x00009931       0x22 c:/gmd/toolchain/arm_toolchain/bin/../lib/gcc/arm-none-eabi/8.3.1/../../../../arm-none-eabi/lib/thumb/v6-m/nofp\libg_nano.a(lib_a-nano-vfprintf_i.o)
 *(.eh_frame*)
 *fill*         0x00009953        0x1 
 .eh_frame      0x00009954        0x0 c:/gmd/toolchain/arm_toolchain/bin/../lib/gcc/arm-none-eabi/8.3.1/thumb/v6-m/nofp/crtbegin.o
 .eh_frame      0x00009954        0x4 c:/gmd/toolchain/arm_toolchain/bin/../lib/gcc/arm-none-eabi/8.3.1/thumb/v6-m/nofp/crtend.o

.glue_7         0x00009958        0x0
 .glue_7        0x00009958        0x0 linker stubs

.glue_7t        0x00009958        0x0
 .glue_7t       0x00009958        0x0 linker stubs

.vfp11_veneer   0x00009958        0x0
 .vfp11_veneer  0x00009958        0x0 linker stubs

.v4_bx          0x00009958        0x0
 .v4_bx         0x00009958        0x0 linker stubs

.iplt           0x00009958        0x0
 .iplt          0x00009958        0x0 c:/gmd/toolchain/arm_toolchain/bin/../lib/gcc/arm-none-eabi/8.3.1/thumb/v6-m/nofp/crtbegin.o

.ARM.extab      0x00009958       0x30
 *(.ARM.extab* .gnu.linkonce.armextab.*)
 .ARM.extab     0x00009958       0x24 c:/gmd/toolchain/arm_toolchain/bin/../lib/gcc/arm-none-eabi/8.3.1/thumb/v6-m/nofp\libgcc.a(unwind-arm.o)
 .ARM.extab     0x0000997c        0xc c:/gmd/toolchain/arm_toolchain/bin/../lib/gcc/arm-none-eabi/8.3.1/thumb/v6-m/nofp\libgcc.a(pr-support.o)
                0x00009988                __exidx_start = .

.ARM.exidx      0x00009988       0xd8
 *(.ARM.exidx* .gnu.linkonce.armexidx.*)
 .ARM.exidx     0x00009988        0x8 c:/gmd/toolchain/arm_toolchain/bin/../lib/gcc/arm-none-eabi/8.3.1/../../../../arm-none-eabi/lib/thumb/v6-m/nofp/crt0.o
 .ARM.exidx     0x00009990       0x10 ./STARTUP/startup_GOWIN_M1.o
 .ARM.exidx     0x000099a0       0x90 c:/gmd/toolchain/arm_toolchain/bin/../lib/gcc/arm-none-eabi/8.3.1/thumb/v6-m/nofp\libgcc.a(unwind-arm.o)
                                 0xd8 (size before relaxing)
 .ARM.exidx     0x00009a30       0x30 c:/gmd/toolchain/arm_toolchain/bin/../lib/gcc/arm-none-eabi/8.3.1/thumb/v6-m/nofp\libgcc.a(pr-support.o)
                                 0x38 (size before relaxing)
                0x00009a60                __exidx_end = .
                0x00009a60                __etext = ALIGN (0x4)

.rel.dyn        0x00009a60        0x0
 .rel.iplt      0x00009a60        0x0 c:/gmd/toolchain/arm_toolchain/bin/../lib/gcc/arm-none-eabi/8.3.1/thumb/v6-m/nofp/crtbegin.o

.data           0x20000000       0xa8 load address 0x00009a60
                0x20000000                __data_start__ = .
 *(vtable)
 *(.data*)
 .data.cmds     0x20000000       0x2c ./USER/commandhandler.o
                0x20000000                cmds
 .data.nl       0x2000002c        0x3 ./USER/commandhandler.o
                0x2000002c                nl
 *fill*         0x2000002f        0x1 
 .data.udcw     0x20000030        0x4 ./USER/main.o
                0x20000030                udcw
 .data.SystemCoreClock
                0x20000034        0x4 ./SYSTEM/system_GOWIN_M1.o
                0x20000034                SystemCoreClock
 .data.Stat     0x20000038        0x1 ./FAT/sdmm.o
 *fill*         0x20000039        0x3 
 .data._impure_ptr
                0x2000003c        0x4 c:/gmd/toolchain/arm_toolchain/bin/../lib/gcc/arm-none-eabi/8.3.1/../../../../arm-none-eabi/lib/thumb/v6-m/nofp\libg_nano.a(lib_a-impure.o)
                0x2000003c                _impure_ptr
 .data.impure_data
                0x20000040       0x60 c:/gmd/toolchain/arm_toolchain/bin/../lib/gcc/arm-none-eabi/8.3.1/../../../../arm-none-eabi/lib/thumb/v6-m/nofp\libg_nano.a(lib_a-impure.o)
                0x200000a0                . = ALIGN (0x4)
                0x200000a0                PROVIDE (__preinit_array_start = .)
 *(.preinit_array)
                0x200000a0                PROVIDE (__preinit_array_end = .)
                0x200000a0                . = ALIGN (0x4)
                0x200000a0                PROVIDE (__init_array_start = .)
 *(SORT_BY_NAME(.init_array.*))
 *(.init_array)
 .init_array    0x200000a0        0x4 c:/gmd/toolchain/arm_toolchain/bin/../lib/gcc/arm-none-eabi/8.3.1/thumb/v6-m/nofp/crtbegin.o
                0x200000a4                PROVIDE (__init_array_end = .)
                0x200000a4                . = ALIGN (0x4)
                [!provide]                PROVIDE (__fini_array_start = .)
 *(SORT_BY_NAME(.fini_array.*))
 *(.fini_array)
 .fini_array    0x200000a4        0x4 c:/gmd/toolchain/arm_toolchain/bin/../lib/gcc/arm-none-eabi/8.3.1/thumb/v6-m/nofp/crtbegin.o
                [!provide]                PROVIDE (__fini_array_end = .)
 *(.jcr*)
                0x200000a8                . = ALIGN (0x4)
                0x200000a8                __data_end__ = .

.igot.plt       0x200000a8        0x0 load address 0x00009b08
 .igot.plt      0x200000a8        0x0 c:/gmd/toolchain/arm_toolchain/bin/../lib/gcc/arm-none-eabi/8.3.1/thumb/v6-m/nofp/crtbegin.o

.bss            0x200000a8      0x9c4 load address 0x00009b08
                0x200000a8                . = ALIGN (0x4)
                0x200000a8                __bss_start__ = .
 *(.bss*)
 .bss           0x200000a8       0x1c c:/gmd/toolchain/arm_toolchain/bin/../lib/gcc/arm-none-eabi/8.3.1/thumb/v6-m/nofp/crtbegin.o
 .bss.dirOpen   0x200000c4        0x1 ./USER/commandhandler.o
                0x200000c4                dirOpen
 .bss.fileOpen  0x200000c5        0x1 ./USER/commandhandler.o
                0x200000c5                fileOpen
 *fill*         0x200000c6        0x2 
 .bss.fno.7648  0x200000c8      0x118 ./USER/commandhandler.o
 .bss.fno.7791  0x200001e0      0x118 ./USER/commandhandler.o
 .bss.snapZ80   0x200002f8        0x4 ./USER/commandhandler.o
                0x200002f8                snapZ80
 .bss.CurrVol   0x200002fc        0x1 ./FAT/ff.o
 *fill*         0x200002fd        0x3 
 .bss.FatFs     0x20000300        0x4 ./FAT/ff.o
 .bss.Fsid      0x20000304        0x2 ./FAT/ff.o
 *fill*         0x20000306        0x2 
 .bss.LfnBuf    0x20000308       0x7a ./FAT/ff.o
 .bss.CardType  0x20000382        0x1 ./FAT/sdmm.o
 *fill*         0x20000383        0x1 
 .bss.__malloc_free_list
                0x20000384        0x4 c:/gmd/toolchain/arm_toolchain/bin/../lib/gcc/arm-none-eabi/8.3.1/../../../../arm-none-eabi/lib/thumb/v6-m/nofp\libg_nano.a(lib_a-nano-mallocr.o)
                0x20000384                __malloc_free_list
 .bss.__malloc_sbrk_start
                0x20000388        0x4 c:/gmd/toolchain/arm_toolchain/bin/../lib/gcc/arm-none-eabi/8.3.1/../../../../arm-none-eabi/lib/thumb/v6-m/nofp\libg_nano.a(lib_a-nano-mallocr.o)
                0x20000388                __malloc_sbrk_start
 .bss.heap_end.4194
                0x2000038c        0x4 c:/gmd/toolchain/arm_toolchain/bin/../lib/gcc/arm-none-eabi/8.3.1/../../../../arm-none-eabi/lib/thumb/v6-m/nofp\libnosys.a(sbrk.o)
 *(COMMON)
 COMMON         0x20000390      0x6b8 ./USER/commandhandler.o
                0x20000390                FatFs
                0x200005c8                File
                0x200007f0                tmpfil
                0x20000a18                dir
 COMMON         0x20000a48       0x14 ./USER/snaps.o
                0x20000a48                pcl
                0x20000a4c                ll
                0x20000a50                pch
                0x20000a54                fo
                0x20000a58                sp
 COMMON         0x20000a5c        0x9 c:/gmd/toolchain/arm_toolchain/bin/../lib/gcc/arm-none-eabi/8.3.1/../../../../arm-none-eabi/lib/thumb/v6-m/nofp\libg_nano.a(lib_a-lock.o)
                0x20000a5c                __lock___atexit_recursive_mutex
                0x20000a5d                __lock___arc4random_mutex
                0x20000a5e                __lock___env_recursive_mutex
                0x20000a5f                __lock___sinit_recursive_mutex
                0x20000a60                __lock___malloc_recursive_mutex
                0x20000a61                __lock___at_quick_exit_mutex
                0x20000a62                __lock___dd_hash_mutex
                0x20000a63                __lock___tz_mutex
                0x20000a64                __lock___sfp_recursive_mutex
 *fill*         0x20000a65        0x3 
 COMMON         0x20000a68        0x4 c:/gmd/toolchain/arm_toolchain/bin/../lib/gcc/arm-none-eabi/8.3.1/../../../../arm-none-eabi/lib/thumb/v6-m/nofp\libg_nano.a(lib_a-reent.o)
                0x20000a68                errno
                0x20000a6c                . = ALIGN (0x4)
                0x20000a6c                __bss_end__ = .

.heap           0x20000a70      0x400
                0x20000a70                __end__ = .
                0x20000a70                PROVIDE (end = .)
 *(.heap*)
 .heap          0x20000a70      0x400 ./STARTUP/startup_GOWIN_M1.o
                0x20000a70                __HeapBase
                0x20000e70                __HeapLimit = .

.stack_dummy    0x20000a70      0x400
 *(.stack*)
 .stack         0x20000a70      0x400 ./STARTUP/startup_GOWIN_M1.o
                0x20002000                __StackTop = (ORIGIN (RAM) + LENGTH (RAM))
                0x20001c00                __StackLimit = (__StackTop - SIZEOF (.stack_dummy))
                0x20002000                PROVIDE (__stack = __StackTop)
                0x00000001                ASSERT ((__StackLimit >= __HeapLimit), region RAM overflowed with stack)
OUTPUT(cm1_zx48_ctrl.elf elf32-littlearm)

.ARM.attributes
                0x00000000       0x28
 .ARM.attributes
                0x00000000       0x1e c:/gmd/toolchain/arm_toolchain/bin/../lib/gcc/arm-none-eabi/8.3.1/thumb/v6-m/nofp/crti.o
 .ARM.attributes
                0x0000001e       0x2c c:/gmd/toolchain/arm_toolchain/bin/../lib/gcc/arm-none-eabi/8.3.1/thumb/v6-m/nofp/crtbegin.o
 .ARM.attributes
                0x0000004a       0x1b c:/gmd/toolchain/arm_toolchain/bin/../lib/gcc/arm-none-eabi/8.3.1/../../../../arm-none-eabi/lib/thumb/v6-m/nofp/crt0.o
 .ARM.attributes
                0x00000065       0x2c ./USER/GOWIN_M1_it.o
 .ARM.attributes
                0x00000091       0x2c ./USER/commandhandler.o
 .ARM.attributes
                0x000000bd       0x2c ./USER/main.o
 .ARM.attributes
                0x000000e9       0x2c ./USER/snaps.o
 .ARM.attributes
                0x00000115       0x2c ./SYSTEM/system_GOWIN_M1.o
 .ARM.attributes
                0x00000141       0x1b ./STARTUP/startup_GOWIN_M1.o
 .ARM.attributes
                0x0000015c       0x2c ./PERIPHERAL/src/GOWIN_M1_spi.o
 .ARM.attributes
                0x00000188       0x2c ./PERIPHERAL/src/GOWIN_M1_uart.o
 .ARM.attributes
                0x000001b4       0x2c ./FAT/ff.o
 .ARM.attributes
                0x000001e0       0x2c ./FAT/ffunicode.o
 .ARM.attributes
                0x0000020c       0x2c ./FAT/sdmm.o
 .ARM.attributes
                0x00000238       0x1e c:/gmd/toolchain/arm_toolchain/bin/../lib/gcc/arm-none-eabi/8.3.1/thumb/v6-m/nofp\libgcc.a(_udivsi3.o)
 .ARM.attributes
                0x00000256       0x1e c:/gmd/toolchain/arm_toolchain/bin/../lib/gcc/arm-none-eabi/8.3.1/thumb/v6-m/nofp\libgcc.a(_dvmd_tls.o)
 .ARM.attributes
                0x00000274       0x2c c:/gmd/toolchain/arm_toolchain/bin/../lib/gcc/arm-none-eabi/8.3.1/../../../../arm-none-eabi/lib/thumb/v6-m/nofp\libg_nano.a(lib_a-atoi.o)
 .ARM.attributes
                0x000002a0       0x2c c:/gmd/toolchain/arm_toolchain/bin/../lib/gcc/arm-none-eabi/8.3.1/../../../../arm-none-eabi/lib/thumb/v6-m/nofp\libg_nano.a(lib_a-ctype_.o)
 .ARM.attributes
                0x000002cc       0x2c c:/gmd/toolchain/arm_toolchain/bin/../lib/gcc/arm-none-eabi/8.3.1/../../../../arm-none-eabi/lib/thumb/v6-m/nofp\libg_nano.a(lib_a-exit.o)
 .ARM.attributes
                0x000002f8       0x2c c:/gmd/toolchain/arm_toolchain/bin/../lib/gcc/arm-none-eabi/8.3.1/../../../../arm-none-eabi/lib/thumb/v6-m/nofp\libg_nano.a(lib_a-impure.o)
 .ARM.attributes
                0x00000324       0x2c c:/gmd/toolchain/arm_toolchain/bin/../lib/gcc/arm-none-eabi/8.3.1/../../../../arm-none-eabi/lib/thumb/v6-m/nofp\libg_nano.a(lib_a-init.o)
 .ARM.attributes
                0x00000350       0x2c c:/gmd/toolchain/arm_toolchain/bin/../lib/gcc/arm-none-eabi/8.3.1/../../../../arm-none-eabi/lib/thumb/v6-m/nofp\libg_nano.a(lib_a-itoa.o)
 .ARM.attributes
                0x0000037c       0x2c c:/gmd/toolchain/arm_toolchain/bin/../lib/gcc/arm-none-eabi/8.3.1/../../../../arm-none-eabi/lib/thumb/v6-m/nofp\libg_nano.a(lib_a-memcpy-stub.o)
 .ARM.attributes
                0x000003a8       0x2c c:/gmd/toolchain/arm_toolchain/bin/../lib/gcc/arm-none-eabi/8.3.1/../../../../arm-none-eabi/lib/thumb/v6-m/nofp\libg_nano.a(lib_a-memset.o)
 .ARM.attributes
                0x000003d4       0x2c c:/gmd/toolchain/arm_toolchain/bin/../lib/gcc/arm-none-eabi/8.3.1/../../../../arm-none-eabi/lib/thumb/v6-m/nofp\libg_nano.a(lib_a-printf.o)
 .ARM.attributes
                0x00000400       0x2c c:/gmd/toolchain/arm_toolchain/bin/../lib/gcc/arm-none-eabi/8.3.1/../../../../arm-none-eabi/lib/thumb/v6-m/nofp\libg_nano.a(lib_a-puts.o)
 .ARM.attributes
                0x0000042c       0x2c c:/gmd/toolchain/arm_toolchain/bin/../lib/gcc/arm-none-eabi/8.3.1/../../../../arm-none-eabi/lib/thumb/v6-m/nofp\libg_nano.a(lib_a-sprintf.o)
 .ARM.attributes
                0x00000458       0x2c c:/gmd/toolchain/arm_toolchain/bin/../lib/gcc/arm-none-eabi/8.3.1/../../../../arm-none-eabi/lib/thumb/v6-m/nofp\libg_nano.a(lib_a-stpcpy.o)
 .ARM.attributes
                0x00000484       0x1c c:/gmd/toolchain/arm_toolchain/bin/../lib/gcc/arm-none-eabi/8.3.1/../../../../arm-none-eabi/lib/thumb/v6-m/nofp\libg_nano.a(lib_a-strcmp.o)
 .ARM.attributes
                0x000004a0       0x2c c:/gmd/toolchain/arm_toolchain/bin/../lib/gcc/arm-none-eabi/8.3.1/../../../../arm-none-eabi/lib/thumb/v6-m/nofp\libg_nano.a(lib_a-strcpy.o)
 .ARM.attributes
                0x000004cc       0x1c c:/gmd/toolchain/arm_toolchain/bin/../lib/gcc/arm-none-eabi/8.3.1/../../../../arm-none-eabi/lib/thumb/v6-m/nofp\libg_nano.a(lib_a-strlen.o)
 .ARM.attributes
                0x000004e8       0x2c c:/gmd/toolchain/arm_toolchain/bin/../lib/gcc/arm-none-eabi/8.3.1/../../../../arm-none-eabi/lib/thumb/v6-m/nofp\libg_nano.a(lib_a-strncpy.o)
 .ARM.attributes
                0x00000514       0x2c c:/gmd/toolchain/arm_toolchain/bin/../lib/gcc/arm-none-eabi/8.3.1/../../../../arm-none-eabi/lib/thumb/v6-m/nofp\libg_nano.a(lib_a-strstr.o)
 .ARM.attributes
                0x00000540       0x2c c:/gmd/toolchain/arm_toolchain/bin/../lib/gcc/arm-none-eabi/8.3.1/../../../../arm-none-eabi/lib/thumb/v6-m/nofp\libg_nano.a(lib_a-strtol.o)
 .ARM.attributes
                0x0000056c       0x2c c:/gmd/toolchain/arm_toolchain/bin/../lib/gcc/arm-none-eabi/8.3.1/../../../../arm-none-eabi/lib/thumb/v6-m/nofp\libg_nano.a(lib_a-utoa.o)
 .ARM.attributes
                0x00000598       0x2c c:/gmd/toolchain/arm_toolchain/bin/../lib/gcc/arm-none-eabi/8.3.1/../../../../arm-none-eabi/lib/thumb/v6-m/nofp\libg_nano.a(lib_a-wbuf.o)
 .ARM.attributes
                0x000005c4       0x2c c:/gmd/toolchain/arm_toolchain/bin/../lib/gcc/arm-none-eabi/8.3.1/../../../../arm-none-eabi/lib/thumb/v6-m/nofp\libg_nano.a(lib_a-wsetup.o)
 .ARM.attributes
                0x000005f0       0x2c c:/gmd/toolchain/arm_toolchain/bin/../lib/gcc/arm-none-eabi/8.3.1/../../../../arm-none-eabi/lib/thumb/v6-m/nofp\libg_nano.a(lib_a-fflush.o)
 .ARM.attributes
                0x0000061c       0x2c c:/gmd/toolchain/arm_toolchain/bin/../lib/gcc/arm-none-eabi/8.3.1/../../../../arm-none-eabi/lib/thumb/v6-m/nofp\libg_nano.a(lib_a-findfp.o)
 .ARM.attributes
                0x00000648       0x2c c:/gmd/toolchain/arm_toolchain/bin/../lib/gcc/arm-none-eabi/8.3.1/../../../../arm-none-eabi/lib/thumb/v6-m/nofp\libg_nano.a(lib_a-fwalk.o)
 .ARM.attributes
                0x00000674       0x2c c:/gmd/toolchain/arm_toolchain/bin/../lib/gcc/arm-none-eabi/8.3.1/../../../../arm-none-eabi/lib/thumb/v6-m/nofp\libg_nano.a(lib_a-lock.o)
 .ARM.attributes
                0x000006a0       0x2c c:/gmd/toolchain/arm_toolchain/bin/../lib/gcc/arm-none-eabi/8.3.1/../../../../arm-none-eabi/lib/thumb/v6-m/nofp\libg_nano.a(lib_a-makebuf.o)
 .ARM.attributes
                0x000006cc       0x2c c:/gmd/toolchain/arm_toolchain/bin/../lib/gcc/arm-none-eabi/8.3.1/../../../../arm-none-eabi/lib/thumb/v6-m/nofp\libg_nano.a(lib_a-nano-freer.o)
 .ARM.attributes
                0x000006f8       0x2c c:/gmd/toolchain/arm_toolchain/bin/../lib/gcc/arm-none-eabi/8.3.1/../../../../arm-none-eabi/lib/thumb/v6-m/nofp\libg_nano.a(lib_a-nano-mallocr.o)
 .ARM.attributes
                0x00000724       0x2c c:/gmd/toolchain/arm_toolchain/bin/../lib/gcc/arm-none-eabi/8.3.1/../../../../arm-none-eabi/lib/thumb/v6-m/nofp\libg_nano.a(lib_a-nano-svfprintf.o)
 .ARM.attributes
                0x00000750       0x2c c:/gmd/toolchain/arm_toolchain/bin/../lib/gcc/arm-none-eabi/8.3.1/../../../../arm-none-eabi/lib/thumb/v6-m/nofp\libg_nano.a(lib_a-nano-vfprintf.o)
 .ARM.attributes
                0x0000077c       0x2c c:/gmd/toolchain/arm_toolchain/bin/../lib/gcc/arm-none-eabi/8.3.1/../../../../arm-none-eabi/lib/thumb/v6-m/nofp\libg_nano.a(lib_a-nano-vfprintf_i.o)
 .ARM.attributes
                0x000007a8       0x2c c:/gmd/toolchain/arm_toolchain/bin/../lib/gcc/arm-none-eabi/8.3.1/../../../../arm-none-eabi/lib/thumb/v6-m/nofp\libg_nano.a(lib_a-reent.o)
 .ARM.attributes
                0x000007d4       0x2c c:/gmd/toolchain/arm_toolchain/bin/../lib/gcc/arm-none-eabi/8.3.1/../../../../arm-none-eabi/lib/thumb/v6-m/nofp\libg_nano.a(lib_a-sbrkr.o)
 .ARM.attributes
                0x00000800       0x2c c:/gmd/toolchain/arm_toolchain/bin/../lib/gcc/arm-none-eabi/8.3.1/../../../../arm-none-eabi/lib/thumb/v6-m/nofp\libg_nano.a(lib_a-stdio.o)
 .ARM.attributes
                0x0000082c       0x2c c:/gmd/toolchain/arm_toolchain/bin/../lib/gcc/arm-none-eabi/8.3.1/../../../../arm-none-eabi/lib/thumb/v6-m/nofp\libg_nano.a(lib_a-writer.o)
 .ARM.attributes
                0x00000858       0x2c c:/gmd/toolchain/arm_toolchain/bin/../lib/gcc/arm-none-eabi/8.3.1/../../../../arm-none-eabi/lib/thumb/v6-m/nofp\libg_nano.a(lib_a-closer.o)
 .ARM.attributes
                0x00000884       0x2c c:/gmd/toolchain/arm_toolchain/bin/../lib/gcc/arm-none-eabi/8.3.1/../../../../arm-none-eabi/lib/thumb/v6-m/nofp\libg_nano.a(lib_a-fstatr.o)
 .ARM.attributes
                0x000008b0       0x2c c:/gmd/toolchain/arm_toolchain/bin/../lib/gcc/arm-none-eabi/8.3.1/../../../../arm-none-eabi/lib/thumb/v6-m/nofp\libg_nano.a(lib_a-isattyr.o)
 .ARM.attributes
                0x000008dc       0x2c c:/gmd/toolchain/arm_toolchain/bin/../lib/gcc/arm-none-eabi/8.3.1/../../../../arm-none-eabi/lib/thumb/v6-m/nofp\libg_nano.a(lib_a-lseekr.o)
 .ARM.attributes
                0x00000908       0x2c c:/gmd/toolchain/arm_toolchain/bin/../lib/gcc/arm-none-eabi/8.3.1/../../../../arm-none-eabi/lib/thumb/v6-m/nofp\libg_nano.a(lib_a-memchr-stub.o)
 .ARM.attributes
                0x00000934       0x2c c:/gmd/toolchain/arm_toolchain/bin/../lib/gcc/arm-none-eabi/8.3.1/../../../../arm-none-eabi/lib/thumb/v6-m/nofp\libg_nano.a(lib_a-memmove.o)
 .ARM.attributes
                0x00000960       0x2c c:/gmd/toolchain/arm_toolchain/bin/../lib/gcc/arm-none-eabi/8.3.1/../../../../arm-none-eabi/lib/thumb/v6-m/nofp\libg_nano.a(lib_a-mlock.o)
 .ARM.attributes
                0x0000098c       0x2c c:/gmd/toolchain/arm_toolchain/bin/../lib/gcc/arm-none-eabi/8.3.1/../../../../arm-none-eabi/lib/thumb/v6-m/nofp\libg_nano.a(lib_a-nano-reallocr.o)
 .ARM.attributes
                0x000009b8       0x2c c:/gmd/toolchain/arm_toolchain/bin/../lib/gcc/arm-none-eabi/8.3.1/../../../../arm-none-eabi/lib/thumb/v6-m/nofp\libg_nano.a(lib_a-readr.o)
 .ARM.attributes
                0x000009e4       0x2c c:/gmd/toolchain/arm_toolchain/bin/../lib/gcc/arm-none-eabi/8.3.1/../../../../arm-none-eabi/lib/thumb/v6-m/nofp\libg_nano.a(lib_a-nano-msizer.o)
 .ARM.attributes
                0x00000a10       0x2c c:/gmd/toolchain/arm_toolchain/bin/../lib/gcc/arm-none-eabi/8.3.1/thumb/v6-m/nofp/crtend.o
 .ARM.attributes
                0x00000a3c       0x1e c:/gmd/toolchain/arm_toolchain/bin/../lib/gcc/arm-none-eabi/8.3.1/thumb/v6-m/nofp/crtn.o
 .ARM.attributes
                0x00000a5a       0x2c c:/gmd/toolchain/arm_toolchain/bin/../lib/gcc/arm-none-eabi/8.3.1/../../../../arm-none-eabi/lib/thumb/v6-m/nofp\libnosys.a(close.o)
 .ARM.attributes
                0x00000a86       0x2c c:/gmd/toolchain/arm_toolchain/bin/../lib/gcc/arm-none-eabi/8.3.1/../../../../arm-none-eabi/lib/thumb/v6-m/nofp\libnosys.a(fstat.o)
 .ARM.attributes
                0x00000ab2       0x2c c:/gmd/toolchain/arm_toolchain/bin/../lib/gcc/arm-none-eabi/8.3.1/../../../../arm-none-eabi/lib/thumb/v6-m/nofp\libnosys.a(isatty.o)
 .ARM.attributes
                0x00000ade       0x2c c:/gmd/toolchain/arm_toolchain/bin/../lib/gcc/arm-none-eabi/8.3.1/../../../../arm-none-eabi/lib/thumb/v6-m/nofp\libnosys.a(lseek.o)
 .ARM.attributes
                0x00000b0a       0x2c c:/gmd/toolchain/arm_toolchain/bin/../lib/gcc/arm-none-eabi/8.3.1/../../../../arm-none-eabi/lib/thumb/v6-m/nofp\libnosys.a(read.o)
 .ARM.attributes
                0x00000b36       0x2c c:/gmd/toolchain/arm_toolchain/bin/../lib/gcc/arm-none-eabi/8.3.1/../../../../arm-none-eabi/lib/thumb/v6-m/nofp\libnosys.a(sbrk.o)
 .ARM.attributes
                0x00000b62       0x2c c:/gmd/toolchain/arm_toolchain/bin/../lib/gcc/arm-none-eabi/8.3.1/../../../../arm-none-eabi/lib/thumb/v6-m/nofp\libnosys.a(_exit.o)

.comment        0x00000000       0x76
 .comment       0x00000000       0x76 ./USER/GOWIN_M1_it.o
                                 0x77 (size before relaxing)
 .comment       0x00000076       0x77 ./USER/commandhandler.o
 .comment       0x00000076       0x77 ./USER/main.o
 .comment       0x00000076       0x77 ./USER/snaps.o
 .comment       0x00000076       0x77 ./SYSTEM/system_GOWIN_M1.o
 .comment       0x00000076       0x77 ./PERIPHERAL/src/GOWIN_M1_spi.o
 .comment       0x00000076       0x77 ./PERIPHERAL/src/GOWIN_M1_uart.o
 .comment       0x00000076       0x77 ./FAT/ff.o
 .comment       0x00000076       0x77 ./FAT/ffunicode.o
 .comment       0x00000076       0x77 ./FAT/sdmm.o

.debug_info     0x00000000    0x15c55
 .debug_info    0x00000000      0xa7c ./USER/GOWIN_M1_it.o
 .debug_info    0x00000a7c     0x53ac ./USER/commandhandler.o
 .debug_info    0x00005e28     0x11f4 ./USER/main.o
 .debug_info    0x0000701c     0x1d50 ./USER/snaps.o
 .debug_info    0x00008d6c      0x981 ./SYSTEM/system_GOWIN_M1.o
 .debug_info    0x000096ed       0x26 ./STARTUP/startup_GOWIN_M1.o
 .debug_info    0x00009713      0xd67 ./PERIPHERAL/src/GOWIN_M1_spi.o
 .debug_info    0x0000a47a      0xf6f ./PERIPHERAL/src/GOWIN_M1_uart.o
 .debug_info    0x0000b3e9     0x7df0 ./FAT/ff.o
 .debug_info    0x000131d9      0x2b8 ./FAT/ffunicode.o
 .debug_info    0x00013491     0x27c4 ./FAT/sdmm.o

.debug_abbrev   0x00000000     0x23ee
 .debug_abbrev  0x00000000      0x21c ./USER/GOWIN_M1_it.o
 .debug_abbrev  0x0000021c      0x6c4 ./USER/commandhandler.o
 .debug_abbrev  0x000008e0      0x3d4 ./USER/main.o
 .debug_abbrev  0x00000cb4      0x459 ./USER/snaps.o
 .debug_abbrev  0x0000110d      0x1f7 ./SYSTEM/system_GOWIN_M1.o
 .debug_abbrev  0x00001304       0x14 ./STARTUP/startup_GOWIN_M1.o
 .debug_abbrev  0x00001318      0x37a ./PERIPHERAL/src/GOWIN_M1_spi.o
 .debug_abbrev  0x00001692      0x367 ./PERIPHERAL/src/GOWIN_M1_uart.o
 .debug_abbrev  0x000019f9      0x429 ./FAT/ff.o
 .debug_abbrev  0x00001e22       0xf3 ./FAT/ffunicode.o
 .debug_abbrev  0x00001f15      0x4d9 ./FAT/sdmm.o

.debug_aranges  0x00000000      0x630
 .debug_aranges
                0x00000000       0x28 ./USER/GOWIN_M1_it.o
 .debug_aranges
                0x00000028      0x178 ./USER/commandhandler.o
 .debug_aranges
                0x000001a0       0x40 ./USER/main.o
 .debug_aranges
                0x000001e0       0x50 ./USER/snaps.o
 .debug_aranges
                0x00000230       0x20 ./SYSTEM/system_GOWIN_M1.o
 .debug_aranges
                0x00000250       0x20 ./STARTUP/startup_GOWIN_M1.o
 .debug_aranges
                0x00000270       0xe0 ./PERIPHERAL/src/GOWIN_M1_spi.o
 .debug_aranges
                0x00000350       0xc0 ./PERIPHERAL/src/GOWIN_M1_uart.o
 .debug_aranges
                0x00000410      0x178 ./FAT/ff.o
 .debug_aranges
                0x00000588       0x30 ./FAT/ffunicode.o
 .debug_aranges
                0x000005b8       0x78 ./FAT/sdmm.o

.debug_ranges   0x00000000     0x2f30
 .debug_ranges  0x00000000       0x18 ./USER/GOWIN_M1_it.o
 .debug_ranges  0x00000018     0x14d8 ./USER/commandhandler.o
 .debug_ranges  0x000014f0       0x30 ./USER/main.o
 .debug_ranges  0x00001520      0x1f0 ./USER/snaps.o
 .debug_ranges  0x00001710       0x10 ./SYSTEM/system_GOWIN_M1.o
 .debug_ranges  0x00001720       0xd0 ./PERIPHERAL/src/GOWIN_M1_spi.o
 .debug_ranges  0x000017f0       0xd0 ./PERIPHERAL/src/GOWIN_M1_uart.o
 .debug_ranges  0x000018c0     0x12d8 ./FAT/ff.o
 .debug_ranges  0x00002b98       0x20 ./FAT/ffunicode.o
 .debug_ranges  0x00002bb8      0x378 ./FAT/sdmm.o

.debug_macro    0x00000000     0x562e
 .debug_macro   0x00000000      0x2e7 ./USER/GOWIN_M1_it.o
 .debug_macro   0x000002e7      0xa5a ./USER/GOWIN_M1_it.o
 .debug_macro   0x00000d41       0x2d ./USER/GOWIN_M1_it.o
 .debug_macro   0x00000d6e       0x22 ./USER/GOWIN_M1_it.o
 .debug_macro   0x00000d90       0x8e ./USER/GOWIN_M1_it.o
 .debug_macro   0x00000e1e       0x51 ./USER/GOWIN_M1_it.o
 .debug_macro   0x00000e6f      0x103 ./USER/GOWIN_M1_it.o
 .debug_macro   0x00000f72       0x6a ./USER/GOWIN_M1_it.o
 .debug_macro   0x00000fdc      0x1df ./USER/GOWIN_M1_it.o
 .debug_macro   0x000011bb       0x1c ./USER/GOWIN_M1_it.o
 .debug_macro   0x000011d7       0x22 ./USER/GOWIN_M1_it.o
 .debug_macro   0x000011f9       0xb5 ./USER/GOWIN_M1_it.o
 .debug_macro   0x000012ae      0x3b4 ./USER/GOWIN_M1_it.o
 .debug_macro   0x00001662      0x353 ./USER/GOWIN_M1_it.o
 .debug_macro   0x000019b5       0x76 ./USER/GOWIN_M1_it.o
 .debug_macro   0x00001a2b       0x3a ./USER/GOWIN_M1_it.o
 .debug_macro   0x00001a65       0x22 ./USER/GOWIN_M1_it.o
 .debug_macro   0x00001a87       0x40 ./USER/GOWIN_M1_it.o
 .debug_macro   0x00001ac7       0x22 ./USER/GOWIN_M1_it.o
 .debug_macro   0x00001ae9       0x58 ./USER/GOWIN_M1_it.o
 .debug_macro   0x00001b41       0xd0 ./USER/GOWIN_M1_it.o
 .debug_macro   0x00001c11       0x5e ./USER/GOWIN_M1_it.o
 .debug_macro   0x00001c6f       0x18 ./USER/GOWIN_M1_it.o
 .debug_macro   0x00001c87       0x35 ./USER/GOWIN_M1_it.o
 .debug_macro   0x00001cbc       0x34 ./USER/GOWIN_M1_it.o
 .debug_macro   0x00001cf0       0x16 ./USER/GOWIN_M1_it.o
 .debug_macro   0x00001d06       0x97 ./USER/GOWIN_M1_it.o
 .debug_macro   0x00001d9d      0x333 ./USER/GOWIN_M1_it.o
 .debug_macro   0x000020d0       0xfd ./USER/GOWIN_M1_it.o
 .debug_macro   0x000021cd       0x10 ./USER/GOWIN_M1_it.o
 .debug_macro   0x000021dd       0x16 ./USER/GOWIN_M1_it.o
 .debug_macro   0x000021f3       0x43 ./USER/GOWIN_M1_it.o
 .debug_macro   0x00002236       0x34 ./USER/GOWIN_M1_it.o
 .debug_macro   0x0000226a       0x10 ./USER/GOWIN_M1_it.o
 .debug_macro   0x0000227a       0x58 ./USER/GOWIN_M1_it.o
 .debug_macro   0x000022d2      0x182 ./USER/GOWIN_M1_it.o
 .debug_macro   0x00002454       0x10 ./USER/GOWIN_M1_it.o
 .debug_macro   0x00002464       0x1c ./USER/GOWIN_M1_it.o
 .debug_macro   0x00002480       0x52 ./USER/GOWIN_M1_it.o
 .debug_macro   0x000024d2       0x40 ./USER/GOWIN_M1_it.o
 .debug_macro   0x00002512       0x10 ./USER/GOWIN_M1_it.o
 .debug_macro   0x00002522       0x40 ./USER/GOWIN_M1_it.o
 .debug_macro   0x00002562       0xd5 ./USER/GOWIN_M1_it.o
 .debug_macro   0x00002637       0x1c ./USER/GOWIN_M1_it.o
 .debug_macro   0x00002653       0x3d ./USER/GOWIN_M1_it.o
 .debug_macro   0x00002690       0x16 ./USER/GOWIN_M1_it.o
 .debug_macro   0x000026a6      0x16f ./USER/GOWIN_M1_it.o
 .debug_macro   0x00002815      0x119 ./USER/GOWIN_M1_it.o
 .debug_macro   0x0000292e       0x88 ./USER/GOWIN_M1_it.o
 .debug_macro   0x000029b6       0x22 ./USER/GOWIN_M1_it.o
 .debug_macro   0x000029d8      0x10c ./USER/GOWIN_M1_it.o
 .debug_macro   0x00002ae4       0x76 ./USER/GOWIN_M1_it.o
 .debug_macro   0x00002b5a       0x70 ./USER/GOWIN_M1_it.o
 .debug_macro   0x00002bca       0x22 ./USER/GOWIN_M1_it.o
 .debug_macro   0x00002bec       0x28 ./USER/GOWIN_M1_it.o
 .debug_macro   0x00002c14       0x34 ./USER/GOWIN_M1_it.o
 .debug_macro   0x00002c48      0x351 ./USER/commandhandler.o
 .debug_macro   0x00002f99       0x58 ./USER/commandhandler.o
 .debug_macro   0x00002ff1       0x94 ./USER/commandhandler.o
 .debug_macro   0x00003085       0x57 ./USER/commandhandler.o
 .debug_macro   0x000030dc      0x339 ./USER/commandhandler.o
 .debug_macro   0x00003415       0xaf ./USER/commandhandler.o
 .debug_macro   0x000034c4       0x8e ./USER/commandhandler.o
 .debug_macro   0x00003552       0x16 ./USER/commandhandler.o
 .debug_macro   0x00003568       0x35 ./USER/commandhandler.o
 .debug_macro   0x0000359d       0x16 ./USER/commandhandler.o
 .debug_macro   0x000035b3       0x29 ./USER/commandhandler.o
 .debug_macro   0x000035dc       0x16 ./USER/commandhandler.o
 .debug_macro   0x000035f2       0xf8 ./USER/commandhandler.o
 .debug_macro   0x000036ea       0xee ./USER/commandhandler.o
 .debug_macro   0x000037d8       0xa0 ./USER/commandhandler.o
 .debug_macro   0x00003878      0x359 ./USER/main.o
 .debug_macro   0x00003bd1      0x34c ./USER/snaps.o
 .debug_macro   0x00003f1d       0xe8 ./USER/snaps.o
 .debug_macro   0x00004005      0x11f ./USER/snaps.o
 .debug_macro   0x00004124      0x2e3 ./SYSTEM/system_GOWIN_M1.o
 .debug_macro   0x00004407      0x2e7 ./PERIPHERAL/src/GOWIN_M1_spi.o
 .debug_macro   0x000046ee       0xca ./PERIPHERAL/src/GOWIN_M1_spi.o
 .debug_macro   0x000047b8      0x2e7 ./PERIPHERAL/src/GOWIN_M1_uart.o
 .debug_macro   0x00004a9f       0x34 ./PERIPHERAL/src/GOWIN_M1_uart.o
 .debug_macro   0x00004ad3      0x535 ./FAT/ff.o
 .debug_macro   0x00005008       0xef ./FAT/ff.o
 .debug_macro   0x000050f7       0xc4 ./FAT/ff.o
 .debug_macro   0x000051bb       0x58 ./FAT/ff.o
 .debug_macro   0x00005213       0x8d ./FAT/ffunicode.o
 .debug_macro   0x000052a0      0x38e ./FAT/sdmm.o

.debug_line     0x00000000    0x10bf9
 .debug_line    0x00000000      0x56c ./USER/GOWIN_M1_it.o
 .debug_line    0x0000056c     0x374d ./USER/commandhandler.o
 .debug_line    0x00003cb9      0x718 ./USER/main.o
 .debug_line    0x000043d1      0xf4a ./USER/snaps.o
 .debug_line    0x0000531b      0x562 ./SYSTEM/system_GOWIN_M1.o
 .debug_line    0x0000587d       0x6f ./STARTUP/startup_GOWIN_M1.o
 .debug_line    0x000058ec      0x9de ./PERIPHERAL/src/GOWIN_M1_spi.o
 .debug_line    0x000062ca      0x951 ./PERIPHERAL/src/GOWIN_M1_uart.o
 .debug_line    0x00006c1b     0x880a ./FAT/ff.o
 .debug_line    0x0000f425      0x431 ./FAT/ffunicode.o
 .debug_line    0x0000f856     0x13a3 ./FAT/sdmm.o

.debug_str      0x00000000    0x120e7
 .debug_str     0x00000000     0xcbb1 ./USER/GOWIN_M1_it.o
                               0xce14 (size before relaxing)
 .debug_str     0x0000cbb1      0xdce ./USER/commandhandler.o
                               0xda3e (size before relaxing)
 .debug_str     0x0000d97f      0x18a ./USER/main.o
                               0xd826 (size before relaxing)
 .debug_str     0x0000db09       0xcb ./USER/snaps.o
                               0xd59d (size before relaxing)
 .debug_str     0x0000dbd4       0x4b ./SYSTEM/system_GOWIN_M1.o
                               0xcc62 (size before relaxing)
 .debug_str     0x0000dc1f       0x2c ./STARTUP/startup_GOWIN_M1.o
                                 0x51 (size before relaxing)
 .debug_str     0x0000dc4b      0x245 ./PERIPHERAL/src/GOWIN_M1_spi.o
                               0xce74 (size before relaxing)
 .debug_str     0x0000de90      0x1de ./PERIPHERAL/src/GOWIN_M1_uart.o
                               0xcf59 (size before relaxing)
 .debug_str     0x0000e06e     0x3e1e ./FAT/ff.o
                               0x82bd (size before relaxing)
 .debug_str     0x00011e8c       0x54 ./FAT/ffunicode.o
                               0x414b (size before relaxing)
 .debug_str     0x00011ee0      0x207 ./FAT/sdmm.o
                               0xd63d (size before relaxing)

.debug_frame    0x00000000     0x20ac
 .debug_frame   0x00000000      0x210 ./USER/GOWIN_M1_it.o
 .debug_frame   0x00000210      0x528 ./USER/commandhandler.o
 .debug_frame   0x00000738       0x88 ./USER/main.o
 .debug_frame   0x000007c0       0xf8 ./USER/snaps.o
 .debug_frame   0x000008b8       0x30 ./SYSTEM/system_GOWIN_M1.o
 .debug_frame   0x000008e8      0x1a0 ./PERIPHERAL/src/GOWIN_M1_spi.o
 .debug_frame   0x00000a88      0x170 ./PERIPHERAL/src/GOWIN_M1_uart.o
 .debug_frame   0x00000bf8      0x63c ./FAT/ff.o
 .debug_frame   0x00001234       0x50 ./FAT/ffunicode.o
 .debug_frame   0x00001284      0x16c ./FAT/sdmm.o
 .debug_frame   0x000013f0       0x20 c:/gmd/toolchain/arm_toolchain/bin/../lib/gcc/arm-none-eabi/8.3.1/thumb/v6-m/nofp\libgcc.a(_udivsi3.o)
 .debug_frame   0x00001410       0x40 c:/gmd/toolchain/arm_toolchain/bin/../lib/gcc/arm-none-eabi/8.3.1/../../../../arm-none-eabi/lib/thumb/v6-m/nofp\libg_nano.a(lib_a-atoi.o)
 .debug_frame   0x00001450       0x28 c:/gmd/toolchain/arm_toolchain/bin/../lib/gcc/arm-none-eabi/8.3.1/../../../../arm-none-eabi/lib/thumb/v6-m/nofp\libg_nano.a(lib_a-exit.o)
 .debug_frame   0x00001478       0x2c c:/gmd/toolchain/arm_toolchain/bin/../lib/gcc/arm-none-eabi/8.3.1/../../../../arm-none-eabi/lib/thumb/v6-m/nofp\libg_nano.a(lib_a-init.o)
 .debug_frame   0x000014a4       0x40 c:/gmd/toolchain/arm_toolchain/bin/../lib/gcc/arm-none-eabi/8.3.1/../../../../arm-none-eabi/lib/thumb/v6-m/nofp\libg_nano.a(lib_a-itoa.o)
 .debug_frame   0x000014e4       0x28 c:/gmd/toolchain/arm_toolchain/bin/../lib/gcc/arm-none-eabi/8.3.1/../../../../arm-none-eabi/lib/thumb/v6-m/nofp\libg_nano.a(lib_a-memcpy-stub.o)
 .debug_frame   0x0000150c       0x20 c:/gmd/toolchain/arm_toolchain/bin/../lib/gcc/arm-none-eabi/8.3.1/../../../../arm-none-eabi/lib/thumb/v6-m/nofp\libg_nano.a(lib_a-memset.o)
 .debug_frame   0x0000152c       0x50 c:/gmd/toolchain/arm_toolchain/bin/../lib/gcc/arm-none-eabi/8.3.1/../../../../arm-none-eabi/lib/thumb/v6-m/nofp\libg_nano.a(lib_a-printf.o)
 .debug_frame   0x0000157c       0x44 c:/gmd/toolchain/arm_toolchain/bin/../lib/gcc/arm-none-eabi/8.3.1/../../../../arm-none-eabi/lib/thumb/v6-m/nofp\libg_nano.a(lib_a-puts.o)
 .debug_frame   0x000015c0       0x48 c:/gmd/toolchain/arm_toolchain/bin/../lib/gcc/arm-none-eabi/8.3.1/../../../../arm-none-eabi/lib/thumb/v6-m/nofp\libg_nano.a(lib_a-sprintf.o)
 .debug_frame   0x00001608       0x20 c:/gmd/toolchain/arm_toolchain/bin/../lib/gcc/arm-none-eabi/8.3.1/../../../../arm-none-eabi/lib/thumb/v6-m/nofp\libg_nano.a(lib_a-stpcpy.o)
 .debug_frame   0x00001628       0x20 c:/gmd/toolchain/arm_toolchain/bin/../lib/gcc/arm-none-eabi/8.3.1/../../../../arm-none-eabi/lib/thumb/v6-m/nofp\libg_nano.a(lib_a-strcmp.o)
 .debug_frame   0x00001648       0x20 c:/gmd/toolchain/arm_toolchain/bin/../lib/gcc/arm-none-eabi/8.3.1/../../../../arm-none-eabi/lib/thumb/v6-m/nofp\libg_nano.a(lib_a-strcpy.o)
 .debug_frame   0x00001668       0x2c c:/gmd/toolchain/arm_toolchain/bin/../lib/gcc/arm-none-eabi/8.3.1/../../../../arm-none-eabi/lib/thumb/v6-m/nofp\libg_nano.a(lib_a-strncpy.o)
 .debug_frame   0x00001694       0x2c c:/gmd/toolchain/arm_toolchain/bin/../lib/gcc/arm-none-eabi/8.3.1/../../../../arm-none-eabi/lib/thumb/v6-m/nofp\libg_nano.a(lib_a-strstr.o)
 .debug_frame   0x000016c0       0x78 c:/gmd/toolchain/arm_toolchain/bin/../lib/gcc/arm-none-eabi/8.3.1/../../../../arm-none-eabi/lib/thumb/v6-m/nofp\libg_nano.a(lib_a-strtol.o)
 .debug_frame   0x00001738       0x48 c:/gmd/toolchain/arm_toolchain/bin/../lib/gcc/arm-none-eabi/8.3.1/../../../../arm-none-eabi/lib/thumb/v6-m/nofp\libg_nano.a(lib_a-utoa.o)
 .debug_frame   0x00001780       0x48 c:/gmd/toolchain/arm_toolchain/bin/../lib/gcc/arm-none-eabi/8.3.1/../../../../arm-none-eabi/lib/thumb/v6-m/nofp\libg_nano.a(lib_a-wbuf.o)
 .debug_frame   0x000017c8       0x2c c:/gmd/toolchain/arm_toolchain/bin/../lib/gcc/arm-none-eabi/8.3.1/../../../../arm-none-eabi/lib/thumb/v6-m/nofp\libg_nano.a(lib_a-wsetup.o)
 .debug_frame   0x000017f4       0x68 c:/gmd/toolchain/arm_toolchain/bin/../lib/gcc/arm-none-eabi/8.3.1/../../../../arm-none-eabi/lib/thumb/v6-m/nofp\libg_nano.a(lib_a-fflush.o)
 .debug_frame   0x0000185c      0x170 c:/gmd/toolchain/arm_toolchain/bin/../lib/gcc/arm-none-eabi/8.3.1/../../../../arm-none-eabi/lib/thumb/v6-m/nofp\libg_nano.a(lib_a-findfp.o)
 .debug_frame   0x000019cc       0x58 c:/gmd/toolchain/arm_toolchain/bin/../lib/gcc/arm-none-eabi/8.3.1/../../../../arm-none-eabi/lib/thumb/v6-m/nofp\libg_nano.a(lib_a-fwalk.o)
 .debug_frame   0x00001a24       0xb0 c:/gmd/toolchain/arm_toolchain/bin/../lib/gcc/arm-none-eabi/8.3.1/../../../../arm-none-eabi/lib/thumb/v6-m/nofp\libg_nano.a(lib_a-lock.o)
 .debug_frame   0x00001ad4       0x54 c:/gmd/toolchain/arm_toolchain/bin/../lib/gcc/arm-none-eabi/8.3.1/../../../../arm-none-eabi/lib/thumb/v6-m/nofp\libg_nano.a(lib_a-makebuf.o)
 .debug_frame   0x00001b28       0x2c c:/gmd/toolchain/arm_toolchain/bin/../lib/gcc/arm-none-eabi/8.3.1/../../../../arm-none-eabi/lib/thumb/v6-m/nofp\libg_nano.a(lib_a-nano-freer.o)
 .debug_frame   0x00001b54       0x30 c:/gmd/toolchain/arm_toolchain/bin/../lib/gcc/arm-none-eabi/8.3.1/../../../../arm-none-eabi/lib/thumb/v6-m/nofp\libg_nano.a(lib_a-nano-mallocr.o)
 .debug_frame   0x00001b84       0x74 c:/gmd/toolchain/arm_toolchain/bin/../lib/gcc/arm-none-eabi/8.3.1/../../../../arm-none-eabi/lib/thumb/v6-m/nofp\libg_nano.a(lib_a-nano-svfprintf.o)
 .debug_frame   0x00001bf8       0x9c c:/gmd/toolchain/arm_toolchain/bin/../lib/gcc/arm-none-eabi/8.3.1/../../../../arm-none-eabi/lib/thumb/v6-m/nofp\libg_nano.a(lib_a-nano-vfprintf.o)
 .debug_frame   0x00001c94       0x54 c:/gmd/toolchain/arm_toolchain/bin/../lib/gcc/arm-none-eabi/8.3.1/../../../../arm-none-eabi/lib/thumb/v6-m/nofp\libg_nano.a(lib_a-nano-vfprintf_i.o)
 .debug_frame   0x00001ce8       0x48 c:/gmd/toolchain/arm_toolchain/bin/../lib/gcc/arm-none-eabi/8.3.1/../../../../arm-none-eabi/lib/thumb/v6-m/nofp\libg_nano.a(lib_a-reent.o)
 .debug_frame   0x00001d30       0x2c c:/gmd/toolchain/arm_toolchain/bin/../lib/gcc/arm-none-eabi/8.3.1/../../../../arm-none-eabi/lib/thumb/v6-m/nofp\libg_nano.a(lib_a-sbrkr.o)
 .debug_frame   0x00001d5c       0x90 c:/gmd/toolchain/arm_toolchain/bin/../lib/gcc/arm-none-eabi/8.3.1/../../../../arm-none-eabi/lib/thumb/v6-m/nofp\libg_nano.a(lib_a-stdio.o)
 .debug_frame   0x00001dec       0x2c c:/gmd/toolchain/arm_toolchain/bin/../lib/gcc/arm-none-eabi/8.3.1/../../../../arm-none-eabi/lib/thumb/v6-m/nofp\libg_nano.a(lib_a-writer.o)
 .debug_frame   0x00001e18       0x2c c:/gmd/toolchain/arm_toolchain/bin/../lib/gcc/arm-none-eabi/8.3.1/../../../../arm-none-eabi/lib/thumb/v6-m/nofp\libg_nano.a(lib_a-closer.o)
 .debug_frame   0x00001e44       0x2c c:/gmd/toolchain/arm_toolchain/bin/../lib/gcc/arm-none-eabi/8.3.1/../../../../arm-none-eabi/lib/thumb/v6-m/nofp\libg_nano.a(lib_a-fstatr.o)
 .debug_frame   0x00001e70       0x2c c:/gmd/toolchain/arm_toolchain/bin/../lib/gcc/arm-none-eabi/8.3.1/../../../../arm-none-eabi/lib/thumb/v6-m/nofp\libg_nano.a(lib_a-isattyr.o)
 .debug_frame   0x00001e9c       0x2c c:/gmd/toolchain/arm_toolchain/bin/../lib/gcc/arm-none-eabi/8.3.1/../../../../arm-none-eabi/lib/thumb/v6-m/nofp\libg_nano.a(lib_a-lseekr.o)
 .debug_frame   0x00001ec8       0x20 c:/gmd/toolchain/arm_toolchain/bin/../lib/gcc/arm-none-eabi/8.3.1/../../../../arm-none-eabi/lib/thumb/v6-m/nofp\libg_nano.a(lib_a-memchr-stub.o)
 .debug_frame   0x00001ee8       0x28 c:/gmd/toolchain/arm_toolchain/bin/../lib/gcc/arm-none-eabi/8.3.1/../../../../arm-none-eabi/lib/thumb/v6-m/nofp\libg_nano.a(lib_a-memmove.o)
 .debug_frame   0x00001f10       0x40 c:/gmd/toolchain/arm_toolchain/bin/../lib/gcc/arm-none-eabi/8.3.1/../../../../arm-none-eabi/lib/thumb/v6-m/nofp\libg_nano.a(lib_a-mlock.o)
 .debug_frame   0x00001f50       0x30 c:/gmd/toolchain/arm_toolchain/bin/../lib/gcc/arm-none-eabi/8.3.1/../../../../arm-none-eabi/lib/thumb/v6-m/nofp\libg_nano.a(lib_a-nano-reallocr.o)
 .debug_frame   0x00001f80       0x2c c:/gmd/toolchain/arm_toolchain/bin/../lib/gcc/arm-none-eabi/8.3.1/../../../../arm-none-eabi/lib/thumb/v6-m/nofp\libg_nano.a(lib_a-readr.o)
 .debug_frame   0x00001fac       0x20 c:/gmd/toolchain/arm_toolchain/bin/../lib/gcc/arm-none-eabi/8.3.1/../../../../arm-none-eabi/lib/thumb/v6-m/nofp\libg_nano.a(lib_a-nano-msizer.o)
 .debug_frame   0x00001fcc       0x20 c:/gmd/toolchain/arm_toolchain/bin/../lib/gcc/arm-none-eabi/8.3.1/../../../../arm-none-eabi/lib/thumb/v6-m/nofp\libnosys.a(close.o)
 .debug_frame   0x00001fec       0x20 c:/gmd/toolchain/arm_toolchain/bin/../lib/gcc/arm-none-eabi/8.3.1/../../../../arm-none-eabi/lib/thumb/v6-m/nofp\libnosys.a(fstat.o)
 .debug_frame   0x0000200c       0x20 c:/gmd/toolchain/arm_toolchain/bin/../lib/gcc/arm-none-eabi/8.3.1/../../../../arm-none-eabi/lib/thumb/v6-m/nofp\libnosys.a(isatty.o)
 .debug_frame   0x0000202c       0x20 c:/gmd/toolchain/arm_toolchain/bin/../lib/gcc/arm-none-eabi/8.3.1/../../../../arm-none-eabi/lib/thumb/v6-m/nofp\libnosys.a(lseek.o)
 .debug_frame   0x0000204c       0x20 c:/gmd/toolchain/arm_toolchain/bin/../lib/gcc/arm-none-eabi/8.3.1/../../../../arm-none-eabi/lib/thumb/v6-m/nofp\libnosys.a(read.o)
 .debug_frame   0x0000206c       0x20 c:/gmd/toolchain/arm_toolchain/bin/../lib/gcc/arm-none-eabi/8.3.1/../../../../arm-none-eabi/lib/thumb/v6-m/nofp\libnosys.a(sbrk.o)
 .debug_frame   0x0000208c       0x20 c:/gmd/toolchain/arm_toolchain/bin/../lib/gcc/arm-none-eabi/8.3.1/../../../../arm-none-eabi/lib/thumb/v6-m/nofp\libnosys.a(_exit.o)

.debug_loc      0x00000000    0x18e18
 .debug_loc     0x00000000     0x3ccd ./USER/commandhandler.o
 .debug_loc     0x00003ccd      0x124 ./USER/main.o
 .debug_loc     0x00003df1     0x113d ./USER/snaps.o
 .debug_loc     0x00004f2e       0xc2 ./PERIPHERAL/src/GOWIN_M1_spi.o
 .debug_loc     0x00004ff0      0x2a8 ./PERIPHERAL/src/GOWIN_M1_uart.o
 .debug_loc     0x00005298    0x11fa9 ./FAT/ff.o
 .debug_loc     0x00017241      0x3fc ./FAT/ffunicode.o
 .debug_loc     0x0001763d     0x17db ./FAT/sdmm.o

.stab           0x00000000       0x84
 .stab          0x00000000       0x24 c:/gmd/toolchain/arm_toolchain/bin/../lib/gcc/arm-none-eabi/8.3.1/../../../../arm-none-eabi/lib/thumb/v6-m/nofp\libnosys.a(close.o)
 .stab          0x00000024       0x18 c:/gmd/toolchain/arm_toolchain/bin/../lib/gcc/arm-none-eabi/8.3.1/../../../../arm-none-eabi/lib/thumb/v6-m/nofp\libnosys.a(fstat.o)
                                 0x24 (size before relaxing)
 .stab          0x0000003c       0x18 c:/gmd/toolchain/arm_toolchain/bin/../lib/gcc/arm-none-eabi/8.3.1/../../../../arm-none-eabi/lib/thumb/v6-m/nofp\libnosys.a(isatty.o)
                                 0x24 (size before relaxing)
 .stab          0x00000054       0x18 c:/gmd/toolchain/arm_toolchain/bin/../lib/gcc/arm-none-eabi/8.3.1/../../../../arm-none-eabi/lib/thumb/v6-m/nofp\libnosys.a(lseek.o)
                                 0x24 (size before relaxing)
 .stab          0x0000006c       0x18 c:/gmd/toolchain/arm_toolchain/bin/../lib/gcc/arm-none-eabi/8.3.1/../../../../arm-none-eabi/lib/thumb/v6-m/nofp\libnosys.a(read.o)
                                 0x24 (size before relaxing)

.stabstr        0x00000000      0x183
 .stabstr       0x00000000      0x183 c:/gmd/toolchain/arm_toolchain/bin/../lib/gcc/arm-none-eabi/8.3.1/../../../../arm-none-eabi/lib/thumb/v6-m/nofp\libnosys.a(close.o)
